ARM Linker, 4.1 [Build 894] [Standard]

==============================================================================

Section Cross References

    startup_stm32f10x_hd.o(RESET) refers to startup_stm32f10x_hd.o(STACK) for __initial_sp
    startup_stm32f10x_hd.o(RESET) refers to startup_stm32f10x_hd.o(.text) for Reset_Handler
    startup_stm32f10x_hd.o(RESET) refers to stm32f10x_it.o(.text) for NMI_Handler
    startup_stm32f10x_hd.o(.text) refers to system_stm32f10x.o(.text) for SystemInit
    startup_stm32f10x_hd.o(.text) refers to entry.o(.ARM.Collect$$$$00000000) for __main
    bsp_test.o(.text) refers to usart1.o(.text) for USART1_Config
    bsp_test.o(.text) refers to sdio_sdcard.o(.text) for NVIC_Configuration
    bsp_test.o(.text) refers to printf2.o(i.__0printf$2) for __2printf
    bsp_test.o(.text) refers to ff.o(.text) for f_mount
    bsp_test.o(.text) refers to bsp_test.o(.bss) for .bss
    bsp_test.o(.text) refers to bsp_test.o(.data) for .data
    sdio_sdcard.o(.text) refers to stm32f10x_sdio.o(.text) for SDIO_ClockCmd
    sdio_sdcard.o(.text) refers to stm32f10x_rcc.o(.text) for RCC_AHBPeriphClockCmd
    sdio_sdcard.o(.text) refers to stm32f10x_gpio.o(.text) for GPIO_Init
    sdio_sdcard.o(.text) refers to misc.o(.text) for NVIC_PriorityGroupConfig
    sdio_sdcard.o(.text) refers to stm32f10x_dma.o(.text) for DMA_ClearFlag
    sdio_sdcard.o(.text) refers to sdio_sdcard.o(.bss) for .bss
    sdio_sdcard.o(.text) refers to sdio_sdcard.o(.data) for .data
    usart1.o(.text) refers to stm32f10x_rcc.o(.text) for RCC_APB2PeriphClockCmd
    usart1.o(.text) refers to stm32f10x_gpio.o(.text) for GPIO_Init
    usart1.o(.text) refers to stm32f10x_usart.o(.text) for USART_Init
    fsmc_sram.o(.text) refers to stm32f10x_rcc.o(.text) for RCC_AHBPeriphClockCmd
    fsmc_sram.o(.text) refers to stm32f10x_gpio.o(.text) for GPIO_Init
    fsmc_sram.o(.text) refers to stm32f10x_fsmc.o(.text) for FSMC_NORSRAMInit
    lcd_bottom.o(.text) refers to system_stm32f10x.o(.text) for SystemInit
    lcd_dis24.o(.text) refers to fsmc_sram.o(.text) for FSMC_LCD_Init
    lcd_dis24.o(.text) refers to stm32f10x_gpio.o(.text) for GPIO_ResetBits
    lcd_dis24.o(.text) refers to lcd_bottom.o(.text) for Delay
    lcd_dis24.o(.text) refers to lcd_dis24.o(.data) for .data
    lcd_dis24.o(.text) refers to pic.o(.constdata) for zm1
    lcd_dis24.o(.text) refers to pic.o(.constdata) for zm2
    lcd_dis24.o(.text) refers to pic.o(.constdata) for zm3
    lcd_dis24.o(.text) refers to pic.o(.constdata) for zm4
    lcd_dis24.o(.text) refers to pic.o(.constdata) for zm5
    lcd_dis24.o(.text) refers to pic.o(.constdata) for zm6
    lcd_dis24.o(.text) refers to pic.o(.constdata) for zm7
    lcd_dis24.o(.text) refers to pic.o(.constdata) for zm8
    lcd_dis24.o(.text) refers to pic.o(.constdata) for zm9
    lcd_dis24.o(.text) refers to pic.o(.constdata) for zm0
    lcd_dis24.o(.text) refers to pic.o(.constdata) for zf3
    main.o(.text) refers to bsp_test.o(.text) for test_config
    main.o(.text) refers to lcd_bottom.o(.text) for RCC_Configuration
    main.o(.text) refers to lcd_dis24.o(.text) for LCD_Init
    stm32f10x_it.o(.text) refers to sdio_sdcard.o(.text) for SD_ProcessIRQSrc
    stm32f10x_gpio.o(.text) refers to stm32f10x_rcc.o(.text) for RCC_APB2PeriphResetCmd
    stm32f10x_rcc.o(.text) refers to stm32f10x_rcc.o(.data) for .data
    stm32f10x_usart.o(.text) refers to stm32f10x_rcc.o(.text) for RCC_APB2PeriphResetCmd
    system_stm32f10x.o(.text) refers to system_stm32f10x.o(.data) for .data
    cc936.o(.text) refers to cc936.o(.constdata) for .constdata
    diskio.o(.text) refers to sdio_sdcard.o(.text) for SD_Init
    ff.o(.text) refers to diskio.o(.text) for disk_write
    ff.o(.text) refers to cc936.o(.text) for ff_wtoupper
    ff.o(.text) refers to ff.o(.constdata) for .constdata
    ff.o(.text) refers to ff.o(.data) for .data
    entry.o(.ARM.Collect$$$$00000000) refers (Special) to entry7.o(.ARM.Collect$$$$00000007) for _main_init
    entry.o(.ARM.Collect$$$$00000000) refers (Special) to entry5.o(.ARM.Collect$$$$00000004) for _main_scatterload
    entry.o(.ARM.Collect$$$$00000000) refers (Special) to entry2.o(.ARM.Collect$$$$00000001) for _main_stk
    printfb.o(i.__0fprintf$bare) refers to printfb.o(i._printf_core) for _printf_core
    printfb.o(i.__0fprintf$bare) refers to usart1.o(.text) for fputc
    printfb.o(i.__0printf$bare) refers to printfb.o(i._printf_core) for _printf_core
    printfb.o(i.__0printf$bare) refers to usart1.o(.text) for fputc
    printfb.o(i.__0printf$bare) refers to stdout.o(.data) for __stdout
    printfb.o(i.__0snprintf$bare) refers to printfb.o(i._printf_core) for _printf_core
    printfb.o(i.__0snprintf$bare) refers to printfb.o(i._snputc) for _snputc
    printfb.o(i.__0sprintf$bare) refers to printfb.o(i._printf_core) for _printf_core
    printfb.o(i.__0sprintf$bare) refers to printfb.o(i._sputc) for _sputc
    printfb.o(i.__0vfprintf$bare) refers to printfb.o(i._printf_core) for _printf_core
    printfb.o(i.__0vfprintf$bare) refers to usart1.o(.text) for fputc
    printfb.o(i.__0vprintf$bare) refers to printfb.o(i._printf_core) for _printf_core
    printfb.o(i.__0vprintf$bare) refers to usart1.o(.text) for fputc
    printfb.o(i.__0vprintf$bare) refers to stdout.o(.data) for __stdout
    printfb.o(i.__0vsnprintf$bare) refers to printfb.o(i._printf_core) for _printf_core
    printfb.o(i.__0vsnprintf$bare) refers to printfb.o(i._snputc) for _snputc
    printfb.o(i.__0vsprintf$bare) refers to printfb.o(i._printf_core) for _printf_core
    printfb.o(i.__0vsprintf$bare) refers to printfb.o(i._sputc) for _sputc
    printf0.o(i.__0fprintf$0) refers to printf0.o(i._printf_core) for _printf_core
    printf0.o(i.__0fprintf$0) refers to usart1.o(.text) for fputc
    printf0.o(i.__0printf$0) refers to printf0.o(i._printf_core) for _printf_core
    printf0.o(i.__0printf$0) refers to usart1.o(.text) for fputc
    printf0.o(i.__0printf$0) refers to stdout.o(.data) for __stdout
    printf0.o(i.__0snprintf$0) refers to printf0.o(i._printf_core) for _printf_core
    printf0.o(i.__0snprintf$0) refers to printf0.o(i._snputc) for _snputc
    printf0.o(i.__0sprintf$0) refers to printf0.o(i._printf_core) for _printf_core
    printf0.o(i.__0sprintf$0) refers to printf0.o(i._sputc) for _sputc
    printf0.o(i.__0vfprintf$0) refers to printf0.o(i._printf_core) for _printf_core
    printf0.o(i.__0vfprintf$0) refers to usart1.o(.text) for fputc
    printf0.o(i.__0vprintf$0) refers to printf0.o(i._printf_core) for _printf_core
    printf0.o(i.__0vprintf$0) refers to usart1.o(.text) for fputc
    printf0.o(i.__0vprintf$0) refers to stdout.o(.data) for __stdout
    printf0.o(i.__0vsnprintf$0) refers to printf0.o(i._printf_core) for _printf_core
    printf0.o(i.__0vsnprintf$0) refers to printf0.o(i._snputc) for _snputc
    printf0.o(i.__0vsprintf$0) refers to printf0.o(i._printf_core) for _printf_core
    printf0.o(i.__0vsprintf$0) refers to printf0.o(i._sputc) for _sputc
    printf1.o(i.__0fprintf$1) refers to printf1.o(i._printf_core) for _printf_core
    printf1.o(i.__0fprintf$1) refers to usart1.o(.text) for fputc
    printf1.o(i.__0printf$1) refers to printf1.o(i._printf_core) for _printf_core
    printf1.o(i.__0printf$1) refers to usart1.o(.text) for fputc
    printf1.o(i.__0printf$1) refers to stdout.o(.data) for __stdout
    printf1.o(i.__0snprintf$1) refers to printf1.o(i._printf_core) for _printf_core
    printf1.o(i.__0snprintf$1) refers to printf1.o(i._snputc) for _snputc
    printf1.o(i.__0sprintf$1) refers to printf1.o(i._printf_core) for _printf_core
    printf1.o(i.__0sprintf$1) refers to printf1.o(i._sputc) for _sputc
    printf1.o(i.__0vfprintf$1) refers to printf1.o(i._printf_core) for _printf_core
    printf1.o(i.__0vfprintf$1) refers to usart1.o(.text) for fputc
    printf1.o(i.__0vprintf$1) refers to printf1.o(i._printf_core) for _printf_core
    printf1.o(i.__0vprintf$1) refers to usart1.o(.text) for fputc
    printf1.o(i.__0vprintf$1) refers to stdout.o(.data) for __stdout
    printf1.o(i.__0vsnprintf$1) refers to printf1.o(i._printf_core) for _printf_core
    printf1.o(i.__0vsnprintf$1) refers to printf1.o(i._snputc) for _snputc
    printf1.o(i.__0vsprintf$1) refers to printf1.o(i._printf_core) for _printf_core
    printf1.o(i.__0vsprintf$1) refers to printf1.o(i._sputc) for _sputc
    printf1.o(i._printf_core) refers to uidiv.o(.text) for __aeabi_uidivmod
    printf2.o(i.__0fprintf$2) refers to printf2.o(i._printf_core) for _printf_core
    printf2.o(i.__0fprintf$2) refers to usart1.o(.text) for fputc
    printf2.o(i.__0printf$2) refers to printf2.o(i._printf_core) for _printf_core
    printf2.o(i.__0printf$2) refers to usart1.o(.text) for fputc
    printf2.o(i.__0printf$2) refers to stdout.o(.data) for __stdout
    printf2.o(i.__0snprintf$2) refers to printf2.o(i._printf_core) for _printf_core
    printf2.o(i.__0snprintf$2) refers to printf2.o(i._snputc) for _snputc
    printf2.o(i.__0sprintf$2) refers to printf2.o(i._printf_core) for _printf_core
    printf2.o(i.__0sprintf$2) refers to printf2.o(i._sputc) for _sputc
    printf2.o(i.__0vfprintf$2) refers to printf2.o(i._printf_core) for _printf_core
    printf2.o(i.__0vfprintf$2) refers to usart1.o(.text) for fputc
    printf2.o(i.__0vprintf$2) refers to printf2.o(i._printf_core) for _printf_core
    printf2.o(i.__0vprintf$2) refers to usart1.o(.text) for fputc
    printf2.o(i.__0vprintf$2) refers to stdout.o(.data) for __stdout
    printf2.o(i.__0vsnprintf$2) refers to printf2.o(i._printf_core) for _printf_core
    printf2.o(i.__0vsnprintf$2) refers to printf2.o(i._snputc) for _snputc
    printf2.o(i.__0vsprintf$2) refers to printf2.o(i._printf_core) for _printf_core
    printf2.o(i.__0vsprintf$2) refers to printf2.o(i._sputc) for _sputc
    printf3.o(i.__0fprintf$3) refers to printf3.o(i._printf_core) for _printf_core
    printf3.o(i.__0fprintf$3) refers to usart1.o(.text) for fputc
    printf3.o(i.__0printf$3) refers to printf3.o(i._printf_core) for _printf_core
    printf3.o(i.__0printf$3) refers to usart1.o(.text) for fputc
    printf3.o(i.__0printf$3) refers to stdout.o(.data) for __stdout
    printf3.o(i.__0snprintf$3) refers to printf3.o(i._printf_core) for _printf_core
    printf3.o(i.__0snprintf$3) refers to printf3.o(i._snputc) for _snputc
    printf3.o(i.__0sprintf$3) refers to printf3.o(i._printf_core) for _printf_core
    printf3.o(i.__0sprintf$3) refers to printf3.o(i._sputc) for _sputc
    printf3.o(i.__0vfprintf$3) refers to printf3.o(i._printf_core) for _printf_core
    printf3.o(i.__0vfprintf$3) refers to usart1.o(.text) for fputc
    printf3.o(i.__0vprintf$3) refers to printf3.o(i._printf_core) for _printf_core
    printf3.o(i.__0vprintf$3) refers to usart1.o(.text) for fputc
    printf3.o(i.__0vprintf$3) refers to stdout.o(.data) for __stdout
    printf3.o(i.__0vsnprintf$3) refers to printf3.o(i._printf_core) for _printf_core
    printf3.o(i.__0vsnprintf$3) refers to printf3.o(i._snputc) for _snputc
    printf3.o(i.__0vsprintf$3) refers to printf3.o(i._printf_core) for _printf_core
    printf3.o(i.__0vsprintf$3) refers to printf3.o(i._sputc) for _sputc
    printf3.o(i._printf_core) refers to uidiv.o(.text) for __aeabi_uidivmod
    printf4.o(i.__0fprintf$4) refers to printf4.o(i._printf_core) for _printf_core
    printf4.o(i.__0fprintf$4) refers to usart1.o(.text) for fputc
    printf4.o(i.__0printf$4) refers to printf4.o(i._printf_core) for _printf_core
    printf4.o(i.__0printf$4) refers to usart1.o(.text) for fputc
    printf4.o(i.__0printf$4) refers to stdout.o(.data) for __stdout
    printf4.o(i.__0snprintf$4) refers to printf4.o(i._printf_core) for _printf_core
    printf4.o(i.__0snprintf$4) refers to printf4.o(i._snputc) for _snputc
    printf4.o(i.__0sprintf$4) refers to printf4.o(i._printf_core) for _printf_core
    printf4.o(i.__0sprintf$4) refers to printf4.o(i._sputc) for _sputc
    printf4.o(i.__0vfprintf$4) refers to printf4.o(i._printf_core) for _printf_core
    printf4.o(i.__0vfprintf$4) refers to usart1.o(.text) for fputc
    printf4.o(i.__0vprintf$4) refers to printf4.o(i._printf_core) for _printf_core
    printf4.o(i.__0vprintf$4) refers to usart1.o(.text) for fputc
    printf4.o(i.__0vprintf$4) refers to stdout.o(.data) for __stdout
    printf4.o(i.__0vsnprintf$4) refers to printf4.o(i._printf_core) for _printf_core
    printf4.o(i.__0vsnprintf$4) refers to printf4.o(i._snputc) for _snputc
    printf4.o(i.__0vsprintf$4) refers to printf4.o(i._printf_core) for _printf_core
    printf4.o(i.__0vsprintf$4) refers to printf4.o(i._sputc) for _sputc
    printf4.o(i._printf_core) refers to uldiv.o(.text) for __aeabi_uldivmod
    printf5.o(i.__0fprintf$5) refers to printf5.o(i._printf_core) for _printf_core
    printf5.o(i.__0fprintf$5) refers to usart1.o(.text) for fputc
    printf5.o(i.__0printf$5) refers to printf5.o(i._printf_core) for _printf_core
    printf5.o(i.__0printf$5) refers to usart1.o(.text) for fputc
    printf5.o(i.__0printf$5) refers to stdout.o(.data) for __stdout
    printf5.o(i.__0snprintf$5) refers to printf5.o(i._printf_core) for _printf_core
    printf5.o(i.__0snprintf$5) refers to printf5.o(i._snputc) for _snputc
    printf5.o(i.__0sprintf$5) refers to printf5.o(i._printf_core) for _printf_core
    printf5.o(i.__0sprintf$5) refers to printf5.o(i._sputc) for _sputc
    printf5.o(i.__0vfprintf$5) refers to printf5.o(i._printf_core) for _printf_core
    printf5.o(i.__0vfprintf$5) refers to usart1.o(.text) for fputc
    printf5.o(i.__0vprintf$5) refers to printf5.o(i._printf_core) for _printf_core
    printf5.o(i.__0vprintf$5) refers to usart1.o(.text) for fputc
    printf5.o(i.__0vprintf$5) refers to stdout.o(.data) for __stdout
    printf5.o(i.__0vsnprintf$5) refers to printf5.o(i._printf_core) for _printf_core
    printf5.o(i.__0vsnprintf$5) refers to printf5.o(i._snputc) for _snputc
    printf5.o(i.__0vsprintf$5) refers to printf5.o(i._printf_core) for _printf_core
    printf5.o(i.__0vsprintf$5) refers to printf5.o(i._sputc) for _sputc
    printf5.o(i._printf_core) refers to uldiv.o(.text) for __aeabi_uldivmod
    printf6.o(i.__0fprintf$6) refers to printf6.o(i._printf_core) for _printf_core
    printf6.o(i.__0fprintf$6) refers to usart1.o(.text) for fputc
    printf6.o(i.__0printf$6) refers to printf6.o(i._printf_core) for _printf_core
    printf6.o(i.__0printf$6) refers to usart1.o(.text) for fputc
    printf6.o(i.__0printf$6) refers to stdout.o(.data) for __stdout
    printf6.o(i.__0snprintf$6) refers to printf6.o(i._printf_core) for _printf_core
    printf6.o(i.__0snprintf$6) refers to printf6.o(i._snputc) for _snputc
    printf6.o(i.__0sprintf$6) refers to printf6.o(i._printf_core) for _printf_core
    printf6.o(i.__0sprintf$6) refers to printf6.o(i._sputc) for _sputc
    printf6.o(i.__0vfprintf$6) refers to printf6.o(i._printf_core) for _printf_core
    printf6.o(i.__0vfprintf$6) refers to usart1.o(.text) for fputc
    printf6.o(i.__0vprintf$6) refers to printf6.o(i._printf_core) for _printf_core
    printf6.o(i.__0vprintf$6) refers to usart1.o(.text) for fputc
    printf6.o(i.__0vprintf$6) refers to stdout.o(.data) for __stdout
    printf6.o(i.__0vsnprintf$6) refers to printf6.o(i._printf_core) for _printf_core
    printf6.o(i.__0vsnprintf$6) refers to printf6.o(i._snputc) for _snputc
    printf6.o(i.__0vsprintf$6) refers to printf6.o(i._printf_core) for _printf_core
    printf6.o(i.__0vsprintf$6) refers to printf6.o(i._sputc) for _sputc
    printf6.o(i._printf_core) refers to printf6.o(i._printf_pre_padding) for _printf_pre_padding
    printf6.o(i._printf_core) refers to uidiv.o(.text) for __aeabi_uidivmod
    printf6.o(i._printf_core) refers to printf6.o(i._printf_post_padding) for _printf_post_padding
    printf7.o(i.__0fprintf$7) refers to printf7.o(i._printf_core) for _printf_core
    printf7.o(i.__0fprintf$7) refers to usart1.o(.text) for fputc
    printf7.o(i.__0printf$7) refers to printf7.o(i._printf_core) for _printf_core
    printf7.o(i.__0printf$7) refers to usart1.o(.text) for fputc
    printf7.o(i.__0printf$7) refers to stdout.o(.data) for __stdout
    printf7.o(i.__0snprintf$7) refers to printf7.o(i._printf_core) for _printf_core
    printf7.o(i.__0snprintf$7) refers to printf7.o(i._snputc) for _snputc
    printf7.o(i.__0sprintf$7) refers to printf7.o(i._printf_core) for _printf_core
    printf7.o(i.__0sprintf$7) refers to printf7.o(i._sputc) for _sputc
    printf7.o(i.__0vfprintf$7) refers to printf7.o(i._printf_core) for _printf_core
    printf7.o(i.__0vfprintf$7) refers to usart1.o(.text) for fputc
    printf7.o(i.__0vprintf$7) refers to printf7.o(i._printf_core) for _printf_core
    printf7.o(i.__0vprintf$7) refers to usart1.o(.text) for fputc
    printf7.o(i.__0vprintf$7) refers to stdout.o(.data) for __stdout
    printf7.o(i.__0vsnprintf$7) refers to printf7.o(i._printf_core) for _printf_core
    printf7.o(i.__0vsnprintf$7) refers to printf7.o(i._snputc) for _snputc
    printf7.o(i.__0vsprintf$7) refers to printf7.o(i._printf_core) for _printf_core
    printf7.o(i.__0vsprintf$7) refers to printf7.o(i._sputc) for _sputc
    printf7.o(i._printf_core) refers to printf7.o(i._printf_pre_padding) for _printf_pre_padding
    printf7.o(i._printf_core) refers to uldiv.o(.text) for __aeabi_uldivmod
    printf7.o(i._printf_core) refers to printf7.o(i._printf_post_padding) for _printf_post_padding
    printf8.o(i.__0fprintf$8) refers to printf8.o(i._printf_core) for _printf_core
    printf8.o(i.__0fprintf$8) refers to usart1.o(.text) for fputc
    printf8.o(i.__0printf$8) refers to printf8.o(i._printf_core) for _printf_core
    printf8.o(i.__0printf$8) refers to usart1.o(.text) for fputc
    printf8.o(i.__0printf$8) refers to stdout.o(.data) for __stdout
    printf8.o(i.__0snprintf$8) refers to printf8.o(i._printf_core) for _printf_core
    printf8.o(i.__0snprintf$8) refers to printf8.o(i._snputc) for _snputc
    printf8.o(i.__0sprintf$8) refers to printf8.o(i._printf_core) for _printf_core
    printf8.o(i.__0sprintf$8) refers to printf8.o(i._sputc) for _sputc
    printf8.o(i.__0vfprintf$8) refers to printf8.o(i._printf_core) for _printf_core
    printf8.o(i.__0vfprintf$8) refers to usart1.o(.text) for fputc
    printf8.o(i.__0vprintf$8) refers to printf8.o(i._printf_core) for _printf_core
    printf8.o(i.__0vprintf$8) refers to usart1.o(.text) for fputc
    printf8.o(i.__0vprintf$8) refers to stdout.o(.data) for __stdout
    printf8.o(i.__0vsnprintf$8) refers to printf8.o(i._printf_core) for _printf_core
    printf8.o(i.__0vsnprintf$8) refers to printf8.o(i._snputc) for _snputc
    printf8.o(i.__0vsprintf$8) refers to printf8.o(i._printf_core) for _printf_core
    printf8.o(i.__0vsprintf$8) refers to printf8.o(i._sputc) for _sputc
    printf8.o(i._printf_core) refers to printf8.o(i._printf_pre_padding) for _printf_pre_padding
    printf8.o(i._printf_core) refers to uldiv.o(.text) for __aeabi_uldivmod
    printf8.o(i._printf_core) refers to printf8.o(i._printf_post_padding) for _printf_post_padding
    printfa.o(i.__0fprintf) refers (Special) to iusefp.o(.text) for __I$use$fp
    printfa.o(i.__0fprintf) refers to printfa.o(i._printf_core) for _printf_core
    printfa.o(i.__0fprintf) refers to usart1.o(.text) for fputc
    printfa.o(i.__0printf) refers (Special) to iusefp.o(.text) for __I$use$fp
    printfa.o(i.__0printf) refers to printfa.o(i._printf_core) for _printf_core
    printfa.o(i.__0printf) refers to usart1.o(.text) for fputc
    printfa.o(i.__0printf) refers to stdout.o(.data) for __stdout
    printfa.o(i.__0snprintf) refers (Special) to iusefp.o(.text) for __I$use$fp
    printfa.o(i.__0snprintf) refers to printfa.o(i._printf_core) for _printf_core
    printfa.o(i.__0snprintf) refers to printfa.o(i._snputc) for _snputc
    printfa.o(i.__0sprintf) refers (Special) to iusefp.o(.text) for __I$use$fp
    printfa.o(i.__0sprintf) refers to printfa.o(i._printf_core) for _printf_core
    printfa.o(i.__0sprintf) refers to printfa.o(i._sputc) for _sputc
    printfa.o(i.__0vfprintf) refers (Special) to iusefp.o(.text) for __I$use$fp
    printfa.o(i.__0vfprintf) refers to printfa.o(i._printf_core) for _printf_core
    printfa.o(i.__0vfprintf) refers to usart1.o(.text) for fputc
    printfa.o(i.__0vprintf) refers (Special) to iusefp.o(.text) for __I$use$fp
    printfa.o(i.__0vprintf) refers to printfa.o(i._printf_core) for _printf_core
    printfa.o(i.__0vprintf) refers to usart1.o(.text) for fputc
    printfa.o(i.__0vprintf) refers to stdout.o(.data) for __stdout
    printfa.o(i.__0vsnprintf) refers (Special) to iusefp.o(.text) for __I$use$fp
    printfa.o(i.__0vsnprintf) refers to printfa.o(i._printf_core) for _printf_core
    printfa.o(i.__0vsnprintf) refers to printfa.o(i._snputc) for _snputc
    printfa.o(i.__0vsprintf) refers (Special) to iusefp.o(.text) for __I$use$fp
    printfa.o(i.__0vsprintf) refers to printfa.o(i._printf_core) for _printf_core
    printfa.o(i.__0vsprintf) refers to printfa.o(i._sputc) for _sputc
    printfa.o(i._fp_digits) refers (Special) to iusefp.o(.text) for __I$use$fp
    printfa.o(i._fp_digits) refers to dmul.o(.text) for __aeabi_dmul
    printfa.o(i._fp_digits) refers to ddiv.o(.text) for __aeabi_ddiv
    printfa.o(i._fp_digits) refers to cdrcmple.o(.text) for __aeabi_cdrcmple
    printfa.o(i._fp_digits) refers to dadd.o(.text) for __aeabi_dadd
    printfa.o(i._fp_digits) refers to dfixul.o(.text) for __aeabi_d2ulz
    printfa.o(i._fp_digits) refers to uldiv.o(.text) for __aeabi_uldivmod
    printfa.o(i._printf_core) refers (Special) to iusefp.o(.text) for __I$use$fp
    printfa.o(i._printf_core) refers to printfa.o(i._printf_pre_padding) for _printf_pre_padding
    printfa.o(i._printf_core) refers to uldiv.o(.text) for __aeabi_uldivmod
    printfa.o(i._printf_core) refers to printfa.o(i._printf_post_padding) for _printf_post_padding
    printfa.o(i._printf_core) refers to printfa.o(i._fp_digits) for _fp_digits
    printfa.o(i._printf_core) refers to uidiv.o(.text) for __aeabi_uidivmod
    printfa.o(i._printf_post_padding) refers (Special) to iusefp.o(.text) for __I$use$fp
    printfa.o(i._printf_pre_padding) refers (Special) to iusefp.o(.text) for __I$use$fp
    printfa.o(i._snputc) refers (Special) to iusefp.o(.text) for __I$use$fp
    printfa.o(i._sputc) refers (Special) to iusefp.o(.text) for __I$use$fp
    entry2.o(.ARM.Collect$$$$00000001) refers to entry2.o(.ARM.Collect$$$$00002712) for __lit__00000000
    entry2.o(.ARM.Collect$$$$00002712) refers to startup_stm32f10x_hd.o(STACK) for __initial_sp
    entry2.o(__vectab_stack_and_reset_area) refers to startup_stm32f10x_hd.o(STACK) for __initial_sp
    entry2.o(__vectab_stack_and_reset_area) refers to entry.o(.ARM.Collect$$$$00000000) for __main
    entry5.o(.ARM.Collect$$$$00000004) refers to init.o(.text) for __scatterload
    entry7.o(.ARM.Collect$$$$00000007) refers to main.o(.text) for main
    uldiv.o(.text) refers to llushr.o(.text) for __aeabi_llsr
    uldiv.o(.text) refers to llshl.o(.text) for __aeabi_llsl
    dadd.o(.text) refers to llushr.o(.text) for __aeabi_llsr
    dadd.o(.text) refers to llshl.o(.text) for __aeabi_llsl
    dadd.o(.text) refers to depilogue.o(.text) for _double_epilogue
    dmul.o(.text) refers to depilogue.o(.text) for _double_epilogue
    ddiv.o(.text) refers to depilogue.o(.text) for _double_epilogue
    dfixul.o(.text) refers to llushr.o(.text) for __aeabi_llsr
    dfixul.o(.text) refers to llshl.o(.text) for __aeabi_llsl
    init.o(.text) refers to entry5.o(.ARM.Collect$$$$00000004) for __main_after_scatterload


==============================================================================

Removing Unused input sections from the image.

    Removing startup_stm32f10x_hd.o(HEAP), (512 bytes).
    Removing bsp_test.o(.bss), (548 bytes).
    Removing pic.o(.constdata), (192008 bytes).
    Removing pic.o(.constdata), (191208 bytes).
    Removing core_cm3.o(.emb_text), (32 bytes).
    Removing dadd.o(.text), (414 bytes).
    Removing dmul.o(.text), (232 bytes).
    Removing ddiv.o(.text), (248 bytes).
    Removing dfixul.o(.text), (50 bytes).
    Removing cdrcmple.o(.text), (76 bytes).
    Removing depilogue.o(.text), (200 bytes).

11 unused section(s) (total 385528 bytes) removed from the image.

==============================================================================

Image Symbol Table

    Local Symbols

    Symbol Name                              Value     Ov Type        Size  Object(Section)

    ../../microlib/division.c                0x00000000   Number         0  uidiv.o ABSOLUTE
    ../../microlib/division.c                0x00000000   Number         0  uldiv.o ABSOLUTE
    ../../microlib/fpadd.c                   0x00000000   Number         0  dadd.o ABSOLUTE
    ../../microlib/fpdiv.c                   0x00000000   Number         0  ddiv.o ABSOLUTE
    ../../microlib/fpepilogue.c              0x00000000   Number         0  depilogue.o ABSOLUTE
    ../../microlib/fpfix.c                   0x00000000   Number         0  dfixul.o ABSOLUTE
    ../../microlib/fpmul.c                   0x00000000   Number         0  dmul.o ABSOLUTE
    ../../microlib/init/entry.s              0x00000000   Number         0  entry.o ABSOLUTE
    ../../microlib/init/entry.s              0x00000000   Number         0  entry7.o ABSOLUTE
    ../../microlib/init/entry.s              0x00000000   Number         0  entry5.o ABSOLUTE
    ../../microlib/init/entry.s              0x00000000   Number         0  entry2.o ABSOLUTE
    ../../microlib/longlong.c                0x00000000   Number         0  llshl.o ABSOLUTE
    ../../microlib/longlong.c                0x00000000   Number         0  llushr.o ABSOLUTE
    ../../microlib/printf/printf.c           0x00000000   Number         0  printf6.o ABSOLUTE
    ../../microlib/printf/printf.c           0x00000000   Number         0  printf5.o ABSOLUTE
    ../../microlib/printf/printf.c           0x00000000   Number         0  printf4.o ABSOLUTE
    ../../microlib/printf/printf.c           0x00000000   Number         0  printf7.o ABSOLUTE
    ../../microlib/printf/printf.c           0x00000000   Number         0  printfb.o ABSOLUTE
    ../../microlib/printf/printf.c           0x00000000   Number         0  printfa.o ABSOLUTE
    ../../microlib/printf/printf.c           0x00000000   Number         0  printf8.o ABSOLUTE
    ../../microlib/printf/printf.c           0x00000000   Number         0  printf3.o ABSOLUTE
    ../../microlib/printf/printf.c           0x00000000   Number         0  printf2.o ABSOLUTE
    ../../microlib/printf/printf.c           0x00000000   Number         0  printf1.o ABSOLUTE
    ../../microlib/printf/printf.c           0x00000000   Number         0  printf0.o ABSOLUTE
    ../../microlib/printf/stubs.s            0x00000000   Number         0  stubs.o ABSOLUTE
    ../../microlib/stdio/streams.c           0x00000000   Number         0  stdout.o ABSOLUTE
    ../../microlib/stubs.s                   0x00000000   Number         0  iusefp.o ABSOLUTE
    ..\BSP\BSP_TEST.c                        0x00000000   Number         0  bsp_test.o ABSOLUTE
    ..\BSP\LCD_bottom.c                      0x00000000   Number         0  lcd_bottom.o ABSOLUTE
    ..\BSP\fsmc_sram.c                       0x00000000   Number         0  fsmc_sram.o ABSOLUTE
    ..\BSP\lcd_dis24.c                       0x00000000   Number         0  lcd_dis24.o ABSOLUTE
    ..\BSP\pic.c                             0x00000000   Number         0  pic.o ABSOLUTE
    ..\BSP\sdio_sdcard.c                     0x00000000   Number         0  sdio_sdcard.o ABSOLUTE
    ..\BSP\usart1.c                          0x00000000   Number         0  usart1.o ABSOLUTE
    ..\CMSIS\core_cm3.c                      0x00000000   Number         0  core_cm3.o ABSOLUTE
    ..\CMSIS\startup\startup_stm32f10x_hd.s  0x00000000   Number         0  startup_stm32f10x_hd.o ABSOLUTE
    ..\CMSIS\system_stm32f10x.c              0x00000000   Number         0  system_stm32f10x.o ABSOLUTE
    ..\FWlib\src\misc.c                      0x00000000   Number         0  misc.o ABSOLUTE
    ..\FWlib\src\stm32f10x_dma.c             0x00000000   Number         0  stm32f10x_dma.o ABSOLUTE
    ..\FWlib\src\stm32f10x_fsmc.c            0x00000000   Number         0  stm32f10x_fsmc.o ABSOLUTE
    ..\FWlib\src\stm32f10x_gpio.c            0x00000000   Number         0  stm32f10x_gpio.o ABSOLUTE
    ..\FWlib\src\stm32f10x_rcc.c             0x00000000   Number         0  stm32f10x_rcc.o ABSOLUTE
    ..\FWlib\src\stm32f10x_sdio.c            0x00000000   Number         0  stm32f10x_sdio.o ABSOLUTE
    ..\FWlib\src\stm32f10x_usart.c           0x00000000   Number         0  stm32f10x_usart.o ABSOLUTE
    ..\\CMSIS\\core_cm3.c                    0x00000000   Number         0  core_cm3.o ABSOLUTE
    ..\ff9\diskio.c                          0x00000000   Number         0  diskio.o ABSOLUTE
    ..\ff9\ff.c                              0x00000000   Number         0  ff.o ABSOLUTE
    ..\ff9\option\cc936.c                    0x00000000   Number         0  cc936.o ABSOLUTE
    cdrcmple.s                               0x00000000   Number         0  cdrcmple.o ABSOLUTE
    dc.s                                     0x00000000   Number         0  dc.o ABSOLUTE
    handlers.s                               0x00000000   Number         0  handlers.o ABSOLUTE
    init.s                                   0x00000000   Number         0  init.o ABSOLUTE
    main.c                                   0x00000000   Number         0  main.o ABSOLUTE
    stm32f10x_it.c                           0x00000000   Number         0  stm32f10x_it.o ABSOLUTE
    RESET                                    0x08000000   Section      304  startup_stm32f10x_hd.o(RESET)
    .ARM.Collect$$$$00000000                 0x08000130   Section        0  entry.o(.ARM.Collect$$$$00000000)
    .ARM.Collect$$$$00000001                 0x08000130   Section        4  entry2.o(.ARM.Collect$$$$00000001)
    .ARM.Collect$$$$00000004                 0x08000134   Section        4  entry5.o(.ARM.Collect$$$$00000004)
    .ARM.Collect$$$$00000007                 0x08000138   Section        8  entry7.o(.ARM.Collect$$$$00000007)
    .ARM.Collect$$$$00002712                 0x08000140   Section        4  entry2.o(.ARM.Collect$$$$00002712)
    __lit__00000000                          0x08000140   Data           4  entry2.o(.ARM.Collect$$$$00002712)
    .text                                    0x08000144   Section       36  startup_stm32f10x_hd.o(.text)
    .text                                    0x08000168   Section        0  bsp_test.o(.text)
    .text                                    0x080002bc   Section        0  sdio_sdcard.o(.text)
    SD_DMA_RxConfig                          0x08000325   Thumb Code    80  sdio_sdcard.o(.text)
    SD_DMA_TxConfig                          0x08000375   Thumb Code    80  sdio_sdcard.o(.text)
    FindSCR                                  0x080003c5   Thumb Code   300  sdio_sdcard.o(.text)
    SDEnWideBus                              0x080004f1   Thumb Code   182  sdio_sdcard.o(.text)
    CmdResp2Error                            0x080008b9   Thumb Code    46  sdio_sdcard.o(.text)
    IsCardProgramming                        0x080011d1   Thumb Code   260  sdio_sdcard.o(.text)
    SD_DMAEndOfTransferStatus                0x08001403   Thumb Code     6  sdio_sdcard.o(.text)
    CmdResp1Error                            0x08001409   Thumb Code    26  sdio_sdcard.o(.text)
    CmdResp6Error                            0x08001423   Thumb Code   134  sdio_sdcard.o(.text)
    .text                                    0x080014a8   Section        0  usart1.o(.text)
    .text                                    0x0800163c   Section        0  fsmc_sram.o(.text)
    .text                                    0x08001724   Section        0  lcd_bottom.o(.text)
    .text                                    0x08001734   Section        0  lcd_dis24.o(.text)
    .text                                    0x08001df0   Section        0  main.o(.text)
    .text                                    0x08001e06   Section        0  stm32f10x_it.o(.text)
    .text                                    0x08001e1c   Section        0  misc.o(.text)
    .text                                    0x08001ecc   Section        0  stm32f10x_dma.o(.text)
    .text                                    0x08002094   Section        0  stm32f10x_gpio.o(.text)
    .text                                    0x08002300   Section        0  stm32f10x_rcc.o(.text)
    .text                                    0x080025bc   Section        0  stm32f10x_sdio.o(.text)
    .text                                    0x08002768   Section        0  stm32f10x_usart.o(.text)
    .text                                    0x08002a98   Section        0  stm32f10x_fsmc.o(.text)
    .text                                    0x08002f20   Section        0  system_stm32f10x.o(.text)
    SetSysClockTo72                          0x08002fb7   Thumb Code   138  system_stm32f10x.o(.text)
    .text                                    0x08003060   Section        0  cc936.o(.text)
    .text                                    0x080030d0   Section        0  diskio.o(.text)
    .text                                    0x0800315c   Section        0  ff.o(.text)
    move_window                              0x0800315d   Thumb Code   106  ff.o(.text)
    create_chain                             0x08003387   Thumb Code   148  ff.o(.text)
    dir_sdi                                  0x0800341b   Thumb Code   126  ff.o(.text)
    dir_next                                 0x08003499   Thumb Code   234  ff.o(.text)
    dir_find                                 0x080035fb   Thumb Code   300  ff.o(.text)
    dir_read                                 0x08003727   Thumb Code   234  ff.o(.text)
    dir_register                             0x08003811   Thumb Code   426  ff.o(.text)
    create_name                              0x080039bb   Thumb Code   560  ff.o(.text)
    get_fileinfo                             0x08003beb   Thumb Code   216  ff.o(.text)
    follow_path                              0x08003cc3   Thumb Code   130  ff.o(.text)
    check_fs                                 0x08003d45   Thumb Code    86  ff.o(.text)
    chk_mounted                              0x08003d9b   Thumb Code   520  ff.o(.text)
    mem_cpy                                  0x080046e3   Thumb Code    16  ff.o(.text)
    mem_set                                  0x080046f3   Thumb Code    16  ff.o(.text)
    chk_chr                                  0x08004703   Thumb Code    16  ff.o(.text)
    sync                                     0x08004713   Thumb Code   182  ff.o(.text)
    sum_sfn                                  0x080047c9   Thumb Code    26  ff.o(.text)
    validate                                 0x080047e3   Thumb Code    32  ff.o(.text)
    .text                                    0x08004804   Section       36  init.o(.text)
    i.__0printf$2                            0x08004828   Section        0  printf2.o(i.__0printf$2)
    i.__scatterload_copy                     0x08004848   Section       14  handlers.o(i.__scatterload_copy)
    i.__scatterload_null                     0x08004856   Section        2  handlers.o(i.__scatterload_null)
    i.__scatterload_zeroinit                 0x08004858   Section       14  handlers.o(i.__scatterload_zeroinit)
    i._printf_core                           0x08004866   Section        0  printf2.o(i._printf_core)
    _printf_core                             0x08004867   Thumb Code   202  printf2.o(i._printf_core)
    .constdata                               0x08004930   Section       96  pic.o(.constdata)
    .constdata                               0x08004990   Section       96  pic.o(.constdata)
    .constdata                               0x080049f0   Section       96  pic.o(.constdata)
    .constdata                               0x08004a50   Section       96  pic.o(.constdata)
    .constdata                               0x08004ab0   Section       96  pic.o(.constdata)
    .constdata                               0x08004b10   Section       96  pic.o(.constdata)
    .constdata                               0x08004b70   Section       96  pic.o(.constdata)
    .constdata                               0x08004bd0   Section       96  pic.o(.constdata)
    .constdata                               0x08004c30   Section       96  pic.o(.constdata)
    .constdata                               0x08004c90   Section       96  pic.o(.constdata)
    .constdata                               0x08004cf0   Section     1120  pic.o(.constdata)
    .constdata                               0x08005150   Section    175304  cc936.o(.constdata)
    uni2oem                                  0x08005150   Data       87172  cc936.o(.constdata)
    oem2uni                                  0x0801a5d4   Data       87172  cc936.o(.constdata)
    tbl_lower                                0x0802fa58   Data         480  cc936.o(.constdata)
    tbl_upper                                0x0802fc38   Data         480  cc936.o(.constdata)
    .constdata                               0x0802fe18   Section       13  ff.o(.constdata)
    LfnOfs                                   0x0802fe18   Data          13  ff.o(.constdata)
    .data                                    0x20000000   Section       52  bsp_test.o(.data)
    .data                                    0x20000034   Section       20  sdio_sdcard.o(.data)
    CardType                                 0x20000038   Data           4  sdio_sdcard.o(.data)
    RCA                                      0x2000003c   Data           4  sdio_sdcard.o(.data)
    .data                                    0x20000048   Section        4  lcd_dis24.o(.data)
    .data                                    0x2000004c   Section       20  stm32f10x_rcc.o(.data)
    ADCPrescTable                            0x2000004c   Data           4  stm32f10x_rcc.o(.data)
    APBAHBPrescTable                         0x20000050   Data          16  stm32f10x_rcc.o(.data)
    .data                                    0x20000060   Section       20  system_stm32f10x.o(.data)
    .data                                    0x20000074   Section        8  ff.o(.data)
    Fsid                                     0x20000074   Data           2  ff.o(.data)
    FatFs                                    0x20000078   Data           4  ff.o(.data)
    .data                                    0x2000007c   Section        4  stdout.o(.data)
    .bss                                     0x20000080   Section     1620  bsp_test.o(.bss)
    .bss                                     0x200006d4   Section      196  sdio_sdcard.o(.bss)
    CSD_Tab                                  0x200006d4   Data          16  sdio_sdcard.o(.bss)
    CID_Tab                                  0x200006e4   Data          16  sdio_sdcard.o(.bss)
    SDSTATUS_Tab                             0x200006f4   Data          16  sdio_sdcard.o(.bss)
    STACK                                    0x20000798   Section     1024  startup_stm32f10x_hd.o(STACK)

    Global Symbols

    Symbol Name                              Value     Ov Type        Size  Object(Section)

    BuildAttributes$$THM_ISAv4$P$D$K$B$S$PE$A:L22UL41UL21$X:L11$S22US41US21$IEEE1$IW$USESV6$~STKCKD$USESV7$~SHL$OSPACE$ROPI$EBA8$MICROLIB$REQ8$PRES8$EABIv2 0x00000000   Number         0  anon$$obj.o ABSOLUTE
    __ARM_use_no_argv                        0x00000000   Number         0  main.o ABSOLUTE
    _printf_a                                0x00000000   Number         0  stubs.o ABSOLUTE
    _printf_c                                0x00000000   Number         0  stubs.o ABSOLUTE
    _printf_charcount                        0x00000000   Number         0  stubs.o ABSOLUTE
    _printf_d                                0x00000000   Number         0  stubs.o ABSOLUTE
    _printf_e                                0x00000000   Number         0  stubs.o ABSOLUTE
    _printf_f                                0x00000000   Number         0  stubs.o ABSOLUTE
    _printf_flags                            0x00000000   Number         0  stubs.o ABSOLUTE
    _printf_fp_dec                           0x00000000   Number         0  stubs.o ABSOLUTE
    _printf_fp_hex                           0x00000000   Number         0  stubs.o ABSOLUTE
    _printf_g                                0x00000000   Number         0  stubs.o ABSOLUTE
    _printf_i                                0x00000000   Number         0  stubs.o ABSOLUTE
    _printf_int_dec                          0x00000000   Number         0  stubs.o ABSOLUTE
    _printf_l                                0x00000000   Number         0  stubs.o ABSOLUTE
    _printf_lc                               0x00000000   Number         0  stubs.o ABSOLUTE
    _printf_ll                               0x00000000   Number         0  stubs.o ABSOLUTE
    _printf_lld                              0x00000000   Number         0  stubs.o ABSOLUTE
    _printf_lli                              0x00000000   Number         0  stubs.o ABSOLUTE
    _printf_llo                              0x00000000   Number         0  stubs.o ABSOLUTE
    _printf_llu                              0x00000000   Number         0  stubs.o ABSOLUTE
    _printf_llx                              0x00000000   Number         0  stubs.o ABSOLUTE
    _printf_longlong_dec                     0x00000000   Number         0  stubs.o ABSOLUTE
    _printf_longlong_hex                     0x00000000   Number         0  stubs.o ABSOLUTE
    _printf_longlong_oct                     0x00000000   Number         0  stubs.o ABSOLUTE
    _printf_ls                               0x00000000   Number         0  stubs.o ABSOLUTE
    _printf_mbtowc                           0x00000000   Number         0  stubs.o ABSOLUTE
    _printf_n                                0x00000000   Number         0  stubs.o ABSOLUTE
    _printf_o                                0x00000000   Number         0  stubs.o ABSOLUTE
    _printf_p                                0x00000000   Number         0  stubs.o ABSOLUTE
    _printf_percent                          0x00000000   Number         0  stubs.o ABSOLUTE
    _printf_pre_padding                      0x00000000   Number         0  stubs.o ABSOLUTE
    _printf_return_value                     0x00000000   Number         0  stubs.o ABSOLUTE
    _printf_s                                0x00000000   Number         0  stubs.o ABSOLUTE
    _printf_sizespec                         0x00000000   Number         0  stubs.o ABSOLUTE
    _printf_str                              0x00000000   Number         0  stubs.o ABSOLUTE
    _printf_truncate_signed                  0x00000000   Number         0  stubs.o ABSOLUTE
    _printf_truncate_unsigned                0x00000000   Number         0  stubs.o ABSOLUTE
    _printf_u                                0x00000000   Number         0  stubs.o ABSOLUTE
    _printf_wc                               0x00000000   Number         0  stubs.o ABSOLUTE
    _printf_wctomb                           0x00000000   Number         0  stubs.o ABSOLUTE
    _printf_widthprec                        0x00000000   Number         0  stubs.o ABSOLUTE
    _printf_x                                0x00000000   Number         0  stubs.o ABSOLUTE
    __decompress                              - Undefined Weak Reference
    __Vectors_Size                           0x00000130   Number         0  startup_stm32f10x_hd.o ABSOLUTE
    __Vectors                                0x08000000   Data           4  startup_stm32f10x_hd.o(RESET)
    __Vectors_End                            0x08000130   Data           0  startup_stm32f10x_hd.o(RESET)
    __main                                   0x08000131   Thumb Code     0  entry.o(.ARM.Collect$$$$00000000)
    _main_stk                                0x08000131   Thumb Code     0  entry2.o(.ARM.Collect$$$$00000001)
    _main_scatterload                        0x08000135   Thumb Code     0  entry5.o(.ARM.Collect$$$$00000004)
    __main_after_scatterload                 0x08000139   Thumb Code     0  entry5.o(.ARM.Collect$$$$00000004)
    _main_init                               0x08000139   Thumb Code     0  entry7.o(.ARM.Collect$$$$00000007)
    Reset_Handler                            0x08000145   Thumb Code     8  startup_stm32f10x_hd.o(.text)
    ADC1_2_IRQHandler                        0x0800015f   Thumb Code     0  startup_stm32f10x_hd.o(.text)
    ADC3_IRQHandler                          0x0800015f   Thumb Code     0  startup_stm32f10x_hd.o(.text)
    CAN1_RX1_IRQHandler                      0x0800015f   Thumb Code     0  startup_stm32f10x_hd.o(.text)
    CAN1_SCE_IRQHandler                      0x0800015f   Thumb Code     0  startup_stm32f10x_hd.o(.text)
    DMA1_Channel1_IRQHandler                 0x0800015f   Thumb Code     0  startup_stm32f10x_hd.o(.text)
    DMA1_Channel2_IRQHandler                 0x0800015f   Thumb Code     0  startup_stm32f10x_hd.o(.text)
    DMA1_Channel3_IRQHandler                 0x0800015f   Thumb Code     0  startup_stm32f10x_hd.o(.text)
    DMA1_Channel4_IRQHandler                 0x0800015f   Thumb Code     0  startup_stm32f10x_hd.o(.text)
    DMA1_Channel5_IRQHandler                 0x0800015f   Thumb Code     0  startup_stm32f10x_hd.o(.text)
    DMA1_Channel6_IRQHandler                 0x0800015f   Thumb Code     0  startup_stm32f10x_hd.o(.text)
    DMA1_Channel7_IRQHandler                 0x0800015f   Thumb Code     0  startup_stm32f10x_hd.o(.text)
    DMA2_Channel1_IRQHandler                 0x0800015f   Thumb Code     0  startup_stm32f10x_hd.o(.text)
    DMA2_Channel2_IRQHandler                 0x0800015f   Thumb Code     0  startup_stm32f10x_hd.o(.text)
    DMA2_Channel3_IRQHandler                 0x0800015f   Thumb Code     0  startup_stm32f10x_hd.o(.text)
    DMA2_Channel4_5_IRQHandler               0x0800015f   Thumb Code     0  startup_stm32f10x_hd.o(.text)
    EXTI0_IRQHandler                         0x0800015f   Thumb Code     0  startup_stm32f10x_hd.o(.text)
    EXTI15_10_IRQHandler                     0x0800015f   Thumb Code     0  startup_stm32f10x_hd.o(.text)
    EXTI1_IRQHandler                         0x0800015f   Thumb Code     0  startup_stm32f10x_hd.o(.text)
    EXTI2_IRQHandler                         0x0800015f   Thumb Code     0  startup_stm32f10x_hd.o(.text)
    EXTI3_IRQHandler                         0x0800015f   Thumb Code     0  startup_stm32f10x_hd.o(.text)
    EXTI4_IRQHandler                         0x0800015f   Thumb Code     0  startup_stm32f10x_hd.o(.text)
    EXTI9_5_IRQHandler                       0x0800015f   Thumb Code     0  startup_stm32f10x_hd.o(.text)
    FLASH_IRQHandler                         0x0800015f   Thumb Code     0  startup_stm32f10x_hd.o(.text)
    FSMC_IRQHandler                          0x0800015f   Thumb Code     0  startup_stm32f10x_hd.o(.text)
    I2C1_ER_IRQHandler                       0x0800015f   Thumb Code     0  startup_stm32f10x_hd.o(.text)
    I2C1_EV_IRQHandler                       0x0800015f   Thumb Code     0  startup_stm32f10x_hd.o(.text)
    I2C2_ER_IRQHandler                       0x0800015f   Thumb Code     0  startup_stm32f10x_hd.o(.text)
    I2C2_EV_IRQHandler                       0x0800015f   Thumb Code     0  startup_stm32f10x_hd.o(.text)
    PVD_IRQHandler                           0x0800015f   Thumb Code     0  startup_stm32f10x_hd.o(.text)
    RCC_IRQHandler                           0x0800015f   Thumb Code     0  startup_stm32f10x_hd.o(.text)
    RTCAlarm_IRQHandler                      0x0800015f   Thumb Code     0  startup_stm32f10x_hd.o(.text)
    RTC_IRQHandler                           0x0800015f   Thumb Code     0  startup_stm32f10x_hd.o(.text)
    SPI1_IRQHandler                          0x0800015f   Thumb Code     0  startup_stm32f10x_hd.o(.text)
    SPI2_IRQHandler                          0x0800015f   Thumb Code     0  startup_stm32f10x_hd.o(.text)
    SPI3_IRQHandler                          0x0800015f   Thumb Code     0  startup_stm32f10x_hd.o(.text)
    TAMPER_IRQHandler                        0x0800015f   Thumb Code     0  startup_stm32f10x_hd.o(.text)
    TIM1_BRK_IRQHandler                      0x0800015f   Thumb Code     0  startup_stm32f10x_hd.o(.text)
    TIM1_CC_IRQHandler                       0x0800015f   Thumb Code     0  startup_stm32f10x_hd.o(.text)
    TIM1_TRG_COM_IRQHandler                  0x0800015f   Thumb Code     0  startup_stm32f10x_hd.o(.text)
    TIM1_UP_IRQHandler                       0x0800015f   Thumb Code     0  startup_stm32f10x_hd.o(.text)
    TIM2_IRQHandler                          0x0800015f   Thumb Code     0  startup_stm32f10x_hd.o(.text)
    TIM3_IRQHandler                          0x0800015f   Thumb Code     0  startup_stm32f10x_hd.o(.text)
    TIM4_IRQHandler                          0x0800015f   Thumb Code     0  startup_stm32f10x_hd.o(.text)
    TIM5_IRQHandler                          0x0800015f   Thumb Code     0  startup_stm32f10x_hd.o(.text)
    TIM6_IRQHandler                          0x0800015f   Thumb Code     0  startup_stm32f10x_hd.o(.text)
    TIM7_IRQHandler                          0x0800015f   Thumb Code     0  startup_stm32f10x_hd.o(.text)
    TIM8_BRK_IRQHandler                      0x0800015f   Thumb Code     0  startup_stm32f10x_hd.o(.text)
    TIM8_CC_IRQHandler                       0x0800015f   Thumb Code     0  startup_stm32f10x_hd.o(.text)
    TIM8_TRG_COM_IRQHandler                  0x0800015f   Thumb Code     0  startup_stm32f10x_hd.o(.text)
    TIM8_UP_IRQHandler                       0x0800015f   Thumb Code     0  startup_stm32f10x_hd.o(.text)
    UART4_IRQHandler                         0x0800015f   Thumb Code     0  startup_stm32f10x_hd.o(.text)
    UART5_IRQHandler                         0x0800015f   Thumb Code     0  startup_stm32f10x_hd.o(.text)
    USART1_IRQHandler                        0x0800015f   Thumb Code     0  startup_stm32f10x_hd.o(.text)
    USART2_IRQHandler                        0x0800015f   Thumb Code     0  startup_stm32f10x_hd.o(.text)
    USART3_IRQHandler                        0x0800015f   Thumb Code     0  startup_stm32f10x_hd.o(.text)
    USBWakeUp_IRQHandler                     0x0800015f   Thumb Code     0  startup_stm32f10x_hd.o(.text)
    USB_HP_CAN1_TX_IRQHandler                0x0800015f   Thumb Code     0  startup_stm32f10x_hd.o(.text)
    USB_LP_CAN1_RX0_IRQHandler               0x0800015f   Thumb Code     0  startup_stm32f10x_hd.o(.text)
    WWDG_IRQHandler                          0x0800015f   Thumb Code     0  startup_stm32f10x_hd.o(.text)
    test_config                              0x08000169   Thumb Code    14  bsp_test.o(.text)
    SD_test                                  0x08000177   Thumb Code   166  bsp_test.o(.text)
    SD_DeInit                                0x080002bd   Thumb Code    64  sdio_sdcard.o(.text)
    NVIC_Configuration                       0x080002fd   Thumb Code    40  sdio_sdcard.o(.text)
    SD_EnableWideBusOperation                0x080005a7   Thumb Code   112  sdio_sdcard.o(.text)
    SD_SelectDeselect                        0x08000617   Thumb Code    40  sdio_sdcard.o(.text)
    SD_GetCardInfo                           0x0800063f   Thumb Code   634  sdio_sdcard.o(.text)
    SD_InitializeCards                       0x080008e7   Thumb Code   250  sdio_sdcard.o(.text)
    SD_PowerON                               0x080009e1   Thumb Code   440  sdio_sdcard.o(.text)
    SD_Init                                  0x08000b99   Thumb Code   176  sdio_sdcard.o(.text)
    SD_SendStatus                            0x08000c49   Thumb Code    36  sdio_sdcard.o(.text)
    SD_GetState                              0x08000c6d   Thumb Code    26  sdio_sdcard.o(.text)
    SD_GetStatus                             0x08000c87   Thumb Code    26  sdio_sdcard.o(.text)
    SD_PowerOFF                              0x08000ca1   Thumb Code    14  sdio_sdcard.o(.text)
    SD_SendSDStatus                          0x08000caf   Thumb Code   312  sdio_sdcard.o(.text)
    SD_GetCardStatus                         0x08000de7   Thumb Code   128  sdio_sdcard.o(.text)
    SD_ReadBlock                             0x08000e67   Thumb Code   160  sdio_sdcard.o(.text)
    SD_ReadMultiBlocks                       0x08000f07   Thumb Code   174  sdio_sdcard.o(.text)
    SD_WaitReadOperation                     0x08000fb5   Thumb Code    36  sdio_sdcard.o(.text)
    SD_WriteBlock                            0x08000fd9   Thumb Code   172  sdio_sdcard.o(.text)
    SD_WriteMultiBlocks                      0x08001085   Thumb Code   256  sdio_sdcard.o(.text)
    SD_WaitWriteOperation                    0x08001185   Thumb Code    44  sdio_sdcard.o(.text)
    SD_GetTransferState                      0x080011b1   Thumb Code    14  sdio_sdcard.o(.text)
    SD_StopTransfer                          0x080011bf   Thumb Code    18  sdio_sdcard.o(.text)
    SD_Erase                                 0x080012d5   Thumb Code   228  sdio_sdcard.o(.text)
    SD_ProcessIRQSrc                         0x080013b9   Thumb Code    56  sdio_sdcard.o(.text)
    convert_from_bytes_to_power_of_two       0x080013f1   Thumb Code    18  sdio_sdcard.o(.text)
    USART1_Config                            0x080014a9   Thumb Code   116  usart1.o(.text)
    fputc                                    0x0800151d   Thumb Code    24  usart1.o(.text)
    USART1_printf                            0x08001535   Thumb Code   256  usart1.o(.text)
    FSMC_LCD_Init                            0x0800163d   Thumb Code   222  fsmc_sram.o(.text)
    RCC_Configuration                        0x08001725   Thumb Code     4  lcd_bottom.o(.text)
    Delay                                    0x08001729   Thumb Code    10  lcd_bottom.o(.text)
    LCD_WR_Data                              0x08001735   Thumb Code     6  lcd_dis24.o(.text)
    LCD_WR_REG                               0x0800173b   Thumb Code     8  lcd_dis24.o(.text)
    LCD_WR_CMD                               0x08001743   Thumb Code    12  lcd_dis24.o(.text)
    lcd_DrawPicture                          0x0800174f   Thumb Code   254  lcd_dis24.o(.text)
    LCD_RD_data                              0x0800184d   Thumb Code     8  lcd_dis24.o(.text)
    lcd_BGR2RGB                              0x08001855   Thumb Code    18  lcd_dis24.o(.text)
    LCD_Init                                 0x08001867   Thumb Code   528  lcd_dis24.o(.text)
    lcd_rst                                  0x08001a77   Thumb Code    38  lcd_dis24.o(.text)
    lcd_wr_zf                                0x08001a9d   Thumb Code   452  lcd_dis24.o(.text)
    num_pub                                  0x08001c61   Thumb Code    58  lcd_dis24.o(.text)
    LCD_test                                 0x08001c9b   Thumb Code   286  lcd_dis24.o(.text)
    main                                     0x08001df1   Thumb Code    22  main.o(.text)
    NMI_Handler                              0x08001e07   Thumb Code     2  stm32f10x_it.o(.text)
    HardFault_Handler                        0x08001e09   Thumb Code     2  stm32f10x_it.o(.text)
    MemManage_Handler                        0x08001e0b   Thumb Code     2  stm32f10x_it.o(.text)
    BusFault_Handler                         0x08001e0d   Thumb Code     2  stm32f10x_it.o(.text)
    UsageFault_Handler                       0x08001e0f   Thumb Code     2  stm32f10x_it.o(.text)
    SVC_Handler                              0x08001e11   Thumb Code     2  stm32f10x_it.o(.text)
    DebugMon_Handler                         0x08001e13   Thumb Code     2  stm32f10x_it.o(.text)
    PendSV_Handler                           0x08001e15   Thumb Code     2  stm32f10x_it.o(.text)
    SysTick_Handler                          0x08001e17   Thumb Code     2  stm32f10x_it.o(.text)
    SDIO_IRQHandler                          0x08001e19   Thumb Code     4  stm32f10x_it.o(.text)
    NVIC_PriorityGroupConfig                 0x08001e1d   Thumb Code    10  misc.o(.text)
    NVIC_Init                                0x08001e27   Thumb Code    90  misc.o(.text)
    NVIC_SetVectorTable                      0x08001e81   Thumb Code    14  misc.o(.text)
    NVIC_SystemLPConfig                      0x08001e8f   Thumb Code    20  misc.o(.text)
    SysTick_CLKSourceConfig                  0x08001ea3   Thumb Code    24  misc.o(.text)
    DMA_DeInit                               0x08001ecd   Thumb Code   218  stm32f10x_dma.o(.text)
    DMA_Init                                 0x08001fa7   Thumb Code    58  stm32f10x_dma.o(.text)
    DMA_StructInit                           0x08001fe1   Thumb Code    26  stm32f10x_dma.o(.text)
    DMA_Cmd                                  0x08001ffb   Thumb Code    22  stm32f10x_dma.o(.text)
    DMA_ITConfig                             0x08002011   Thumb Code    16  stm32f10x_dma.o(.text)
    DMA_SetCurrDataCounter                   0x08002021   Thumb Code     4  stm32f10x_dma.o(.text)
    DMA_GetCurrDataCounter                   0x08002025   Thumb Code     6  stm32f10x_dma.o(.text)
    DMA_GetFlagStatus                        0x0800202b   Thumb Code    28  stm32f10x_dma.o(.text)
    DMA_ClearFlag                            0x08002047   Thumb Code    20  stm32f10x_dma.o(.text)
    DMA_GetITStatus                          0x0800205b   Thumb Code    28  stm32f10x_dma.o(.text)
    DMA_ClearITPendingBit                    0x08002077   Thumb Code    20  stm32f10x_dma.o(.text)
    GPIO_DeInit                              0x08002095   Thumb Code   152  stm32f10x_gpio.o(.text)
    GPIO_AFIODeInit                          0x0800212d   Thumb Code    22  stm32f10x_gpio.o(.text)
    GPIO_Init                                0x08002143   Thumb Code   162  stm32f10x_gpio.o(.text)
    GPIO_StructInit                          0x080021e5   Thumb Code    16  stm32f10x_gpio.o(.text)
    GPIO_ReadInputDataBit                    0x080021f5   Thumb Code    14  stm32f10x_gpio.o(.text)
    GPIO_ReadInputData                       0x08002203   Thumb Code     6  stm32f10x_gpio.o(.text)
    GPIO_ReadOutputDataBit                   0x08002209   Thumb Code    14  stm32f10x_gpio.o(.text)
    GPIO_ReadOutputData                      0x08002217   Thumb Code     6  stm32f10x_gpio.o(.text)
    GPIO_SetBits                             0x0800221d   Thumb Code     4  stm32f10x_gpio.o(.text)
    GPIO_ResetBits                           0x08002221   Thumb Code     4  stm32f10x_gpio.o(.text)
    GPIO_WriteBit                            0x08002225   Thumb Code    10  stm32f10x_gpio.o(.text)
    GPIO_Write                               0x0800222f   Thumb Code     4  stm32f10x_gpio.o(.text)
    GPIO_PinLockConfig                       0x08002233   Thumb Code    16  stm32f10x_gpio.o(.text)
    GPIO_EventOutputConfig                   0x08002243   Thumb Code    22  stm32f10x_gpio.o(.text)
    GPIO_EventOutputCmd                      0x08002259   Thumb Code     6  stm32f10x_gpio.o(.text)
    GPIO_PinRemapConfig                      0x0800225f   Thumb Code    82  stm32f10x_gpio.o(.text)
    GPIO_EXTILineConfig                      0x080022b1   Thumb Code    34  stm32f10x_gpio.o(.text)
    GPIO_ETH_MediaInterfaceConfig            0x080022d3   Thumb Code     6  stm32f10x_gpio.o(.text)
    RCC_DeInit                               0x08002301   Thumb Code    50  stm32f10x_rcc.o(.text)
    RCC_HSEConfig                            0x08002333   Thumb Code    48  stm32f10x_rcc.o(.text)
    RCC_GetFlagStatus                        0x08002363   Thumb Code    42  stm32f10x_rcc.o(.text)
    RCC_WaitForHSEStartUp                    0x0800238d   Thumb Code    38  stm32f10x_rcc.o(.text)
    RCC_AdjustHSICalibrationValue            0x080023b3   Thumb Code    16  stm32f10x_rcc.o(.text)
    RCC_HSICmd                               0x080023c3   Thumb Code     6  stm32f10x_rcc.o(.text)
    RCC_PLLConfig                            0x080023c9   Thumb Code    16  stm32f10x_rcc.o(.text)
    RCC_PLLCmd                               0x080023d9   Thumb Code     6  stm32f10x_rcc.o(.text)
    RCC_SYSCLKConfig                         0x080023df   Thumb Code    14  stm32f10x_rcc.o(.text)
    RCC_GetSYSCLKSource                      0x080023ed   Thumb Code    10  stm32f10x_rcc.o(.text)
    RCC_HCLKConfig                           0x080023f7   Thumb Code    14  stm32f10x_rcc.o(.text)
    RCC_PCLK1Config                          0x08002405   Thumb Code    14  stm32f10x_rcc.o(.text)
    RCC_PCLK2Config                          0x08002413   Thumb Code    16  stm32f10x_rcc.o(.text)
    RCC_ITConfig                             0x08002423   Thumb Code    18  stm32f10x_rcc.o(.text)
    RCC_USBCLKConfig                         0x08002435   Thumb Code     6  stm32f10x_rcc.o(.text)
    RCC_ADCCLKConfig                         0x0800243b   Thumb Code    14  stm32f10x_rcc.o(.text)
    RCC_LSEConfig                            0x08002449   Thumb Code    26  stm32f10x_rcc.o(.text)
    RCC_LSICmd                               0x08002463   Thumb Code     6  stm32f10x_rcc.o(.text)
    RCC_RTCCLKConfig                         0x08002469   Thumb Code    10  stm32f10x_rcc.o(.text)
    RCC_RTCCLKCmd                            0x08002473   Thumb Code     8  stm32f10x_rcc.o(.text)
    RCC_GetClocksFreq                        0x0800247b   Thumb Code   138  stm32f10x_rcc.o(.text)
    RCC_AHBPeriphClockCmd                    0x08002505   Thumb Code    18  stm32f10x_rcc.o(.text)
    RCC_APB2PeriphClockCmd                   0x08002517   Thumb Code    18  stm32f10x_rcc.o(.text)
    RCC_APB1PeriphClockCmd                   0x08002529   Thumb Code    18  stm32f10x_rcc.o(.text)
    RCC_APB2PeriphResetCmd                   0x0800253b   Thumb Code    18  stm32f10x_rcc.o(.text)
    RCC_APB1PeriphResetCmd                   0x0800254d   Thumb Code    18  stm32f10x_rcc.o(.text)
    RCC_BackupResetCmd                       0x0800255f   Thumb Code     8  stm32f10x_rcc.o(.text)
    RCC_ClockSecuritySystemCmd               0x08002567   Thumb Code     6  stm32f10x_rcc.o(.text)
    RCC_MCOConfig                            0x0800256d   Thumb Code     6  stm32f10x_rcc.o(.text)
    RCC_ClearFlag                            0x08002573   Thumb Code    12  stm32f10x_rcc.o(.text)
    RCC_GetITStatus                          0x0800257f   Thumb Code    16  stm32f10x_rcc.o(.text)
    RCC_ClearITPendingBit                    0x0800258f   Thumb Code     6  stm32f10x_rcc.o(.text)
    SDIO_DeInit                              0x080025bd   Thumb Code    26  stm32f10x_sdio.o(.text)
    SDIO_Init                                0x080025d7   Thumb Code    40  stm32f10x_sdio.o(.text)
    SDIO_StructInit                          0x080025ff   Thumb Code    16  stm32f10x_sdio.o(.text)
    SDIO_ClockCmd                            0x0800260f   Thumb Code     6  stm32f10x_sdio.o(.text)
    SDIO_SetPowerState                       0x08002615   Thumb Code    18  stm32f10x_sdio.o(.text)
    SDIO_GetPowerState                       0x08002627   Thumb Code    10  stm32f10x_sdio.o(.text)
    SDIO_ITConfig                            0x08002631   Thumb Code    18  stm32f10x_sdio.o(.text)
    SDIO_DMACmd                              0x08002643   Thumb Code     6  stm32f10x_sdio.o(.text)
    SDIO_SendCommand                         0x08002649   Thumb Code    34  stm32f10x_sdio.o(.text)
    SDIO_CmdStructInit                       0x0800266b   Thumb Code    14  stm32f10x_sdio.o(.text)
    SDIO_GetCommandResponse                  0x08002679   Thumb Code     8  stm32f10x_sdio.o(.text)
    SDIO_GetResponse                         0x08002681   Thumb Code     8  stm32f10x_sdio.o(.text)
    SDIO_DataConfig                          0x08002689   Thumb Code    38  stm32f10x_sdio.o(.text)
    SDIO_DataStructInit                      0x080026af   Thumb Code    20  stm32f10x_sdio.o(.text)
    SDIO_GetDataCounter                      0x080026c3   Thumb Code     6  stm32f10x_sdio.o(.text)
    SDIO_ReadData                            0x080026c9   Thumb Code     6  stm32f10x_sdio.o(.text)
    SDIO_WriteData                           0x080026cf   Thumb Code     6  stm32f10x_sdio.o(.text)
    SDIO_GetFIFOCount                        0x080026d5   Thumb Code     6  stm32f10x_sdio.o(.text)
    SDIO_StartSDIOReadWait                   0x080026db   Thumb Code     8  stm32f10x_sdio.o(.text)
    SDIO_StopSDIOReadWait                    0x080026e3   Thumb Code     8  stm32f10x_sdio.o(.text)
    SDIO_SetSDIOReadWaitMode                 0x080026eb   Thumb Code     8  stm32f10x_sdio.o(.text)
    SDIO_SetSDIOOperation                    0x080026f3   Thumb Code     8  stm32f10x_sdio.o(.text)
    SDIO_SendSDIOSuspendCmd                  0x080026fb   Thumb Code     6  stm32f10x_sdio.o(.text)
    SDIO_CommandCompletionCmd                0x08002701   Thumb Code     6  stm32f10x_sdio.o(.text)
    SDIO_CEATAITCmd                          0x08002707   Thumb Code    10  stm32f10x_sdio.o(.text)
    SDIO_SendCEATACmd                        0x08002711   Thumb Code     6  stm32f10x_sdio.o(.text)
    SDIO_GetFlagStatus                       0x08002717   Thumb Code    16  stm32f10x_sdio.o(.text)
    SDIO_ClearFlag                           0x08002727   Thumb Code     6  stm32f10x_sdio.o(.text)
    SDIO_GetITStatus                         0x0800272d   Thumb Code    16  stm32f10x_sdio.o(.text)
    SDIO_ClearITPendingBit                   0x0800273d   Thumb Code     6  stm32f10x_sdio.o(.text)
    USART_DeInit                             0x08002769   Thumb Code    96  stm32f10x_usart.o(.text)
    USART_Init                               0x080027c9   Thumb Code   176  stm32f10x_usart.o(.text)
    USART_StructInit                         0x08002879   Thumb Code    22  stm32f10x_usart.o(.text)
    USART_ClockInit                          0x0800288f   Thumb Code    30  stm32f10x_usart.o(.text)
    USART_ClockStructInit                    0x080028ad   Thumb Code    12  stm32f10x_usart.o(.text)
    USART_Cmd                                0x080028b9   Thumb Code    20  stm32f10x_usart.o(.text)
    USART_ITConfig                           0x080028cd   Thumb Code    48  stm32f10x_usart.o(.text)
    USART_DMACmd                             0x080028fd   Thumb Code    16  stm32f10x_usart.o(.text)
    USART_SetAddress                         0x0800290d   Thumb Code    16  stm32f10x_usart.o(.text)
    USART_WakeUpConfig                       0x0800291d   Thumb Code    16  stm32f10x_usart.o(.text)
    USART_ReceiverWakeUpCmd                  0x0800292d   Thumb Code    20  stm32f10x_usart.o(.text)
    USART_LINBreakDetectLengthConfig         0x08002941   Thumb Code    16  stm32f10x_usart.o(.text)
    USART_LINCmd                             0x08002951   Thumb Code    20  stm32f10x_usart.o(.text)
    USART_SendData                           0x08002965   Thumb Code     8  stm32f10x_usart.o(.text)
    USART_ReceiveData                        0x0800296d   Thumb Code     8  stm32f10x_usart.o(.text)
    USART_SendBreak                          0x08002975   Thumb Code    10  stm32f10x_usart.o(.text)
    USART_SetGuardTime                       0x0800297f   Thumb Code    16  stm32f10x_usart.o(.text)
    USART_SetPrescaler                       0x0800298f   Thumb Code    16  stm32f10x_usart.o(.text)
    USART_SmartCardCmd                       0x0800299f   Thumb Code    20  stm32f10x_usart.o(.text)
    USART_SmartCardNACKCmd                   0x080029b3   Thumb Code    20  stm32f10x_usart.o(.text)
    USART_HalfDuplexCmd                      0x080029c7   Thumb Code    20  stm32f10x_usart.o(.text)
    USART_OverSampling8Cmd                   0x080029db   Thumb Code    20  stm32f10x_usart.o(.text)
    USART_OneBitMethodCmd                    0x080029ef   Thumb Code    20  stm32f10x_usart.o(.text)
    USART_IrDAConfig                         0x08002a03   Thumb Code    16  stm32f10x_usart.o(.text)
    USART_IrDACmd                            0x08002a13   Thumb Code    20  stm32f10x_usart.o(.text)
    USART_GetFlagStatus                      0x08002a27   Thumb Code    14  stm32f10x_usart.o(.text)
    USART_ClearFlag                          0x08002a35   Thumb Code     6  stm32f10x_usart.o(.text)
    USART_GetITStatus                        0x08002a3b   Thumb Code    62  stm32f10x_usart.o(.text)
    USART_ClearITPendingBit                  0x08002a79   Thumb Code    12  stm32f10x_usart.o(.text)
    FSMC_NORSRAMDeInit                       0x08002a99   Thumb Code    36  stm32f10x_fsmc.o(.text)
    FSMC_NANDDeInit                          0x08002abd   Thumb Code    40  stm32f10x_fsmc.o(.text)
    FSMC_PCCARDDeInit                        0x08002ae5   Thumb Code    24  stm32f10x_fsmc.o(.text)
    FSMC_NORSRAMInit                         0x08002afd   Thumb Code   192  stm32f10x_fsmc.o(.text)
    FSMC_NANDInit                            0x08002bbd   Thumb Code   104  stm32f10x_fsmc.o(.text)
    FSMC_PCCARDInit                          0x08002c25   Thumb Code   110  stm32f10x_fsmc.o(.text)
    FSMC_NORSRAMStructInit                   0x08002c93   Thumb Code    98  stm32f10x_fsmc.o(.text)
    FSMC_NANDStructInit                      0x08002cf5   Thumb Code    54  stm32f10x_fsmc.o(.text)
    FSMC_PCCARDStructInit                    0x08002d2b   Thumb Code    60  stm32f10x_fsmc.o(.text)
    FSMC_NORSRAMCmd                          0x08002d67   Thumb Code    28  stm32f10x_fsmc.o(.text)
    FSMC_NANDCmd                             0x08002d83   Thumb Code    54  stm32f10x_fsmc.o(.text)
    FSMC_PCCARDCmd                           0x08002db9   Thumb Code    24  stm32f10x_fsmc.o(.text)
    FSMC_NANDECCCmd                          0x08002dd1   Thumb Code    54  stm32f10x_fsmc.o(.text)
    FSMC_GetECC                              0x08002e07   Thumb Code    18  stm32f10x_fsmc.o(.text)
    FSMC_ITConfig                            0x08002e19   Thumb Code    80  stm32f10x_fsmc.o(.text)
    FSMC_GetFlagStatus                       0x08002e69   Thumb Code    40  stm32f10x_fsmc.o(.text)
    FSMC_ClearFlag                           0x08002e91   Thumb Code    42  stm32f10x_fsmc.o(.text)
    FSMC_GetITStatus                         0x08002ebb   Thumb Code    56  stm32f10x_fsmc.o(.text)
    FSMC_ClearITPendingBit                   0x08002ef3   Thumb Code    44  stm32f10x_fsmc.o(.text)
    SystemInit                               0x08002f21   Thumb Code    64  system_stm32f10x.o(.text)
    SystemCoreClockUpdate                    0x08002f61   Thumb Code    86  system_stm32f10x.o(.text)
    ff_convert                               0x08003061   Thumb Code    68  cc936.o(.text)
    ff_wtoupper                              0x080030a5   Thumb Code    28  cc936.o(.text)
    disk_initialize                          0x080030d1   Thumb Code    16  diskio.o(.text)
    disk_status                              0x080030e1   Thumb Code     4  diskio.o(.text)
    disk_read                                0x080030e5   Thumb Code    56  diskio.o(.text)
    disk_write                               0x0800311d   Thumb Code    56  diskio.o(.text)
    disk_ioctl                               0x08003155   Thumb Code     4  diskio.o(.text)
    get_fattime                              0x08003159   Thumb Code     4  diskio.o(.text)
    clust2sect                               0x080031c7   Thumb Code    24  ff.o(.text)
    get_fat                                  0x080031df   Thumb Code   182  ff.o(.text)
    put_fat                                  0x08003295   Thumb Code   242  ff.o(.text)
    gen_numname                              0x08003583   Thumb Code   120  ff.o(.text)
    f_mount                                  0x08003fa3   Thumb Code    26  ff.o(.text)
    f_open                                   0x08003fbd   Thumb Code   432  ff.o(.text)
    f_read                                   0x0800416d   Thumb Code   336  ff.o(.text)
    f_write                                  0x080042bd   Thumb Code   396  ff.o(.text)
    f_sync                                   0x08004449   Thumb Code   164  ff.o(.text)
    f_close                                  0x080044ed   Thumb Code    18  ff.o(.text)
    f_lseek                                  0x080044ff   Thumb Code   306  ff.o(.text)
    f_opendir                                0x08004631   Thumb Code    86  ff.o(.text)
    f_readdir                                0x08004687   Thumb Code    92  ff.o(.text)
    __scatterload                            0x08004805   Thumb Code    28  init.o(.text)
    __scatterload_rt2                        0x08004805   Thumb Code     0  init.o(.text)
    __0printf$2                              0x08004829   Thumb Code    22  printf2.o(i.__0printf$2)
    __1printf$2                              0x08004829   Thumb Code     0  printf2.o(i.__0printf$2)
    __2printf                                0x08004829   Thumb Code     0  printf2.o(i.__0printf$2)
    __scatterload_copy                       0x08004849   Thumb Code    14  handlers.o(i.__scatterload_copy)
    __scatterload_null                       0x08004857   Thumb Code     2  handlers.o(i.__scatterload_null)
    __scatterload_zeroinit                   0x08004859   Thumb Code    14  handlers.o(i.__scatterload_zeroinit)
    zm0                                      0x08004930   Data          96  pic.o(.constdata)
    zm1                                      0x08004990   Data          96  pic.o(.constdata)
    zm2                                      0x080049f0   Data          96  pic.o(.constdata)
    zm3                                      0x08004a50   Data          96  pic.o(.constdata)
    zm4                                      0x08004ab0   Data          96  pic.o(.constdata)
    zm5                                      0x08004b10   Data          96  pic.o(.constdata)
    zm6                                      0x08004b70   Data          96  pic.o(.constdata)
    zm7                                      0x08004bd0   Data          96  pic.o(.constdata)
    zm8                                      0x08004c30   Data          96  pic.o(.constdata)
    zm9                                      0x08004c90   Data          96  pic.o(.constdata)
    zf3                                      0x08004cf0   Data        1120  pic.o(.constdata)
    Region$$Table$$Base                      0x0802fe28   Number         0  anon$$obj.o(Region$$Table)
    Region$$Table$$Limit                     0x0802fe48   Number         0  anon$$obj.o(Region$$Table)
    res                                      0x20000000   Data           4  bsp_test.o(.data)
    a                                        0x20000004   Data           4  bsp_test.o(.data)
    br                                       0x20000008   Data           4  bsp_test.o(.data)
    bw                                       0x2000000c   Data           4  bsp_test.o(.data)
    textFileBuffer                           0x20000010   Data          36  bsp_test.o(.data)
    TransferError                            0x20000034   Data           1  sdio_sdcard.o(.data)
    StopCondition                            0x20000040   Data           4  sdio_sdcard.o(.data)
    TransferEnd                              0x20000044   Data           4  sdio_sdcard.o(.data)
    color1                                   0x20000048   Data           4  lcd_dis24.o(.data)
    SystemCoreClock                          0x20000060   Data           4  system_stm32f10x.o(.data)
    AHBPrescTable                            0x20000064   Data          16  system_stm32f10x.o(.data)
    __stdout                                 0x2000007c   Data           4  stdout.o(.data)
    fdst                                     0x20000080   Data         548  bsp_test.o(.bss)
    fs                                       0x200002a4   Data         560  bsp_test.o(.bss)
    buffer                                   0x200004d4   Data         512  bsp_test.o(.bss)
    SDCardInfo                               0x20000704   Data          80  sdio_sdcard.o(.bss)
    SDIO_InitStructure                       0x20000754   Data          24  sdio_sdcard.o(.bss)
    SDIO_CmdInitStructure                    0x2000076c   Data          20  sdio_sdcard.o(.bss)
    SDIO_DataInitStructure                   0x20000780   Data          24  sdio_sdcard.o(.bss)
    __initial_sp                             0x20000b98   Data           0  startup_stm32f10x_hd.o(STACK)



==============================================================================

Memory Map of the image

  Image Entry point : 0x08000131

  Load Region LR_IROM1 (Base: 0x08000000, Size: 0x0002fec8, Max: 0x00080000, ABSOLUTE)

    Execution Region ER_IROM1 (Base: 0x08000000, Size: 0x0002fe48, Max: 0x00080000, ABSOLUTE)

    Base Addr    Size         Type   Attr      Idx    E Section Name        Object

    0x08000000   0x00000130   Data   RO            3    RESET               startup_stm32f10x_hd.o
    0x08000130   0x00000000   Code   RO          387  * .ARM.Collect$$$$00000000  mc_w.l(entry.o)
    0x08000130   0x00000004   Code   RO          651    .ARM.Collect$$$$00000001  mc_w.l(entry2.o)
    0x08000134   0x00000004   Code   RO          654    .ARM.Collect$$$$00000004  mc_w.l(entry5.o)
    0x08000138   0x00000008   Code   RO          655    .ARM.Collect$$$$00000007  mc_w.l(entry7.o)
    0x08000140   0x00000004   Code   RO          652    .ARM.Collect$$$$00002712  mc_w.l(entry2.o)
    0x08000144   0x00000024   Code   RO            4    .text               startup_stm32f10x_hd.o
    0x08000168   0x00000154   Code   RO           10    .text               bsp_test.o
    0x080002bc   0x000011ec   Code   RO           88    .text               sdio_sdcard.o
    0x080014a8   0x00000194   Code   RO          105    .text               usart1.o
    0x0800163c   0x000000e8   Code   RO          124    .text               fsmc_sram.o
    0x08001724   0x0000000e   Code   RO          139    .text               lcd_bottom.o
    0x08001732   0x00000002   PAD
    0x08001734   0x000006bc   Code   RO          154    .text               lcd_dis24.o
    0x08001df0   0x00000016   Code   RO          189    .text               main.o
    0x08001e06   0x00000016   Code   RO          201    .text               stm32f10x_it.o
    0x08001e1c   0x000000b0   Code   RO          216    .text               misc.o
    0x08001ecc   0x000001c8   Code   RO          228    .text               stm32f10x_dma.o
    0x08002094   0x0000026c   Code   RO          240    .text               stm32f10x_gpio.o
    0x08002300   0x000002bc   Code   RO          252    .text               stm32f10x_rcc.o
    0x080025bc   0x000001ac   Code   RO          266    .text               stm32f10x_sdio.o
    0x08002768   0x00000330   Code   RO          278    .text               stm32f10x_usart.o
    0x08002a98   0x00000486   Code   RO          290    .text               stm32f10x_fsmc.o
    0x08002f1e   0x00000002   PAD
    0x08002f20   0x00000140   Code   RO          312    .text               system_stm32f10x.o
    0x08003060   0x00000070   Code   RO          330    .text               cc936.o
    0x080030d0   0x0000008c   Code   RO          353    .text               diskio.o
    0x0800315c   0x000016a6   Code   RO          368    .text               ff.o
    0x08004802   0x00000002   PAD
    0x08004804   0x00000024   Code   RO          672    .text               mc_w.l(init.o)
    0x08004828   0x00000020   Code   RO          457    i.__0printf$2       mc_w.l(printf2.o)
    0x08004848   0x0000000e   Code   RO          682    i.__scatterload_copy  mc_w.l(handlers.o)
    0x08004856   0x00000002   Code   RO          683    i.__scatterload_null  mc_w.l(handlers.o)
    0x08004858   0x0000000e   Code   RO          684    i.__scatterload_zeroinit  mc_w.l(handlers.o)
    0x08004866   0x000000ca   Code   RO          464    i._printf_core      mc_w.l(printf2.o)
    0x08004930   0x00000060   Data   RO          171    .constdata          pic.o
    0x08004990   0x00000060   Data   RO          172    .constdata          pic.o
    0x080049f0   0x00000060   Data   RO          173    .constdata          pic.o
    0x08004a50   0x00000060   Data   RO          174    .constdata          pic.o
    0x08004ab0   0x00000060   Data   RO          175    .constdata          pic.o
    0x08004b10   0x00000060   Data   RO          176    .constdata          pic.o
    0x08004b70   0x00000060   Data   RO          177    .constdata          pic.o
    0x08004bd0   0x00000060   Data   RO          178    .constdata          pic.o
    0x08004c30   0x00000060   Data   RO          179    .constdata          pic.o
    0x08004c90   0x00000060   Data   RO          180    .constdata          pic.o
    0x08004cf0   0x00000460   Data   RO          181    .constdata          pic.o
    0x08005150   0x0002acc8   Data   RO          331    .constdata          cc936.o
    0x0802fe18   0x0000000d   Data   RO          369    .constdata          ff.o
    0x0802fe25   0x00000003   PAD
    0x0802fe28   0x00000020   Data   RO          680    Region$$Table       anon$$obj.o


    Execution Region RW_IRAM1 (Base: 0x20000000, Size: 0x00000b98, Max: 0x00010000, ABSOLUTE)

    Base Addr    Size         Type   Attr      Idx    E Section Name        Object

    0x20000000   0x00000034   Data   RW           13    .data               bsp_test.o
    0x20000034   0x00000014   Data   RW           90    .data               sdio_sdcard.o
    0x20000048   0x00000004   Data   RW          155    .data               lcd_dis24.o
    0x2000004c   0x00000014   Data   RW          253    .data               stm32f10x_rcc.o
    0x20000060   0x00000014   Data   RW          313    .data               system_stm32f10x.o
    0x20000074   0x00000008   Data   RW          370    .data               ff.o
    0x2000007c   0x00000004   Data   RW          656    .data               mc_w.l(stdout.o)
    0x20000080   0x00000654   Zero   RW           12    .bss                bsp_test.o
    0x200006d4   0x000000c4   Zero   RW           89    .bss                sdio_sdcard.o
    0x20000798   0x00000400   Zero   RW            1    STACK               startup_stm32f10x_hd.o


==============================================================================

Image component sizes


      Code (inc. data)   RO Data    RW Data    ZI Data      Debug   Object Name

       340        160          0         52       1620     268595   bsp_test.o
       112         16     175304          0          0       1925   cc936.o
       140          0          0          0          0       2602   diskio.o
      5798         42         13          8          0      23520   ff.o
       232         10          0          0          0        648   fsmc_sram.o
        14          0          0          0          0        766   lcd_bottom.o
      1724         90          0          4          0       5348   lcd_dis24.o
        22          0          0          0          0        371   main.o
       176         18          0          0          0       1697   misc.o
         0          0       2080          0          0        688   pic.o
      4588         90          0         20        196      16701   sdio_sdcard.o
        36          8        304          0       1024        784   startup_stm32f10x_hd.o
       456         10          0          0          0       4470   stm32f10x_dma.o
      1158          8          0          0          0       5683   stm32f10x_fsmc.o
       620         40          0          0          0       5613   stm32f10x_gpio.o
        22          0          0          0          0       1266   stm32f10x_it.o
       700         40          0         20          0       8704   stm32f10x_rcc.o
       428         38          0          0          0       6952   stm32f10x_sdio.o
       816         20          0          0          0       8568   stm32f10x_usart.o
       320         32          0         20          0       1683   system_stm32f10x.o
       404          8          0          0          0       3500   usart1.o

    ----------------------------------------------------------------------
     18112        630     177736        124       2840     370084   Object Totals
         0          0         32          0          0          0   (incl. Generated)
         6          0          3          0          0          0   (incl. Padding)

    ----------------------------------------------------------------------

      Code (inc. data)   RO Data    RW Data    ZI Data      Debug   Library Member Name

         0          0          0          0          0          0   entry.o
         8          4          0          0          0          0   entry2.o
         4          0          0          0          0          0   entry5.o
         8          4          0          0          0          0   entry7.o
        30          0          0          0          0          0   handlers.o
        36          8          0          0          0         68   init.o
       234         10          0          0          0        168   printf2.o
         0          0          0          4          0          0   stdout.o

    ----------------------------------------------------------------------
       320         26          0          4          0        236   Library Totals
         0          0          0          0          0          0   (incl. Padding)

    ----------------------------------------------------------------------

      Code (inc. data)   RO Data    RW Data    ZI Data      Debug   Library Name

       320         26          0          4          0        236   mc_w.l

    ----------------------------------------------------------------------
       320         26          0          4          0        236   Library Totals

    ----------------------------------------------------------------------

==============================================================================


      Code (inc. data)   RO Data    RW Data    ZI Data      Debug   

     18432        656     177736        128       2840     367930   Grand Totals
     18432        656     177736        128       2840     367930   ELF Image Totals
     18432        656     177736        128          0          0   ROM Totals

==============================================================================

    Total RO  Size (Code + RO Data)               196168 ( 191.57kB)
    Total RW  Size (RW Data + ZI Data)              2968 (   2.90kB)
    Total ROM Size (Code + RO Data + RW Data)     196296 ( 191.70kB)

==============================================================================

