<html>
<body>
<pre>
<h1>µVision Build Log</h1>
<h2>Project:</h2>
F:\work file\stm32\SDIO_4bits\USER\sdio_4bit.uvproj
Project File Date:  02/16/2012

<h2>Output:</h2>
Clean started: Project: 'sdio_4bit'
   deleting intermediate output files for target 'Target 1'
Build target 'Target 1'
compiling main.c...
compiling stm32f10x_it.c...
compiling sdio_sdcard.c...
compiling usart1.c...
assembling startup_stm32f10x_hd.s...
compiling misc.c...
compiling stm32f10x_dma.c...
compiling stm32f10x_gpio.c...
compiling stm32f10x_rcc.c...
compiling stm32f10x_sdio.c...
compiling stm32f10x_usart.c...
compiling core_cm3.c...
compiling system_stm32f10x.c...
linking...
Program Size: Code=12328 RO-data=336 RW-data=68 ZI-data=35012  
FromELF: creating hex file...
"..\output\systick.axf" - 0 Error(s), 0 Warning(s).
