ARM Linker, 4.1 [Build 894] [Standard]

==============================================================================

Section Cross References

    startup_stm32f10x_hd.o(RESET) refers to startup_stm32f10x_hd.o(STACK) for __initial_sp
    startup_stm32f10x_hd.o(RESET) refers to startup_stm32f10x_hd.o(.text) for Reset_Handler
    startup_stm32f10x_hd.o(RESET) refers to stm32f10x_it.o(.text) for NMI_Handler
    startup_stm32f10x_hd.o(.text) refers to system_stm32f10x.o(.text) for SystemInit
    startup_stm32f10x_hd.o(.text) refers to entry.o(.ARM.Collect$$$$00000000) for __main
    lcd_botton.o(.text) refers to stm32f10x_rcc.o(.text) for RCC_AHBPeriphClockCmd
    lcd_botton.o(.text) refers to stm32f10x_gpio.o(.text) for GPIO_Init
    lcd_botton.o(.text) refers to stm32f10x_fsmc.o(.text) for FSMC_NORSRAMInit
    lcd_botton.o(.text) refers to lcd_gui.o(.text) for Delay
    main.o(.text) refers to system_stm32f10x.o(.text) for SystemInit
    main.o(.text) refers to stm32f10x_rcc.o(.text) for RCC_APB2PeriphClockCmd
    main.o(.text) refers to usart1.o(.text) for USART1_Config
    main.o(.text) refers to systick.o(.text) for SysTick_Init
    main.o(.text) refers to lcd_app.o(.text) for LCD_Init
    main.o(.text) refers to sd_fs_app.o(.text) for sd_fs_init
    main.o(.text) refers to lcd_gui.o(.text) for GUI_Text
    main.o(.text) refers to sd_bmp.o(.text) for Screen_shot
    main.o(.text) refers to ov7670.o(.text) for FIFO_GPIO_Configuration
    main.o(.text) refers to lcd_botton.o(.text) for LCD_WR_CMD
    main.o(.text) refers to main.o(.data) for .data
    main.o(.text) refers to pic.o(.constdata) for zf3
    main.o(.text) refers to ov7670.o(.data) for Vsync
    sd_fs_app.o(.text) refers to misc.o(.text) for NVIC_PriorityGroupConfig
    sd_fs_app.o(.text) refers to ff.o(.text) for f_mount
    sd_fs_app.o(.text) refers to printf6.o(i.__0printf$6) for __2printf
    sd_fs_app.o(.text) refers to diskio.o(.text) for disk_initialize
    sd_fs_app.o(.text) refers to memseta.o(.text) for __aeabi_memclr4
    sd_fs_app.o(.text) refers to printf6.o(i.__0sprintf$6) for __2sprintf
    sd_fs_app.o(.text) refers to sd_fs_app.o(.bss) for .bss
    sd_fs_app.o(.text) refers to sd_fs_app.o(.data) for .data
    sd_fs_app.o(.text) refers to sd_fs_app.o(.constdata) for .constdata
    sdio_sdcard.o(.text) refers to stm32f10x_sdio.o(.text) for SDIO_ClockCmd
    sdio_sdcard.o(.text) refers to stm32f10x_rcc.o(.text) for RCC_AHBPeriphClockCmd
    sdio_sdcard.o(.text) refers to stm32f10x_gpio.o(.text) for GPIO_Init
    sdio_sdcard.o(.text) refers to misc.o(.text) for NVIC_PriorityGroupConfig
    sdio_sdcard.o(.text) refers to sdio_sdcard.o(.bss) for .bss
    sdio_sdcard.o(.text) refers to sdio_sdcard.o(.data) for .data
    sdio_sdcard.o(.text) refers to stm32f10x_dma.o(.text) for DMA_ClearFlag
    stm32f10x_it.o(.text) refers to systick.o(.text) for TimingDelay_Decrement
    stm32f10x_it.o(.text) refers to stm32f10x_exti.o(.text) for EXTI_GetITStatus
    stm32f10x_it.o(.text) refers to sdio_sdcard.o(.text) for SD_ProcessIRQSrc
    stm32f10x_it.o(.text) refers to ov7670.o(.data) for Vsync
    systick.o(.text) refers to systick.o(.data) for .data
    usart1.o(.text) refers to stm32f10x_rcc.o(.text) for RCC_APB2PeriphClockCmd
    usart1.o(.text) refers to stm32f10x_gpio.o(.text) for GPIO_Init
    usart1.o(.text) refers to stm32f10x_usart.o(.text) for USART_Init
    lcd_app.o(.text) refers to lcd_botton.o(.text) for FSMC_LCD_Init
    lcd_app.o(.text) refers to stm32f10x_gpio.o(.text) for GPIO_ResetBits
    lcd_app.o(.text) refers to lcd_gui.o(.text) for Delay
    lcd_app.o(.text) refers to lcd_app.o(.data) for .data
    lcd_app.o(.text) refers to sd_fs_app.o(.text) for GetGBKCode_from_sd
    lcd_app.o(.text) refers to pic.o(.constdata) for zm1
    lcd_app.o(.text) refers to pic.o(.constdata) for zm2
    lcd_app.o(.text) refers to pic.o(.constdata) for zm3
    lcd_app.o(.text) refers to pic.o(.constdata) for zm4
    lcd_app.o(.text) refers to pic.o(.constdata) for zm5
    lcd_app.o(.text) refers to pic.o(.constdata) for zm6
    lcd_app.o(.text) refers to pic.o(.constdata) for zm7
    lcd_app.o(.text) refers to pic.o(.constdata) for zm8
    lcd_app.o(.text) refers to pic.o(.constdata) for zm9
    lcd_app.o(.text) refers to pic.o(.constdata) for zm0
    lcd_app.o(.text) refers to pic.o(.constdata) for zf3
    lcd_app.o(.text) refers to lcd_app.o(.constdata) for .constdata
    lcd_gui.o(.text) refers to lcd_app.o(.text) for lcd_PutChar
    sd_bmp.o(.text) refers to usart1.o(.text) for USART1_printf
    sd_bmp.o(.text) refers to printf6.o(i.__0sprintf$6) for __2sprintf
    sd_bmp.o(.text) refers to ff.o(.text) for f_mount
    sd_bmp.o(.text) refers to lcd_botton.o(.text) for Set_direction
    sd_bmp.o(.text) refers to lcd_app.o(.text) for LCD_WriteRAM
    sd_bmp.o(.text) refers to sd_bmp.o(.bss) for .bss
    sd_bmp.o(.text) refers to sd_bmp.o(.data) for .data
    sd_bmp.o(.text) refers to printf6.o(i.__0printf$6) for __2printf
[...]
    printfb.o(i.__0sprintf$bare) refers to printfb.o(i._sputc) for _sputc
    printfb.o(i.__0vfprintf$bare) refers to printfb.o(i._printf_core) for _printf_core
    printfb.o(i.__0vfprintf$bare) refers to usart1.o(.text) for fputc
    printfb.o(i.__0vprintf$bare) refers to printfb.o(i._printf_core) for _printf_core
    printfb.o(i.__0vprintf$bare) refers to usart1.o(.text) for fputc
    printfb.o(i.__0vprintf$bare) refers to stdout.o(.data) for __stdout
    printfb.o(i.__0vsnprintf$bare) refers to printfb.o(i._printf_core) for _printf_core
    printfb.o(i.__0vsnprintf$bare) refers to printfb.o(i._snputc) for _snputc
    printfb.o(i.__0vsprintf$bare) refers to printfb.o(i._printf_core) for _printf_core
    printfb.o(i.__0vsprintf$bare) refers to printfb.o(i._sputc) for _sputc
    printf0.o(i.__0fprintf$0) refers to printf0.o(i._printf_core) for _printf_core
    printf0.o(i.__0fprintf$0) refers to usart1.o(.text) for fputc
    printf0.o(i.__0printf$0) refers to printf0.o(i._printf_core) for _printf_core
    printf0.o(i.__0printf$0) refers to usart1.o(.text) for fputc
    printf0.o(i.__0printf$0) refers to stdout.o(.data) for __stdout
    printf0.o(i.__0snprintf$0) refers to printf0.o(i._printf_core) for _printf_core
    printf0.o(i.__0snprintf$0) refers to printf0.o(i._snputc) for _snputc
    printf0.o(i.__0sprintf$0) refers to printf0.o(i._printf_core) for _printf_core
    printf0.o(i.__0sprintf$0) refers to printf0.o(i._sputc) for _sputc
    printf0.o(i.__0vfprintf$0) refers to printf0.o(i._printf_core) for _printf_core
    printf0.o(i.__0vfprintf$0) refers to usart1.o(.text) for fputc
    printf0.o(i.__0vprintf$0) refers to printf0.o(i._printf_core) for _printf_core
    printf0.o(i.__0vprintf$0) refers to usart1.o(.text) for fputc
    printf0.o(i.__0vprintf$0) refers to stdout.o(.data) for __stdout
    printf0.o(i.__0vsnprintf$0) refers to printf0.o(i._printf_core) for _printf_core
    printf0.o(i.__0vsnprintf$0) refers to printf0.o(i._snputc) for _snputc
    printf0.o(i.__0vsprintf$0) refers to printf0.o(i._printf_core) for _printf_core
    printf0.o(i.__0vsprintf$0) refers to printf0.o(i._sputc) for _sputc
    printf1.o(i.__0fprintf$1) refers to printf1.o(i._printf_core) for _printf_core
    printf1.o(i.__0fprintf$1) refers to usart1.o(.text) for fputc
    printf1.o(i.__0printf$1) refers to printf1.o(i._printf_core) for _printf_core
    printf1.o(i.__0printf$1) refers to usart1.o(.text) for fputc
    printf1.o(i.__0printf$1) refers to stdout.o(.data) for __stdout
    printf1.o(i.__0snprintf$1) refers to printf1.o(i._printf_core) for _printf_core
    printf1.o(i.__0snprintf$1) refers to printf1.o(i._snputc) for _snputc
    printf1.o(i.__0sprintf$1) refers to printf1.o(i._printf_core) for _printf_core
    printf1.o(i.__0sprintf$1) refers to printf1.o(i._sputc) for _sputc
    printf1.o(i.__0vfprintf$1) refers to printf1.o(i._printf_core) for _printf_core
    printf1.o(i.__0vfprintf$1) refers to usart1.o(.text) for fputc
    printf1.o(i.__0vprintf$1) refers to printf1.o(i._printf_core) for _printf_core
    printf1.o(i.__0vprintf$1) refers to usart1.o(.text) for fputc
    printf1.o(i.__0vprintf$1) refers to stdout.o(.data) for __stdout
    printf1.o(i.__0vsnprintf$1) refers to printf1.o(i._printf_core) for _printf_core
    printf1.o(i.__0vsnprintf$1) refers to printf1.o(i._snputc) for _snputc
    printf1.o(i.__0vsprintf$1) refers to printf1.o(i._printf_core) for _printf_core
    printf1.o(i.__0vsprintf$1) refers to printf1.o(i._sputc) for _sputc
    printf1.o(i._printf_core) refers to uidiv.o(.text) for __aeabi_uidivmod
    printf2.o(i.__0fprintf$2) refers to printf2.o(i._printf_core) for _printf_core
    printf2.o(i.__0fprintf$2) refers to usart1.o(.text) for fputc
    printf2.o(i.__0printf$2) refers to printf2.o(i._printf_core) for _printf_core
    printf2.o(i.__0printf$2) refers to usart1.o(.text) for fputc
    printf2.o(i.__0printf$2) refers to stdout.o(.data) for __stdout
    printf2.o(i.__0snprintf$2) refers to printf2.o(i._printf_core) for _printf_core
    printf2.o(i.__0snprintf$2) refers to printf2.o(i._snputc) for _snputc
    printf2.o(i.__0sprintf$2) refers to printf2.o(i._printf_core) for _printf_core
    printf2.o(i.__0sprintf$2) refers to printf2.o(i._sputc) for _sputc
    printf2.o(i.__0vfprintf$2) refers to printf2.o(i._printf_core) for _printf_core
    printf2.o(i.__0vfprintf$2) refers to usart1.o(.text) for fputc
    printf2.o(i.__0vprintf$2) refers to printf2.o(i._printf_core) for _printf_core
    printf2.o(i.__0vprintf$2) refers to usart1.o(.text) for fputc
    printf2.o(i.__0vprintf$2) refers to stdout.o(.data) for __stdout
    printf2.o(i.__0vsnprintf$2) refers to printf2.o(i._printf_core) for _printf_core
    printf2.o(i.__0vsnprintf$2) refers to printf2.o(i._snputc) for _snputc
    printf2.o(i.__0vsprintf$2) refers to printf2.o(i._printf_core) for _printf_core
    printf2.o(i.__0vsprintf$2) refers to printf2.o(i._sputc) for _sputc
    printf3.o(i.__0fprintf$3) refers to printf3.o(i._printf_core) for _printf_core
    printf3.o(i.__0fprintf$3) refers to usart1.o(.text) for fputc
    printf3.o(i.__0printf$3) refers to printf3.o(i._printf_core) for _printf_core
    printf3.o(i.__0printf$3) refers to usart1.o(.text) for fputc
    printf3.o(i.__0printf$3) refers to stdout.o(.data) for __stdout
    printf3.o(i.__0snprintf$3) refers to printf3.o(i._printf_core) for _printf_core
    printf3.o(i.__0snprintf$3) refers to printf3.o(i._snputc) for _snputc
    printf3.o(i.__0sprintf$3) refers to printf3.o(i._printf_core) for _printf_core
    printf3.o(i.__0sprintf$3) refers to printf3.o(i._sputc) for _sputc
    printf3.o(i.__0vfprintf$3) refers to printf3.o(i._printf_core) for _printf_core
    printf3.o(i.__0vfprintf$3) refers to usart1.o(.text) for fputc
    printf3.o(i.__0vprintf$3) refers to printf3.o(i._printf_core) for _printf_core
    printf3.o(i.__0vprintf$3) refers to usart1.o(.text) for fputc
    printf3.o(i.__0vprintf$3) refers to stdout.o(.data) for __stdout
    printf3.o(i.__0vsnprintf$3) refers to printf3.o(i._printf_core) for _printf_core
    printf3.o(i.__0vsnprintf$3) refers to printf3.o(i._snputc) for _snputc
    printf3.o(i.__0vsprintf$3) refers to printf3.o(i._printf_core) for _printf_core
    printf3.o(i.__0vsprintf$3) refers to printf3.o(i._sputc) for _sputc
    printf3.o(i._printf_core) refers to uidiv.o(.text) for __aeabi_uidivmod
    printf4.o(i.__0fprintf$4) refers to printf4.o(i._printf_core) for _printf_core
    printf4.o(i.__0fprintf$4) refers to usart1.o(.text) for fputc
    printf4.o(i.__0printf$4) refers to printf4.o(i._printf_core) for _printf_core
    printf4.o(i.__0printf$4) refers to usart1.o(.text) for fputc
    printf4.o(i.__0printf$4) refers to stdout.o(.data) for __stdout
    printf4.o(i.__0snprintf$4) refers to printf4.o(i._printf_core) for _printf_core
    printf4.o(i.__0snprintf$4) refers to printf4.o(i._snputc) for _snputc
    printf4.o(i.__0sprintf$4) refers to printf4.o(i._printf_core) for _printf_core
    printf4.o(i.__0sprintf$4) refers to printf4.o(i._sputc) for _sputc
    printf4.o(i.__0vfprintf$4) refers to printf4.o(i._printf_core) for _printf_core
    printf4.o(i.__0vfprintf$4) refers to usart1.o(.text) for fputc
    printf4.o(i.__0vprintf$4) refers to printf4.o(i._printf_core) for _printf_core
    printf4.o(i.__0vprintf$4) refers to usart1.o(.text) for fputc
    printf4.o(i.__0vprintf$4) refers to stdout.o(.data) for __stdout
    printf4.o(i.__0vsnprintf$4) refers to printf4.o(i._printf_core) for _printf_core
    printf4.o(i.__0vsnprintf$4) refers to printf4.o(i._snputc) for _snputc
    printf4.o(i.__0vsprintf$4) refers to printf4.o(i._printf_core) for _printf_core
    printf4.o(i.__0vsprintf$4) refers to printf4.o(i._sputc) for _sputc
    printf4.o(i._printf_core) refers to uldiv.o(.text) for __aeabi_uldivmod
    printf5.o(i.__0fprintf$5) refers to printf5.o(i._printf_core) for _printf_core
    printf5.o(i.__0fprintf$5) refers to usart1.o(.text) for fputc
    printf5.o(i.__0printf$5) refers to printf5.o(i._printf_core) for _printf_core
    printf5.o(i.__0printf$5) refers to usart1.o(.text) for fputc
    printf5.o(i.__0printf$5) refers to stdout.o(.data) for __stdout
    printf5.o(i.__0snprintf$5) refers to printf5.o(i._printf_core) for _printf_core
    printf5.o(i.__0snprintf$5) refers to printf5.o(i._snputc) for _snputc
    printf5.o(i.__0sprintf$5) refers to printf5.o(i._printf_core) for _printf_core
    printf5.o(i.__0sprintf$5) refers to printf5.o(i._sputc) for _sputc
    printf5.o(i.__0vfprintf$5) refers to printf5.o(i._printf_core) for _printf_core
    printf5.o(i.__0vfprintf$5) refers to usart1.o(.text) for fputc
    printf5.o(i.__0vprintf$5) refers to printf5.o(i._printf_core) for _printf_core
    printf5.o(i.__0vprintf$5) refers to usart1.o(.text) for fputc
    printf5.o(i.__0vprintf$5) refers to stdout.o(.data) for __stdout
    printf5.o(i.__0vsnprintf$5) refers to printf5.o(i._printf_core) for _printf_core
    printf5.o(i.__0vsnprintf$5) refers to printf5.o(i._snputc) for _snputc
    printf5.o(i.__0vsprintf$5) refers to printf5.o(i._printf_core) for _printf_core
    printf5.o(i.__0vsprintf$5) refers to printf5.o(i._sputc) for _sputc
    printf5.o(i._printf_core) refers to uldiv.o(.text) for __aeabi_uldivmod
    printf6.o(i.__0fprintf$6) refers to printf6.o(i._printf_core) for _printf_core
    printf6.o(i.__0fprintf$6) refers to usart1.o(.text) for fputc
    printf6.o(i.__0printf$6) refers to printf6.o(i._printf_core) for _printf_core
    printf6.o(i.__0printf$6) refers to usart1.o(.text) for fputc
    printf6.o(i.__0printf$6) refers to stdout.o(.data) for __stdout
    printf6.o(i.__0snprintf$6) refers to printf6.o(i._printf_core) for _printf_core
    printf6.o(i.__0snprintf$6) refers to printf6.o(i._snputc) for _snputc
    printf6.o(i.__0sprintf$6) refers to printf6.o(i._printf_core) for _printf_core
    printf6.o(i.__0sprintf$6) refers to printf6.o(i._sputc) for _sputc
    printf6.o(i.__0vfprintf$6) refers to printf6.o(i._printf_core) for _printf_core
    printf6.o(i.__0vfprintf$6) refers to usart1.o(.text) for fputc
    printf6.o(i.__0vprintf$6) refers to printf6.o(i._printf_core) for _printf_core
    printf6.o(i.__0vprintf$6) refers to usart1.o(.text) for fputc
    printf6.o(i.__0vprintf$6) refers to stdout.o(.data) for __stdout
    printf6.o(i.__0vsnprintf$6) refers to printf6.o(i._printf_core) for _printf_core
    printf6.o(i.__0vsnprintf$6) refers to printf6.o(i._snputc) for _snputc
    printf6.o(i.__0vsprintf$6) refers to printf6.o(i._printf_core) for _printf_core
    printf6.o(i.__0vsprintf$6) refers to printf6.o(i._sputc) for _sputc
    printf6.o(i._printf_core) refers to printf6.o(i._printf_pre_padding) for _printf_pre_padding
    printf6.o(i._printf_core) refers to uidiv.o(.text) for __aeabi_uidivmod
    printf6.o(i._printf_core) refers to printf6.o(i._printf_post_padding) for _printf_post_padding
    printf7.o(i.__0fprintf$7) refers to printf7.o(i._printf_core) for _printf_core
    printf7.o(i.__0fprintf$7) refers to usart1.o(.text) for fputc
    printf7.o(i.__0printf$7) refers to printf7.o(i._printf_core) for _printf_core
    printf7.o(i.__0printf$7) refers to usart1.o(.text) for fputc
    printf7.o(i.__0printf$7) refers to stdout.o(.data) for __stdout
    printf7.o(i.__0snprintf$7) refers to printf7.o(i._printf_core) for _printf_core
    printf7.o(i.__0snprintf$7) refers to printf7.o(i._snputc) for _snputc
    printf7.o(i.__0sprintf$7) refers to printf7.o(i._printf_core) for _printf_core
    printf7.o(i.__0sprintf$7) refers to printf7.o(i._sputc) for _sputc
    printf7.o(i.__0vfprintf$7) refers to printf7.o(i._printf_core) for _printf_core
    printf7.o(i.__0vfprintf$7) refers to usart1.o(.text) for fputc
    printf7.o(i.__0vprintf$7) refers to printf7.o(i._printf_core) for _printf_core
    printf7.o(i.__0vprintf$7) refers to usart1.o(.text) for fputc
    printf7.o(i.__0vprintf$7) refers to stdout.o(.data) for __stdout
    printf7.o(i.__0vsnprintf$7) refers to printf7.o(i._printf_core) for _printf_core
    printf7.o(i.__0vsnprintf$7) refers to printf7.o(i._snputc) for _snputc
    printf7.o(i.__0vsprintf$7) refers to printf7.o(i._printf_core) for _printf_core
    printf7.o(i.__0vsprintf$7) refers to printf7.o(i._sputc) for _sputc
    printf7.o(i._printf_core) refers to printf7.o(i._printf_pre_padding) for _printf_pre_padding
    printf7.o(i._printf_core) refers to uldiv.o(.text) for __aeabi_uldivmod
    printf7.o(i._printf_core) refers to printf7.o(i._printf_post_padding) for _printf_post_padding
    printf8.o(i.__0fprintf$8) refers to printf8.o(i._printf_core) for _printf_core
    printf8.o(i.__0fprintf$8) refers to usart1.o(.text) for fputc
    printf8.o(i.__0printf$8) refers to printf8.o(i._printf_core) for _printf_core
    printf8.o(i.__0printf$8) refers to usart1.o(.text) for fputc
    printf8.o(i.__0printf$8) refers to stdout.o(.data) for __stdout
    printf8.o(i.__0snprintf$8) refers to printf8.o(i._printf_core) for _printf_core
    printf8.o(i.__0snprintf$8) refers to printf8.o(i._snputc) for _snputc
    printf8.o(i.__0sprintf$8) refers to printf8.o(i._printf_core) for _printf_core
    printf8.o(i.__0sprintf$8) refers to printf8.o(i._sputc) for _sputc
    printf8.o(i.__0vfprintf$8) refers to printf8.o(i._printf_core) for _printf_core
    printf8.o(i.__0vfprintf$8) refers to usart1.o(.text) for fputc
    printf8.o(i.__0vprintf$8) refers to printf8.o(i._printf_core) for _printf_core
    printf8.o(i.__0vprintf$8) refers to usart1.o(.text) for fputc
    printf8.o(i.__0vprintf$8) refers to stdout.o(.data) for __stdout
    printf8.o(i.__0vsnprintf$8) refers to printf8.o(i._printf_core) for _printf_core
    printf8.o(i.__0vsnprintf$8) refers to printf8.o(i._snputc) for _snputc
    printf8.o(i.__0vsprintf$8) refers to printf8.o(i._printf_core) for _printf_core
    printf8.o(i.__0vsprintf$8) refers to printf8.o(i._sputc) for _sputc
    printf8.o(i._printf_core) refers to printf8.o(i._printf_pre_padding) for _printf_pre_padding
    printf8.o(i._printf_core) refers to uldiv.o(.text) for __aeabi_uldivmod
    printf8.o(i._printf_core) refers to printf8.o(i._printf_post_padding) for _printf_post_padding
    printfa.o(i.__0fprintf) refers (Special) to iusefp.o(.text) for __I$use$fp
    printfa.o(i.__0fprintf) refers to printfa.o(i._printf_core) for _printf_core
    printfa.o(i.__0fprintf) refers to usart1.o(.text) for fputc
    printfa.o(i.__0printf) refers (Special) to iusefp.o(.text) for __I$use$fp
    printfa.o(i.__0printf) refers to printfa.o(i._printf_core) for _printf_core
    printfa.o(i.__0printf) refers to usart1.o(.text) for fputc
    printfa.o(i.__0printf) refers to stdout.o(.data) for __stdout
    printfa.o(i.__0snprintf) refers (Special) to iusefp.o(.text) for __I$use$fp
    printfa.o(i.__0snprintf) refers to printfa.o(i._printf_core) for _printf_core
    printfa.o(i.__0snprintf) refers to printfa.o(i._snputc) for _snputc
    printfa.o(i.__0sprintf) refers (Special) to iusefp.o(.text) for __I$use$fp
    printfa.o(i.__0sprintf) refers to printfa.o(i._printf_core) for _printf_core
    printfa.o(i.__0sprintf) refers to printfa.o(i._sputc) for _sputc
    printfa.o(i.__0vfprintf) refers (Special) to iusefp.o(.text) for __I$use$fp
    printfa.o(i.__0vfprintf) refers to printfa.o(i._printf_core) for _printf_core
    printfa.o(i.__0vfprintf) refers to usart1.o(.text) for fputc
    printfa.o(i.__0vprintf) refers (Special) to iusefp.o(.text) for __I$use$fp
    printfa.o(i.__0vprintf) refers to printfa.o(i._printf_core) for _printf_core
    printfa.o(i.__0vprintf) refers to usart1.o(.text) for fputc
    printfa.o(i.__0vprintf) refers to stdout.o(.data) for __stdout
    printfa.o(i.__0vsnprintf) refers (Special) to iusefp.o(.text) for __I$use$fp
    printfa.o(i.__0vsnprintf) refers to printfa.o(i._printf_core) for _printf_core
    printfa.o(i.__0vsnprintf) refers to printfa.o(i._snputc) for _snputc
    printfa.o(i.__0vsprintf) refers (Special) to iusefp.o(.text) for __I$use$fp
    printfa.o(i.__0vsprintf) refers to printfa.o(i._printf_core) for _printf_core
    printfa.o(i.__0vsprintf) refers to printfa.o(i._sputc) for _sputc
    printfa.o(i._fp_digits) refers (Special) to iusefp.o(.text) for __I$use$fp
    printfa.o(i._fp_digits) refers to dmul.o(.text) for __aeabi_dmul
    printfa.o(i._fp_digits) refers to ddiv.o(.text) for __aeabi_ddiv
    printfa.o(i._fp_digits) refers to cdrcmple.o(.text) for __aeabi_cdrcmple
    printfa.o(i._fp_digits) refers to dadd.o(.text) for __aeabi_dadd
    printfa.o(i._fp_digits) refers to dfixul.o(.text) for __aeabi_d2ulz
    printfa.o(i._fp_digits) refers to uldiv.o(.text) for __aeabi_uldivmod
    printfa.o(i._printf_core) refers (Special) to iusefp.o(.text) for __I$use$fp
    printfa.o(i._printf_core) refers to printfa.o(i._printf_pre_padding) for _printf_pre_padding
    printfa.o(i._printf_core) refers to uldiv.o(.text) for __aeabi_uldivmod
    printfa.o(i._printf_core) refers to printfa.o(i._printf_post_padding) for _printf_post_padding
    printfa.o(i._printf_core) refers to printfa.o(i._fp_digits) for _fp_digits
    printfa.o(i._printf_core) refers to uidiv.o(.text) for __aeabi_uidivmod
    printfa.o(i._printf_post_padding) refers (Special) to iusefp.o(.text) for __I$use$fp
    printfa.o(i._printf_pre_padding) refers (Special) to iusefp.o(.text) for __I$use$fp
    printfa.o(i._snputc) refers (Special) to iusefp.o(.text) for __I$use$fp
    printfa.o(i._sputc) refers (Special) to iusefp.o(.text) for __I$use$fp
    entry2.o(.ARM.Collect$$$$00000001) refers to entry2.o(.ARM.Collect$$$$00002712) for __lit__00000000
    entry2.o(.ARM.Collect$$$$00002712) refers to startup_stm32f10x_hd.o(STACK) for __initial_sp
    entry2.o(__vectab_stack_and_reset_area) refers to startup_stm32f10x_hd.o(STACK) for __initial_sp
    entry2.o(__vectab_stack_and_reset_area) refers to entry.o(.ARM.Collect$$$$00000000) for __main
    entry5.o(.ARM.Collect$$$$00000004) refers to init.o(.text) for __scatterload
    entry7.o(.ARM.Collect$$$$00000007) refers to main.o(.text) for main
    uldiv.o(.text) refers to llushr.o(.text) for __aeabi_llsr
    uldiv.o(.text) refers to llshl.o(.text) for __aeabi_llsl
    dadd.o(.text) refers to llushr.o(.text) for __aeabi_llsr
    dadd.o(.text) refers to llshl.o(.text) for __aeabi_llsl
    dadd.o(.text) refers to depilogue.o(.text) for _double_epilogue
    dmul.o(.text) refers to depilogue.o(.text) for _double_epilogue
    ddiv.o(.text) refers to depilogue.o(.text) for _double_epilogue
    dfixul.o(.text) refers to llushr.o(.text) for __aeabi_llsr
    dfixul.o(.text) refers to llshl.o(.text) for __aeabi_llsl
    init.o(.text) refers to entry5.o(.ARM.Collect$$$$00000004) for __main_after_scatterload


==============================================================================

Removing Unused input sections from the image.

    Removing startup_stm32f10x_hd.o(HEAP), (512 bytes).
    Removing lcd_botton.o(.data), (1 bytes).
    Removing main.o(.data), (512 bytes).
    Removing pic.o(.constdata), (192008 bytes).
    Removing pic.o(.constdata), (191208 bytes).
    Removing sd_fs_app.o(.bss), (548 bytes).
    Removing sd_fs_app.o(.bss), (512 bytes).
    Removing sd_fs_app.o(.data), (512 bytes).
    Removing sd_fs_app.o(.data), (4 bytes).
    Removing lcd_app.o(.data), (2 bytes).
    Removing sd_bmp.o(.bss), (1292 bytes).
    Removing sd_bmp.o(.bss), (548 bytes).
    Removing key_led_control.o(.text), (1180 bytes).
    Removing key_led_control.o(.data), (524 bytes).
    Removing stm32f10x_spi.o(.text), (684 bytes).
    Removing core_cm3.o(.emb_text), (32 bytes).
    Removing dadd.o(.text), (414 bytes).
    Removing dmul.o(.text), (232 bytes).
    Removing ddiv.o(.text), (248 bytes).
    Removing dfixul.o(.text), (50 bytes).
    Removing cdrcmple.o(.text), (76 bytes).
    Removing depilogue.o(.text), (200 bytes).

22 unused section(s) (total 391299 bytes) removed from the image.

==============================================================================

Image Symbol Table

    Local Symbols

    Symbol Name                              Value     Ov Type        Size  Object(Section)

    ../../../cmprslib/zerorunl2.c            0x00000000   Number         0  __dczerorl2.o ABSOLUTE
    ../../microlib/division.c                0x00000000   Number         0  uidiv.o ABSOLUTE
    ../../microlib/division.c                0x00000000   Number         0  uldiv.o ABSOLUTE
    ../../microlib/fpadd.c                   0x00000000   Number         0  dadd.o ABSOLUTE
    ../../microlib/fpdiv.c                   0x00000000   Number         0  ddiv.o ABSOLUTE
    ../../microlib/fpepilogue.c              0x00000000   Number         0  depilogue.o ABSOLUTE
    ../../microlib/fpfix.c                   0x00000000   Number         0  dfixul.o ABSOLUTE
    ../../microlib/fpmul.c                   0x00000000   Number         0  dmul.o ABSOLUTE
    ../../microlib/init/entry.s              0x00000000   Number         0  entry7.o ABSOLUTE
    ../../microlib/init/entry.s              0x00000000   Number         0  entry2.o ABSOLUTE
    ../../microlib/init/entry.s              0x00000000   Number         0  entry5.o ABSOLUTE
    ../../microlib/init/entry.s              0x00000000   Number         0  entry.o ABSOLUTE
    ../../microlib/longlong.c                0x00000000   Number         0  llushr.o ABSOLUTE
    ../../microlib/longlong.c                0x00000000   Number         0  llshl.o ABSOLUTE
    ../../microlib/printf/printf.c           0x00000000   Number         0  printf0.o ABSOLUTE
    ../../microlib/printf/printf.c           0x00000000   Number         0  printfb.o ABSOLUTE
    ../../microlib/printf/printf.c           0x00000000   Number         0  printf5.o ABSOLUTE
    ../../microlib/printf/printf.c           0x00000000   Number         0  printfa.o ABSOLUTE
    ../../microlib/printf/printf.c           0x00000000   Number         0  printf8.o ABSOLUTE
    ../../microlib/printf/printf.c           0x00000000   Number         0  printf7.o ABSOLUTE
    ../../microlib/printf/printf.c           0x00000000   Number         0  printf6.o ABSOLUTE
    ../../microlib/printf/printf.c           0x00000000   Number         0  printf4.o ABSOLUTE
    ../../microlib/printf/printf.c           0x00000000   Number         0  printf3.o ABSOLUTE
    ../../microlib/printf/printf.c           0x00000000   Number         0  printf2.o ABSOLUTE
    ../../microlib/printf/printf.c           0x00000000   Number         0  printf1.o ABSOLUTE
    ../../microlib/printf/stubs.s            0x00000000   Number         0  stubs.o ABSOLUTE
    ../../microlib/stdio/streams.c           0x00000000   Number         0  stdout.o ABSOLUTE
    ../../microlib/string/memset.c           0x00000000   Number         0  memseta.o ABSOLUTE
    ../../microlib/stubs.s                   0x00000000   Number         0  iusefp.o ABSOLUTE
    ..\CMSIS\core_cm3.c                      0x00000000   Number         0  core_cm3.o ABSOLUTE
    ..\CMSIS\startup_stm32f10x_hd.s          0x00000000   Number         0  startup_stm32f10x_hd.o ABSOLUTE
    ..\CMSIS\system_stm32f10x.c              0x00000000   Number         0  system_stm32f10x.o ABSOLUTE
    ..\Camera\OV7670.c                       0x00000000   Number         0  ov7670.o ABSOLUTE
    ..\Camera\SCCB.c                         0x00000000   Number         0  sccb.o ABSOLUTE
    ..\FWlib\src\misc.c                      0x00000000   Number         0  misc.o ABSOLUTE
    ..\FWlib\src\stm32f10x_dma.c             0x00000000   Number         0  stm32f10x_dma.o ABSOLUTE
    ..\FWlib\src\stm32f10x_exti.c            0x00000000   Number         0  stm32f10x_exti.o ABSOLUTE
    ..\FWlib\src\stm32f10x_fsmc.c            0x00000000   Number         0  stm32f10x_fsmc.o ABSOLUTE
    ..\FWlib\src\stm32f10x_gpio.c            0x00000000   Number         0  stm32f10x_gpio.o ABSOLUTE
    ..\FWlib\src\stm32f10x_rcc.c             0x00000000   Number         0  stm32f10x_rcc.o ABSOLUTE
    ..\FWlib\src\stm32f10x_sdio.c            0x00000000   Number         0  stm32f10x_sdio.o ABSOLUTE
    ..\FWlib\src\stm32f10x_spi.c             0x00000000   Number         0  stm32f10x_spi.o ABSOLUTE
    ..\FWlib\src\stm32f10x_usart.c           0x00000000   Number         0  stm32f10x_usart.o ABSOLUTE
    ..\\CMSIS\\core_cm3.c                    0x00000000   Number         0  core_cm3.o ABSOLUTE
    ..\ff9\diskio.c                          0x00000000   Number         0  diskio.o ABSOLUTE
    ..\ff9\ff.c                              0x00000000   Number         0  ff.o ABSOLUTE
    ..\ff9\option\cc936.c                    0x00000000   Number         0  cc936.o ABSOLUTE
    LCD_APP.c                                0x00000000   Number         0  lcd_app.o ABSOLUTE
    Sd_bmp.c                                 0x00000000   Number         0  sd_bmp.o ABSOLUTE
    SysTick.c                                0x00000000   Number         0  systick.o ABSOLUTE
    cdrcmple.s                               0x00000000   Number         0  cdrcmple.o ABSOLUTE
    dc.s                                     0x00000000   Number         0  dc.o ABSOLUTE
    handlers.s                               0x00000000   Number         0  handlers.o ABSOLUTE
    init.s                                   0x00000000   Number         0  init.o ABSOLUTE
    key_led_control.c                        0x00000000   Number         0  key_led_control.o ABSOLUTE
    lcd_GUI.c                                0x00000000   Number         0  lcd_gui.o ABSOLUTE
    lcd_botton.c                             0x00000000   Number         0  lcd_botton.o ABSOLUTE
    main.c                                   0x00000000   Number         0  main.o ABSOLUTE
    pic.c                                    0x00000000   Number         0  pic.o ABSOLUTE
    sd_fs_app.c                              0x00000000   Number         0  sd_fs_app.o ABSOLUTE
    sdio_sdcard.c                            0x00000000   Number         0  sdio_sdcard.o ABSOLUTE
    stm32f10x_it.c                           0x00000000   Number         0  stm32f10x_it.o ABSOLUTE
    usart1.c                                 0x00000000   Number         0  usart1.o ABSOLUTE
    RESET                                    0x08000000   Section      304  startup_stm32f10x_hd.o(RESET)
    .ARM.Collect$$$$00000000                 0x08000130   Section        0  entry.o(.ARM.Collect$$$$00000000)
    .ARM.Collect$$$$00000001                 0x08000130   Section        4  entry2.o(.ARM.Collect$$$$00000001)
    .ARM.Collect$$$$00000004                 0x08000134   Section        4  entry5.o(.ARM.Collect$$$$00000004)
    .ARM.Collect$$$$00000007                 0x08000138   Section        8  entry7.o(.ARM.Collect$$$$00000007)
    .ARM.Collect$$$$00002712                 0x08000140   Section        4  entry2.o(.ARM.Collect$$$$00002712)
    __lit__00000000                          0x08000140   Data           4  entry2.o(.ARM.Collect$$$$00002712)
    .text                                    0x08000144   Section       36  startup_stm32f10x_hd.o(.text)
    .text                                    0x08000168   Section        0  lcd_botton.o(.text)
    .text                                    0x0800033c   Section        0  main.o(.text)
    .text                                    0x08000668   Section        0  sd_fs_app.o(.text)
    .text                                    0x08000c5c   Section        0  sdio_sdcard.o(.text)
    SDEnWideBus                              0x08000cc5   Thumb Code   616  sdio_sdcard.o(.text)
    IsCardProgramming                        0x080021fd   Thumb Code   362  sdio_sdcard.o(.text)
    .text                                    0x0800236c   Section        0  stm32f10x_it.o(.text)
    .text                                    0x080023cc   Section        0  systick.o(.text)
    .text                                    0x0800240c   Section        0  usart1.o(.text)
    .text                                    0x080025e8   Section        0  lcd_app.o(.text)
    .text                                    0x08003094   Section        0  lcd_gui.o(.text)
    .text                                    0x080035e8   Section        0  sd_bmp.o(.text)
    .text                                    0x0800415c   Section        0  ov7670.o(.text)
    .text                                    0x080042c8   Section        0  sccb.o(.text)
    I2C_WaitAck                              0x0800434b   Thumb Code   128  sccb.o(.text)
    I2C_Stop                                 0x08004657   Thumb Code    46  sccb.o(.text)
    I2C_SendByte                             0x08004685   Thumb Code   100  sccb.o(.text)
    .text                                    0x080046e8   Section        0  misc.o(.text)
    .text                                    0x080047a4   Section        0  stm32f10x_dma.o(.text)
    .text                                    0x08004998   Section        0  stm32f10x_gpio.o(.text)
    .text                                    0x08004c50   Section        0  stm32f10x_rcc.o(.text)
    .text                                    0x08004f28   Section        0  stm32f10x_sdio.o(.text)
    .text                                    0x080050f4   Section        0  stm32f10x_usart.o(.text)
    .text                                    0x0800545c   Section        0  stm32f10x_fsmc.o(.text)
    .text                                    0x0800593c   Section        0  stm32f10x_exti.o(.text)
    .text                                    0x08005a40   Section        0  system_stm32f10x.o(.text)
    .text                                    0x08005b80   Section        0  ff.o(.text)
    mem_cpy                                  0x08005b81   Thumb Code    84  ff.o(.text)
    move_window                              0x08005bd5   Thumb Code   116  ff.o(.text)
    sync                                     0x08005c49   Thumb Code   180  ff.o(.text)
    create_chain                             0x08005ecf   Thumb Code   160  ff.o(.text)
    dir_sdi                                  0x08005f6f   Thumb Code   154  ff.o(.text)
    dir_next                                 0x08006009   Thumb Code   290  ff.o(.text)
    dir_find                                 0x0800620f   Thumb Code   380  ff.o(.text)
    dir_register                             0x0800638b   Thumb Code   774  ff.o(.text)
    follow_path                              0x08006691   Thumb Code   690  ff.o(.text)
    chk_mounted                              0x08006943   Thumb Code   690  ff.o(.text)
    mem_set                                  0x08007adb   Thumb Code    70  ff.o(.text)
    remove_chain                             0x08007b21   Thumb Code    98  ff.o(.text)
    dir_read                                 0x08007b83   Thumb Code   318  ff.o(.text)
    get_fileinfo                             0x08007cc1   Thumb Code   284  ff.o(.text)
    .text                                    0x08007de0   Section        0  diskio.o(.text)
    .text                                    0x08007e6c   Section        0  cc936.o(.text)
    .text                                    0x08007eec   Section        0  memseta.o(.text)
    .text                                    0x08007f12   Section        0  uidiv.o(.text)
    .text                                    0x08007f40   Section       36  init.o(.text)
    .text                                    0x08007f64   Section        0  __dczerorl2.o(.text)
    i.__0printf$6                            0x08007fbc   Section        0  printf6.o(i.__0printf$6)
    i.__0sprintf$6                           0x08007fdc   Section        0  printf6.o(i.__0sprintf$6)
    i.__scatterload_copy                     0x08008004   Section       14  handlers.o(i.__scatterload_copy)
    i.__scatterload_null                     0x08008012   Section        2  handlers.o(i.__scatterload_null)
    i.__scatterload_zeroinit                 0x08008014   Section       14  handlers.o(i.__scatterload_zeroinit)
    i._printf_core                           0x08008024   Section        0  printf6.o(i._printf_core)
    _printf_core                             0x08008025   Thumb Code   760  printf6.o(i._printf_core)
    i._printf_post_padding                   0x08008320   Section        0  printf6.o(i._printf_post_padding)
    _printf_post_padding                     0x08008321   Thumb Code    36  printf6.o(i._printf_post_padding)
    i._printf_pre_padding                    0x08008344   Section        0  printf6.o(i._printf_pre_padding)
    _printf_pre_padding                      0x08008345   Thumb Code    44  printf6.o(i._printf_pre_padding)
    i._sputc                                 0x08008370   Section        0  printf6.o(i._sputc)
    _sputc                                   0x08008371   Thumb Code    10  printf6.o(i._sputc)
    .constdata                               0x0800837a   Section       96  pic.o(.constdata)
    .constdata                               0x080083da   Section       96  pic.o(.constdata)
    .constdata                               0x0800843a   Section       96  pic.o(.constdata)
    .constdata                               0x0800849a   Section       96  pic.o(.constdata)
    .constdata                               0x080084fa   Section       96  pic.o(.constdata)
    .constdata                               0x0800855a   Section       96  pic.o(.constdata)
    .constdata                               0x080085ba   Section       96  pic.o(.constdata)
    .constdata                               0x0800861a   Section       96  pic.o(.constdata)
    .constdata                               0x0800867a   Section       96  pic.o(.constdata)
    .constdata                               0x080086da   Section       96  pic.o(.constdata)
    .constdata                               0x0800873a   Section     1120  pic.o(.constdata)
    .constdata                               0x08008b9c   Section       16  sd_fs_app.o(.constdata)
    .constdata                               0x08008bac   Section     1536  lcd_app.o(.constdata)
    ascii_8x16                               0x08008bac   Data        1536  lcd_app.o(.constdata)
    .constdata                               0x080091ac   Section      228  ov7670.o(.constdata)
    .constdata                               0x08009290   Section       13  ff.o(.constdata)
    LfnOfs                                   0x08009290   Data          13  ff.o(.constdata)
    .constdata                               0x0800929e   Section    175304  cc936.o(.constdata)
    uni2oem                                  0x0800929e   Data       87172  cc936.o(.constdata)
    oem2uni                                  0x0801e722   Data       87172  cc936.o(.constdata)
    tbl_lower                                0x08033ba6   Data         480  cc936.o(.constdata)
    tbl_upper                                0x08033d86   Data         480  cc936.o(.constdata)
    .data                                    0x20000000   Section     1028  main.o(.data)
    .data                                    0x20000404   Section      524  sd_fs_app.o(.data)
    .data                                    0x20000610   Section       20  sdio_sdcard.o(.data)
    CardType                                 0x20000614   Data           4  sdio_sdcard.o(.data)
    RCA                                      0x20000618   Data           4  sdio_sdcard.o(.data)
    .data                                    0x20000624   Section        4  systick.o(.data)
    TimingDelay                              0x20000624   Data           4  systick.o(.data)
    .data                                    0x20000628   Section        4  lcd_app.o(.data)
    .data                                    0x2000062c   Section        1  sd_bmp.o(.data)
    .data                                    0x2000062d   Section        1  ov7670.o(.data)
    .data                                    0x2000062e   Section       20  stm32f10x_rcc.o(.data)
    ADCPrescTable                            0x2000062e   Data           4  stm32f10x_rcc.o(.data)
    APBAHBPrescTable                         0x20000632   Data          16  stm32f10x_rcc.o(.data)
    .data                                    0x20000644   Section       20  system_stm32f10x.o(.data)
    .data                                    0x20000658   Section        8  ff.o(.data)
    Fsid                                     0x20000658   Data           2  ff.o(.data)
    FatFs                                    0x2000065c   Data           4  ff.o(.data)
    .data                                    0x20000660   Section        4  stdout.o(.data)
    .bss                                     0x20000664   Section     2180  sd_fs_app.o(.bss)
    .bss                                     0x20000ee8   Section      196  sdio_sdcard.o(.bss)
    CSD_Tab                                  0x20000ee8   Data          16  sdio_sdcard.o(.bss)
    CID_Tab                                  0x20000ef8   Data          16  sdio_sdcard.o(.bss)
    SDSTATUS_Tab                             0x20000f08   Data          16  sdio_sdcard.o(.bss)
    .bss                                     0x20000fac   Section     2868  sd_bmp.o(.bss)
    STACK                                    0x20001ae0   Section    53248  startup_stm32f10x_hd.o(STACK)

    Global Symbols

    Symbol Name                              Value     Ov Type        Size  Object(Section)

    BuildAttributes$$THM_ISAv4$P$D$K$B$S$PE$A:L22UL41UL21$X:L11$S22US41US21$IEEE1$IW$USESV6$~STKCKD$USESV7$~SHL$OTIME$ROPI$EBA8$MICROLIB$REQ8$PRES8$EABIv2 0x00000000   Number         0  anon$$obj.o ABSOLUTE
    __ARM_use_no_argv                        0x00000000   Number         0  main.o ABSOLUTE
    _printf_a                                0x00000000   Number         0  stubs.o ABSOLUTE
    _printf_c                                0x00000000   Number         0  stubs.o ABSOLUTE
    _printf_charcount                        0x00000000   Number         0  stubs.o ABSOLUTE
    _printf_d                                0x00000000   Number         0  stubs.o ABSOLUTE
    _printf_e                                0x00000000   Number         0  stubs.o ABSOLUTE
    _printf_f                                0x00000000   Number         0  stubs.o ABSOLUTE
    _printf_flags                            0x00000000   Number         0  stubs.o ABSOLUTE
    _printf_fp_dec                           0x00000000   Number         0  stubs.o ABSOLUTE
    _printf_fp_hex                           0x00000000   Number         0  stubs.o ABSOLUTE
    _printf_g                                0x00000000   Number         0  stubs.o ABSOLUTE
    _printf_i                                0x00000000   Number         0  stubs.o ABSOLUTE
    _printf_int_dec                          0x00000000   Number         0  stubs.o ABSOLUTE
    _printf_l                                0x00000000   Number         0  stubs.o ABSOLUTE
    _printf_lc                               0x00000000   Number         0  stubs.o ABSOLUTE
    _printf_ll                               0x00000000   Number         0  stubs.o ABSOLUTE
    _printf_lld                              0x00000000   Number         0  stubs.o ABSOLUTE
    _printf_lli                              0x00000000   Number         0  stubs.o ABSOLUTE
    _printf_llo                              0x00000000   Number         0  stubs.o ABSOLUTE
    _printf_llu                              0x00000000   Number         0  stubs.o ABSOLUTE
    _printf_llx                              0x00000000   Number         0  stubs.o ABSOLUTE
    _printf_longlong_dec                     0x00000000   Number         0  stubs.o ABSOLUTE
    _printf_longlong_hex                     0x00000000   Number         0  stubs.o ABSOLUTE
    _printf_longlong_oct                     0x00000000   Number         0  stubs.o ABSOLUTE
    _printf_ls                               0x00000000   Number         0  stubs.o ABSOLUTE
    _printf_mbtowc                           0x00000000   Number         0  stubs.o ABSOLUTE
    _printf_n                                0x00000000   Number         0  stubs.o ABSOLUTE
    _printf_o                                0x00000000   Number         0  stubs.o ABSOLUTE
    _printf_p                                0x00000000   Number         0  stubs.o ABSOLUTE
    _printf_percent                          0x00000000   Number         0  stubs.o ABSOLUTE
    _printf_pre_padding                      0x00000000   Number         0  stubs.o ABSOLUTE
    _printf_return_value                     0x00000000   Number         0  stubs.o ABSOLUTE
    _printf_s                                0x00000000   Number         0  stubs.o ABSOLUTE
    _printf_sizespec                         0x00000000   Number         0  stubs.o ABSOLUTE
    _printf_str                              0x00000000   Number         0  stubs.o ABSOLUTE
    _printf_truncate_signed                  0x00000000   Number         0  stubs.o ABSOLUTE
    _printf_truncate_unsigned                0x00000000   Number         0  stubs.o ABSOLUTE
    _printf_u                                0x00000000   Number         0  stubs.o ABSOLUTE
    _printf_wc                               0x00000000   Number         0  stubs.o ABSOLUTE
    _printf_wctomb                           0x00000000   Number         0  stubs.o ABSOLUTE
    _printf_widthprec                        0x00000000   Number         0  stubs.o ABSOLUTE
    _printf_x                                0x00000000   Number         0  stubs.o ABSOLUTE
    __Vectors_Size                           0x00000130   Number         0  startup_stm32f10x_hd.o ABSOLUTE
    __Vectors                                0x08000000   Data           4  startup_stm32f10x_hd.o(RESET)
    __Vectors_End                            0x08000130   Data           0  startup_stm32f10x_hd.o(RESET)
    __main                                   0x08000131   Thumb Code     0  entry.o(.ARM.Collect$$$$00000000)
    _main_stk                                0x08000131   Thumb Code     0  entry2.o(.ARM.Collect$$$$00000001)
    _main_scatterload                        0x08000135   Thumb Code     0  entry5.o(.ARM.Collect$$$$00000004)
    __main_after_scatterload                 0x08000139   Thumb Code     0  entry5.o(.ARM.Collect$$$$00000004)
    _main_init                               0x08000139   Thumb Code     0  entry7.o(.ARM.Collect$$$$00000007)
    Reset_Handler                            0x08000145   Thumb Code     8  startup_stm32f10x_hd.o(.text)
    ADC1_2_IRQHandler                        0x0800015f   Thumb Code     0  startup_stm32f10x_hd.o(.text)
    ADC3_IRQHandler                          0x0800015f   Thumb Code     0  startup_stm32f10x_hd.o(.text)
    CAN1_RX1_IRQHandler                      0x0800015f   Thumb Code     0  startup_stm32f10x_hd.o(.text)
    CAN1_SCE_IRQHandler                      0x0800015f   Thumb Code     0  startup_stm32f10x_hd.o(.text)
    DMA1_Channel1_IRQHandler                 0x0800015f   Thumb Code     0  startup_stm32f10x_hd.o(.text)
    DMA1_Channel2_IRQHandler                 0x0800015f   Thumb Code     0  startup_stm32f10x_hd.o(.text)
    DMA1_Channel3_IRQHandler                 0x0800015f   Thumb Code     0  startup_stm32f10x_hd.o(.text)
    DMA1_Channel4_IRQHandler                 0x0800015f   Thumb Code     0  startup_stm32f10x_hd.o(.text)
    DMA1_Channel5_IRQHandler                 0x0800015f   Thumb Code     0  startup_stm32f10x_hd.o(.text)
    DMA1_Channel6_IRQHandler                 0x0800015f   Thumb Code     0  startup_stm32f10x_hd.o(.text)
    DMA1_Channel7_IRQHandler                 0x0800015f   Thumb Code     0  startup_stm32f10x_hd.o(.text)
    DMA2_Channel1_IRQHandler                 0x0800015f   Thumb Code     0  startup_stm32f10x_hd.o(.text)
    DMA2_Channel2_IRQHandler                 0x0800015f   Thumb Code     0  startup_stm32f10x_hd.o(.text)
    DMA2_Channel3_IRQHandler                 0x0800015f   Thumb Code     0  startup_stm32f10x_hd.o(.text)
    DMA2_Channel4_5_IRQHandler               0x0800015f   Thumb Code     0  startup_stm32f10x_hd.o(.text)
    EXTI0_IRQHandler                         0x0800015f   Thumb Code     0  startup_stm32f10x_hd.o(.text)
    EXTI15_10_IRQHandler                     0x0800015f   Thumb Code     0  startup_stm32f10x_hd.o(.text)
    EXTI1_IRQHandler                         0x0800015f   Thumb Code     0  startup_stm32f10x_hd.o(.text)
    EXTI2_IRQHandler                         0x0800015f   Thumb Code     0  startup_stm32f10x_hd.o(.text)
    EXTI3_IRQHandler                         0x0800015f   Thumb Code     0  startup_stm32f10x_hd.o(.text)
    EXTI9_5_IRQHandler                       0x0800015f   Thumb Code     0  startup_stm32f10x_hd.o(.text)
    FLASH_IRQHandler                         0x0800015f   Thumb Code     0  startup_stm32f10x_hd.o(.text)
    FSMC_IRQHandler                          0x0800015f   Thumb Code     0  startup_stm32f10x_hd.o(.text)
    I2C1_ER_IRQHandler                       0x0800015f   Thumb Code     0  startup_stm32f10x_hd.o(.text)
    I2C1_EV_IRQHandler                       0x0800015f   Thumb Code     0  startup_stm32f10x_hd.o(.text)
    I2C2_ER_IRQHandler                       0x0800015f   Thumb Code     0  startup_stm32f10x_hd.o(.text)
    I2C2_EV_IRQHandler                       0x0800015f   Thumb Code     0  startup_stm32f10x_hd.o(.text)
    PVD_IRQHandler                           0x0800015f   Thumb Code     0  startup_stm32f10x_hd.o(.text)
    RCC_IRQHandler                           0x0800015f   Thumb Code     0  startup_stm32f10x_hd.o(.text)
    RTCAlarm_IRQHandler                      0x0800015f   Thumb Code     0  startup_stm32f10x_hd.o(.text)
    RTC_IRQHandler                           0x0800015f   Thumb Code     0  startup_stm32f10x_hd.o(.text)
    SPI1_IRQHandler                          0x0800015f   Thumb Code     0  startup_stm32f10x_hd.o(.text)
    SPI2_IRQHandler                          0x0800015f   Thumb Code     0  startup_stm32f10x_hd.o(.text)
    SPI3_IRQHandler                          0x0800015f   Thumb Code     0  startup_stm32f10x_hd.o(.text)
    TAMPER_IRQHandler                        0x0800015f   Thumb Code     0  startup_stm32f10x_hd.o(.text)
    TIM1_BRK_IRQHandler                      0x0800015f   Thumb Code     0  startup_stm32f10x_hd.o(.text)
    TIM1_CC_IRQHandler                       0x0800015f   Thumb Code     0  startup_stm32f10x_hd.o(.text)
    TIM1_TRG_COM_IRQHandler                  0x0800015f   Thumb Code     0  startup_stm32f10x_hd.o(.text)
    TIM1_UP_IRQHandler                       0x0800015f   Thumb Code     0  startup_stm32f10x_hd.o(.text)
    TIM2_IRQHandler                          0x0800015f   Thumb Code     0  startup_stm32f10x_hd.o(.text)
    TIM3_IRQHandler                          0x0800015f   Thumb Code     0  startup_stm32f10x_hd.o(.text)
    TIM4_IRQHandler                          0x0800015f   Thumb Code     0  startup_stm32f10x_hd.o(.text)
    TIM5_IRQHandler                          0x0800015f   Thumb Code     0  startup_stm32f10x_hd.o(.text)
    TIM6_IRQHandler                          0x0800015f   Thumb Code     0  startup_stm32f10x_hd.o(.text)
    TIM7_IRQHandler                          0x0800015f   Thumb Code     0  startup_stm32f10x_hd.o(.text)
    TIM8_BRK_IRQHandler                      0x0800015f   Thumb Code     0  startup_stm32f10x_hd.o(.text)
    TIM8_CC_IRQHandler                       0x0800015f   Thumb Code     0  startup_stm32f10x_hd.o(.text)
    TIM8_TRG_COM_IRQHandler                  0x0800015f   Thumb Code     0  startup_stm32f10x_hd.o(.text)
    TIM8_UP_IRQHandler                       0x0800015f   Thumb Code     0  startup_stm32f10x_hd.o(.text)
    UART4_IRQHandler                         0x0800015f   Thumb Code     0  startup_stm32f10x_hd.o(.text)
    UART5_IRQHandler                         0x0800015f   Thumb Code     0  startup_stm32f10x_hd.o(.text)
    USART1_IRQHandler                        0x0800015f   Thumb Code     0  startup_stm32f10x_hd.o(.text)
    USART2_IRQHandler                        0x0800015f   Thumb Code     0  startup_stm32f10x_hd.o(.text)
    USART3_IRQHandler                        0x0800015f   Thumb Code     0  startup_stm32f10x_hd.o(.text)
    USBWakeUp_IRQHandler                     0x0800015f   Thumb Code     0  startup_stm32f10x_hd.o(.text)
    USB_HP_CAN1_TX_IRQHandler                0x0800015f   Thumb Code     0  startup_stm32f10x_hd.o(.text)
    USB_LP_CAN1_RX0_IRQHandler               0x0800015f   Thumb Code     0  startup_stm32f10x_hd.o(.text)
    WWDG_IRQHandler                          0x0800015f   Thumb Code     0  startup_stm32f10x_hd.o(.text)
    LCD_WR_REG                               0x08000169   Thumb Code     8  lcd_botton.o(.text)
    LCD_WR_CMD                               0x08000171   Thumb Code    12  lcd_botton.o(.text)
    LCD_RD_data                              0x0800017d   Thumb Code     8  lcd_botton.o(.text)
    LCD_WR_Data                              0x08000185   Thumb Code     6  lcd_botton.o(.text)
    Set_direction                            0x0800018b   Thumb Code   156  lcd_botton.o(.text)
    FSMC_LCD_Init                            0x08000227   Thumb Code   222  lcd_botton.o(.text)
    LCD_Rst                                  0x08000305   Thumb Code    38  lcd_botton.o(.text)
    Camera_RCC_Configuration                 0x0800033d   Thumb Code    26  main.o(.text)
    main                                     0x08000357   Thumb Code   442  main.o(.text)
    pic_display                              0x08000511   Thumb Code   152  main.o(.text)
    Delay_ms                                 0x080005a9   Thumb Code    10  main.o(.text)
    SDIO_NVIC_Configuration                  0x08000669   Thumb Code    42  sd_fs_app.o(.text)
    sd_fs_init                               0x08000693   Thumb Code    52  sd_fs_app.o(.text)
    Sd_fs_test                               0x080006c7   Thumb Code   210  sd_fs_app.o(.text)
    Sdfs_new                                 0x08000799   Thumb Code    80  sd_fs_app.o(.text)
    Sdfs_write                               0x080007e9   Thumb Code    80  sd_fs_app.o(.text)
    Sdfs_read                                0x08000839   Thumb Code   164  sd_fs_app.o(.text)
    GetGBKCode_from_sd                       0x080008dd   Thumb Code    92  sd_fs_app.o(.text)
    ltk_delete_file_or_folder                0x08000939   Thumb Code   102  sd_fs_app.o(.text)
    ltk_list_file                            0x0800099f   Thumb Code   190  sd_fs_app.o(.text)
    SD_DeInit                                0x08000c5d   Thumb Code    64  sdio_sdcard.o(.text)
    NVIC_Configuration                       0x08000c9d   Thumb Code    40  sdio_sdcard.o(.text)
    SD_EnableWideBusOperation                0x08000f2d   Thumb Code   120  sdio_sdcard.o(.text)
    SD_SelectDeselect                        0x08000fa5   Thumb Code    54  sdio_sdcard.o(.text)
    SD_GetCardInfo                           0x08000fdb   Thumb Code   644  sdio_sdcard.o(.text)
    SD_InitializeCards                       0x0800125f   Thumb Code   452  sdio_sdcard.o(.text)
    SD_PowerON                               0x08001423   Thumb Code   508  sdio_sdcard.o(.text)
    SD_Init                                  0x0800161f   Thumb Code   192  sdio_sdcard.o(.text)
    SD_SendStatus                            0x080016df   Thumb Code    46  sdio_sdcard.o(.text)
    SD_GetState                              0x0800170d   Thumb Code    48  sdio_sdcard.o(.text)
    SD_GetStatus                             0x0800173d   Thumb Code    64  sdio_sdcard.o(.text)
    SD_PowerOFF                              0x0800177d   Thumb Code    14  sdio_sdcard.o(.text)
    SD_SendSDStatus                          0x0800178b   Thumb Code   392  sdio_sdcard.o(.text)
    SD_GetCardStatus                         0x08001913   Thumb Code   126  sdio_sdcard.o(.text)
    SD_ReadBlock                             0x08001991   Thumb Code   320  sdio_sdcard.o(.text)
    SD_ReadMultiBlocks                       0x08001ad1   Thumb Code   284  sdio_sdcard.o(.text)
    SD_WaitReadOperation                     0x08001bed   Thumb Code    40  sdio_sdcard.o(.text)
    SD_WriteBlock                            0x08001c15   Thumb Code   262  sdio_sdcard.o(.text)
    SD_WriteMultiBlocks                      0x08001d1b   Thumb Code   436  sdio_sdcard.o(.text)
    SD_WaitWriteOperation                    0x08001ecf   Thumb Code    50  sdio_sdcard.o(.text)
    SD_GetTransferState                      0x08001f01   Thumb Code    14  sdio_sdcard.o(.text)
    SD_StopTransfer                          0x08001f0f   Thumb Code    34  sdio_sdcard.o(.text)
    SD_Erase                                 0x08001f31   Thumb Code   618  sdio_sdcard.o(.text)
    SD_ProcessIRQSrc                         0x0800219b   Thumb Code    78  sdio_sdcard.o(.text)
    convert_from_bytes_to_power_of_two       0x080021e9   Thumb Code    20  sdio_sdcard.o(.text)
    NMI_Handler                              0x0800236d   Thumb Code     2  stm32f10x_it.o(.text)
    HardFault_Handler                        0x0800236f   Thumb Code     2  stm32f10x_it.o(.text)
    MemManage_Handler                        0x08002371   Thumb Code     2  stm32f10x_it.o(.text)
    BusFault_Handler                         0x08002373   Thumb Code     2  stm32f10x_it.o(.text)
    UsageFault_Handler                       0x08002375   Thumb Code     2  stm32f10x_it.o(.text)
    SVC_Handler                              0x08002377   Thumb Code     2  stm32f10x_it.o(.text)
    DebugMon_Handler                         0x08002379   Thumb Code     2  stm32f10x_it.o(.text)
    PendSV_Handler                           0x0800237b   Thumb Code     2  stm32f10x_it.o(.text)
    SysTick_Handler                          0x0800237d   Thumb Code     4  stm32f10x_it.o(.text)
    EXTI4_IRQHandler                         0x08002381   Thumb Code    58  stm32f10x_it.o(.text)
    SDIO_IRQHandler                          0x080023bb   Thumb Code     4  stm32f10x_it.o(.text)
    SysTick_Init                             0x080023cd   Thumb Code    26  systick.o(.text)
    Delay_us                                 0x080023e7   Thumb Code    12  systick.o(.text)
    TimingDelay_Decrement                    0x080023f3   Thumb Code    18  systick.o(.text)
    USART1_Config                            0x0800240d   Thumb Code   116  usart1.o(.text)
    fputc                                    0x08002481   Thumb Code    26  usart1.o(.text)
    USART1_printf                            0x0800249b   Thumb Code   320  usart1.o(.text)
    LCD_Init                                 0x080025e9   Thumb Code   530  lcd_app.o(.text)
    LCD_clear                                0x080027fb   Thumb Code   108  lcd_app.o(.text)
    LCD_WriteRAM_Prepare                     0x08002867   Thumb Code    86  lcd_app.o(.text)
    LCD_WriteRAM                             0x080028bd   Thumb Code     6  lcd_app.o(.text)
    lcd_wr_zf                                0x080028c3   Thumb Code   512  lcd_app.o(.text)
    num_pub                                  0x08002ac3   Thumb Code    58  lcd_app.o(.text)
    LCD_test                                 0x08002afd   Thumb Code   310  lcd_app.o(.text)
    lcd_SetCursor                            0x08002c33   Thumb Code    30  lcd_app.o(.text)
    lcd_SetWindows                           0x08002c51   Thumb Code    48  lcd_app.o(.text)
    Lcd_SetBox                               0x08002c81   Thumb Code    52  lcd_app.o(.text)
    lcd_ReadData                             0x08002cb5   Thumb Code    10  lcd_app.o(.text)
    lcd_GetPoint                             0x08002cbf   Thumb Code    44  lcd_app.o(.text)
    lcd_SetPoint                             0x08002ceb   Thumb Code    48  lcd_app.o(.text)
    lcd_PutChar                              0x08002d1b   Thumb Code   122  lcd_app.o(.text)
    LCD_Str_O                                0x08002d95   Thumb Code   204  lcd_app.o(.text)
    LCD_Char_CH                              0x08002e61   Thumb Code   208  lcd_app.o(.text)
    LCD_Str_CH                               0x08002f31   Thumb Code   206  lcd_app.o(.text)
    LCD_Char_CH_O                            0x08002fff   Thumb Code   126  lcd_app.o(.text)
    lcd_BGR2RGB                              0x0800307d   Thumb Code    18  lcd_app.o(.text)
    GUI_Color565                             0x08003095   Thumb Code    24  lcd_gui.o(.text)
    GUI_Text                                 0x080030ad   Thumb Code    62  lcd_gui.o(.text)
    GUI_Line                                 0x080030eb   Thumb Code   686  lcd_gui.o(.text)
    GUI_Circle                               0x08003399   Thumb Code   328  lcd_gui.o(.text)
    GUI_Rectangle                            0x080034e1   Thumb Code   124  lcd_gui.o(.text)
    GUI_Square                               0x0800355d   Thumb Code   130  lcd_gui.o(.text)
    Delay                                    0x080035df   Thumb Code    10  lcd_gui.o(.text)
    showRgbQuan                              0x080035e9   Thumb Code    20  sd_bmp.o(.text)
    Lcd_show_bmp                             0x080035fd   Thumb Code   514  sd_bmp.o(.text)
    write_bmp                                0x080037ff   Thumb Code  1022  sd_bmp.o(.text)
    write_bmp2                               0x08003bfd   Thumb Code   392  sd_bmp.o(.text)
    write_bmp3                               0x08003d85   Thumb Code   476  sd_bmp.o(.text)
    Screen_shot                              0x08003f61   Thumb Code   502  sd_bmp.o(.text)
    FIFO_GPIO_Configuration                  0x0800415d   Thumb Code   168  ov7670.o(.text)
    Camera_NVIC_Configuration                0x08004205   Thumb Code    76  ov7670.o(.text)
    Sensor_Init                              0x08004251   Thumb Code   102  ov7670.o(.text)
    I2C_Configuration                        0x080042c9   Thumb Code    62  sccb.o(.text)
    I2C_IN                                   0x08004307   Thumb Code    38  sccb.o(.text)
    I2C_OUT                                  0x0800432d   Thumb Code    30  sccb.o(.text)
    I2C_WriteByte                            0x080043cb   Thumb Code   176  sccb.o(.text)
    I2C_ReadByte                             0x0800447b   Thumb Code   476  sccb.o(.text)
    NVIC_PriorityGroupConfig                 0x080046e9   Thumb Code    14  misc.o(.text)
    NVIC_Init                                0x080046f7   Thumb Code   102  misc.o(.text)
    NVIC_SetVectorTable                      0x0800475d   Thumb Code    16  misc.o(.text)
    NVIC_SystemLPConfig                      0x0800476d   Thumb Code    18  misc.o(.text)
    SysTick_CLKSourceConfig                  0x0800477f   Thumb Code    22  misc.o(.text)
    DMA_DeInit                               0x080047a5   Thumb Code   206  stm32f10x_dma.o(.text)
    DMA_Init                                 0x08004873   Thumb Code    82  stm32f10x_dma.o(.text)
    DMA_StructInit                           0x080048c5   Thumb Code    26  stm32f10x_dma.o(.text)
    DMA_Cmd                                  0x080048df   Thumb Code    20  stm32f10x_dma.o(.text)
    DMA_ITConfig                             0x080048f3   Thumb Code    16  stm32f10x_dma.o(.text)
    DMA_SetCurrDataCounter                   0x08004903   Thumb Code     4  stm32f10x_dma.o(.text)
    DMA_GetCurrDataCounter                   0x08004907   Thumb Code     6  stm32f10x_dma.o(.text)
    DMA_GetFlagStatus                        0x0800490d   Thumb Code    24  stm32f10x_dma.o(.text)
    DMA_ClearFlag                            0x08004925   Thumb Code    16  stm32f10x_dma.o(.text)
    DMA_GetITStatus                          0x08004935   Thumb Code    24  stm32f10x_dma.o(.text)
    DMA_ClearITPendingBit                    0x0800494d   Thumb Code    16  stm32f10x_dma.o(.text)
    GPIO_DeInit                              0x08004999   Thumb Code   216  stm32f10x_gpio.o(.text)
    GPIO_AFIODeInit                          0x08004a71   Thumb Code    22  stm32f10x_gpio.o(.text)
    GPIO_Init                                0x08004a87   Thumb Code   176  stm32f10x_gpio.o(.text)
    GPIO_StructInit                          0x08004b37   Thumb Code    16  stm32f10x_gpio.o(.text)
    GPIO_ReadInputDataBit                    0x08004b47   Thumb Code    14  stm32f10x_gpio.o(.text)
    GPIO_ReadInputData                       0x08004b55   Thumb Code     6  stm32f10x_gpio.o(.text)
    GPIO_ReadOutputDataBit                   0x08004b5b   Thumb Code    14  stm32f10x_gpio.o(.text)
    GPIO_ReadOutputData                      0x08004b69   Thumb Code     6  stm32f10x_gpio.o(.text)
    GPIO_SetBits                             0x08004b6f   Thumb Code     4  stm32f10x_gpio.o(.text)
    GPIO_ResetBits                           0x08004b73   Thumb Code     4  stm32f10x_gpio.o(.text)
    GPIO_WriteBit                            0x08004b77   Thumb Code    10  stm32f10x_gpio.o(.text)
    GPIO_Write                               0x08004b81   Thumb Code     4  stm32f10x_gpio.o(.text)
    GPIO_PinLockConfig                       0x08004b85   Thumb Code    16  stm32f10x_gpio.o(.text)
    GPIO_EventOutputConfig                   0x08004b95   Thumb Code    22  stm32f10x_gpio.o(.text)
    GPIO_EventOutputCmd                      0x08004bab   Thumb Code     6  stm32f10x_gpio.o(.text)
    GPIO_PinRemapConfig                      0x08004bb1   Thumb Code   102  stm32f10x_gpio.o(.text)
    GPIO_EXTILineConfig                      0x08004c17   Thumb Code    40  stm32f10x_gpio.o(.text)
    GPIO_ETH_MediaInterfaceConfig            0x08004c3f   Thumb Code     6  stm32f10x_gpio.o(.text)
    RCC_DeInit                               0x08004c51   Thumb Code    54  stm32f10x_rcc.o(.text)
    RCC_HSEConfig                            0x08004c87   Thumb Code    50  stm32f10x_rcc.o(.text)
    RCC_GetFlagStatus                        0x08004cb9   Thumb Code    42  stm32f10x_rcc.o(.text)
    RCC_WaitForHSEStartUp                    0x08004ce3   Thumb Code    40  stm32f10x_rcc.o(.text)
    RCC_AdjustHSICalibrationValue            0x08004d0b   Thumb Code    16  stm32f10x_rcc.o(.text)
    RCC_HSICmd                               0x08004d1b   Thumb Code     6  stm32f10x_rcc.o(.text)
    RCC_PLLConfig                            0x08004d21   Thumb Code    16  stm32f10x_rcc.o(.text)
    RCC_PLLCmd                               0x08004d31   Thumb Code     6  stm32f10x_rcc.o(.text)
    RCC_SYSCLKConfig                         0x08004d37   Thumb Code    14  stm32f10x_rcc.o(.text)
    RCC_GetSYSCLKSource                      0x08004d45   Thumb Code    10  stm32f10x_rcc.o(.text)
    RCC_HCLKConfig                           0x08004d4f   Thumb Code    14  stm32f10x_rcc.o(.text)
    RCC_PCLK1Config                          0x08004d5d   Thumb Code    14  stm32f10x_rcc.o(.text)
    RCC_PCLK2Config                          0x08004d6b   Thumb Code    16  stm32f10x_rcc.o(.text)
    RCC_ITConfig                             0x08004d7b   Thumb Code    18  stm32f10x_rcc.o(.text)
    RCC_USBCLKConfig                         0x08004d8d   Thumb Code     6  stm32f10x_rcc.o(.text)
    RCC_ADCCLKConfig                         0x08004d93   Thumb Code    14  stm32f10x_rcc.o(.text)
    RCC_LSEConfig                            0x08004da1   Thumb Code    30  stm32f10x_rcc.o(.text)
    RCC_LSICmd                               0x08004dbf   Thumb Code     6  stm32f10x_rcc.o(.text)
    RCC_RTCCLKConfig                         0x08004dc5   Thumb Code    10  stm32f10x_rcc.o(.text)
    RCC_RTCCLKCmd                            0x08004dcf   Thumb Code     6  stm32f10x_rcc.o(.text)
    RCC_GetClocksFreq                        0x08004dd5   Thumb Code   154  stm32f10x_rcc.o(.text)
    RCC_AHBPeriphClockCmd                    0x08004e6f   Thumb Code    18  stm32f10x_rcc.o(.text)
    RCC_APB2PeriphClockCmd                   0x08004e81   Thumb Code    18  stm32f10x_rcc.o(.text)
    RCC_APB1PeriphClockCmd                   0x08004e93   Thumb Code    18  stm32f10x_rcc.o(.text)
    RCC_APB2PeriphResetCmd                   0x08004ea5   Thumb Code    18  stm32f10x_rcc.o(.text)
    RCC_APB1PeriphResetCmd                   0x08004eb7   Thumb Code    18  stm32f10x_rcc.o(.text)
    RCC_BackupResetCmd                       0x08004ec9   Thumb Code     6  stm32f10x_rcc.o(.text)
    RCC_ClockSecuritySystemCmd               0x08004ecf   Thumb Code     6  stm32f10x_rcc.o(.text)
    RCC_MCOConfig                            0x08004ed5   Thumb Code     6  stm32f10x_rcc.o(.text)
    RCC_ClearFlag                            0x08004edb   Thumb Code    12  stm32f10x_rcc.o(.text)
    RCC_GetITStatus                          0x08004ee7   Thumb Code    16  stm32f10x_rcc.o(.text)
    RCC_ClearITPendingBit                    0x08004ef7   Thumb Code     6  stm32f10x_rcc.o(.text)
    SDIO_DeInit                              0x08004f29   Thumb Code    26  stm32f10x_sdio.o(.text)
    SDIO_Init                                0x08004f43   Thumb Code    58  stm32f10x_sdio.o(.text)
    SDIO_StructInit                          0x08004f7d   Thumb Code    16  stm32f10x_sdio.o(.text)
    SDIO_ClockCmd                            0x08004f8d   Thumb Code     6  stm32f10x_sdio.o(.text)
    SDIO_SetPowerState                       0x08004f93   Thumb Code    18  stm32f10x_sdio.o(.text)
    SDIO_GetPowerState                       0x08004fa5   Thumb Code    10  stm32f10x_sdio.o(.text)
    SDIO_ITConfig                            0x08004faf   Thumb Code    18  stm32f10x_sdio.o(.text)
    SDIO_DMACmd                              0x08004fc1   Thumb Code     6  stm32f10x_sdio.o(.text)
    SDIO_SendCommand                         0x08004fc7   Thumb Code    36  stm32f10x_sdio.o(.text)
    SDIO_CmdStructInit                       0x08004feb   Thumb Code    14  stm32f10x_sdio.o(.text)
    SDIO_GetCommandResponse                  0x08004ff9   Thumb Code     8  stm32f10x_sdio.o(.text)
    SDIO_GetResponse                         0x08005001   Thumb Code     6  stm32f10x_sdio.o(.text)
    SDIO_DataConfig                          0x08005007   Thumb Code    40  stm32f10x_sdio.o(.text)
    SDIO_DataStructInit                      0x0800502f   Thumb Code    20  stm32f10x_sdio.o(.text)
    SDIO_GetDataCounter                      0x08005043   Thumb Code     6  stm32f10x_sdio.o(.text)
    SDIO_ReadData                            0x08005049   Thumb Code     6  stm32f10x_sdio.o(.text)
    SDIO_WriteData                           0x0800504f   Thumb Code     6  stm32f10x_sdio.o(.text)
    SDIO_GetFIFOCount                        0x08005055   Thumb Code     6  stm32f10x_sdio.o(.text)
    SDIO_StartSDIOReadWait                   0x0800505b   Thumb Code     6  stm32f10x_sdio.o(.text)
    SDIO_StopSDIOReadWait                    0x08005061   Thumb Code     6  stm32f10x_sdio.o(.text)
    SDIO_SetSDIOReadWaitMode                 0x08005067   Thumb Code     6  stm32f10x_sdio.o(.text)
    SDIO_SetSDIOOperation                    0x0800506d   Thumb Code     6  stm32f10x_sdio.o(.text)
    SDIO_SendSDIOSuspendCmd                  0x08005073   Thumb Code     6  stm32f10x_sdio.o(.text)
    SDIO_CommandCompletionCmd                0x08005079   Thumb Code     6  stm32f10x_sdio.o(.text)
    SDIO_CEATAITCmd                          0x0800507f   Thumb Code    12  stm32f10x_sdio.o(.text)
    SDIO_SendCEATACmd                        0x0800508b   Thumb Code     6  stm32f10x_sdio.o(.text)
    SDIO_GetFlagStatus                       0x08005091   Thumb Code    16  stm32f10x_sdio.o(.text)
    SDIO_ClearFlag                           0x080050a1   Thumb Code     6  stm32f10x_sdio.o(.text)
    SDIO_GetITStatus                         0x080050a7   Thumb Code    16  stm32f10x_sdio.o(.text)
    SDIO_ClearITPendingBit                   0x080050b7   Thumb Code     6  stm32f10x_sdio.o(.text)
    USART_DeInit                             0x080050f5   Thumb Code   164  stm32f10x_usart.o(.text)
    USART_Init                               0x08005199   Thumb Code   174  stm32f10x_usart.o(.text)
    USART_StructInit                         0x08005247   Thumb Code    22  stm32f10x_usart.o(.text)
    USART_ClockInit                          0x0800525d   Thumb Code    36  stm32f10x_usart.o(.text)
    USART_ClockStructInit                    0x08005281   Thumb Code    12  stm32f10x_usart.o(.text)
    USART_Cmd                                0x0800528d   Thumb Code    18  stm32f10x_usart.o(.text)
    USART_ITConfig                           0x0800529f   Thumb Code    48  stm32f10x_usart.o(.text)
    USART_DMACmd                             0x080052cf   Thumb Code    16  stm32f10x_usart.o(.text)
    USART_SetAddress                         0x080052df   Thumb Code    16  stm32f10x_usart.o(.text)
    USART_WakeUpConfig                       0x080052ef   Thumb Code    16  stm32f10x_usart.o(.text)
    USART_ReceiverWakeUpCmd                  0x080052ff   Thumb Code    18  stm32f10x_usart.o(.text)
    USART_LINBreakDetectLengthConfig         0x08005311   Thumb Code    16  stm32f10x_usart.o(.text)
    USART_LINCmd                             0x08005321   Thumb Code    18  stm32f10x_usart.o(.text)
    USART_SendData                           0x08005333   Thumb Code     8  stm32f10x_usart.o(.text)
    USART_ReceiveData                        0x0800533b   Thumb Code     8  stm32f10x_usart.o(.text)
    USART_SendBreak                          0x08005343   Thumb Code    10  stm32f10x_usart.o(.text)
    USART_SetGuardTime                       0x0800534d   Thumb Code    16  stm32f10x_usart.o(.text)
    USART_SetPrescaler                       0x0800535d   Thumb Code    16  stm32f10x_usart.o(.text)
    USART_SmartCardCmd                       0x0800536d   Thumb Code    18  stm32f10x_usart.o(.text)
    USART_SmartCardNACKCmd                   0x0800537f   Thumb Code    18  stm32f10x_usart.o(.text)
    USART_HalfDuplexCmd                      0x08005391   Thumb Code    18  stm32f10x_usart.o(.text)
    USART_OverSampling8Cmd                   0x080053a3   Thumb Code    18  stm32f10x_usart.o(.text)
    USART_OneBitMethodCmd                    0x080053b5   Thumb Code    18  stm32f10x_usart.o(.text)
    USART_IrDAConfig                         0x080053c7   Thumb Code    16  stm32f10x_usart.o(.text)
    USART_IrDACmd                            0x080053d7   Thumb Code    18  stm32f10x_usart.o(.text)
    USART_GetFlagStatus                      0x080053e9   Thumb Code    14  stm32f10x_usart.o(.text)
    USART_ClearFlag                          0x080053f7   Thumb Code     6  stm32f10x_usart.o(.text)
    USART_GetITStatus                        0x080053fd   Thumb Code    76  stm32f10x_usart.o(.text)
    USART_ClearITPendingBit                  0x08005449   Thumb Code    14  stm32f10x_usart.o(.text)
    FSMC_NORSRAMDeInit                       0x0800545d   Thumb Code    36  stm32f10x_fsmc.o(.text)
    FSMC_NANDDeInit                          0x08005481   Thumb Code    48  stm32f10x_fsmc.o(.text)
    FSMC_PCCARDDeInit                        0x080054b1   Thumb Code    24  stm32f10x_fsmc.o(.text)
    FSMC_NORSRAMInit                         0x080054c9   Thumb Code   214  stm32f10x_fsmc.o(.text)
    FSMC_NANDInit                            0x0800559f   Thumb Code   122  stm32f10x_fsmc.o(.text)
    FSMC_PCCARDInit                          0x08005619   Thumb Code   112  stm32f10x_fsmc.o(.text)
    FSMC_NORSRAMStructInit                   0x08005689   Thumb Code   128  stm32f10x_fsmc.o(.text)
    FSMC_NANDStructInit                      0x08005709   Thumb Code    54  stm32f10x_fsmc.o(.text)
    FSMC_PCCARDStructInit                    0x0800573f   Thumb Code    60  stm32f10x_fsmc.o(.text)
    FSMC_NORSRAMCmd                          0x0800577b   Thumb Code    26  stm32f10x_fsmc.o(.text)
    FSMC_NANDCmd                             0x08005795   Thumb Code    52  stm32f10x_fsmc.o(.text)
    FSMC_PCCARDCmd                           0x080057c9   Thumb Code    26  stm32f10x_fsmc.o(.text)
    FSMC_NANDECCCmd                          0x080057e3   Thumb Code    50  stm32f10x_fsmc.o(.text)
    FSMC_GetECC                              0x08005815   Thumb Code    16  stm32f10x_fsmc.o(.text)
    FSMC_ITConfig                            0x08005825   Thumb Code    82  stm32f10x_fsmc.o(.text)
    FSMC_GetFlagStatus                       0x08005877   Thumb Code    54  stm32f10x_fsmc.o(.text)
    FSMC_ClearFlag                           0x080058ad   Thumb Code    46  stm32f10x_fsmc.o(.text)
    FSMC_GetITStatus                         0x080058db   Thumb Code    44  stm32f10x_fsmc.o(.text)
    FSMC_ClearITPendingBit                   0x08005907   Thumb Code    52  stm32f10x_fsmc.o(.text)
    EXTI_DeInit                              0x0800593d   Thumb Code    26  stm32f10x_exti.o(.text)
    EXTI_Init                                0x08005957   Thumb Code   136  stm32f10x_exti.o(.text)
    EXTI_StructInit                          0x080059df   Thumb Code    14  stm32f10x_exti.o(.text)
    EXTI_GenerateSWInterrupt                 0x080059ed   Thumb Code    10  stm32f10x_exti.o(.text)
    EXTI_GetFlagStatus                       0x080059f7   Thumb Code    16  stm32f10x_exti.o(.text)
    EXTI_ClearFlag                           0x08005a07   Thumb Code     6  stm32f10x_exti.o(.text)
    EXTI_GetITStatus                         0x08005a0d   Thumb Code    24  stm32f10x_exti.o(.text)
    EXTI_ClearITPendingBit                   0x08005a25   Thumb Code     6  stm32f10x_exti.o(.text)
    SystemInit                               0x08005a41   Thumb Code   198  system_stm32f10x.o(.text)
    SystemCoreClockUpdate                    0x08005b07   Thumb Code    90  system_stm32f10x.o(.text)
    clust2sect                               0x08005cfd   Thumb Code    24  ff.o(.text)
    get_fat                                  0x08005d15   Thumb Code   192  ff.o(.text)
    put_fat                                  0x08005dd5   Thumb Code   250  ff.o(.text)
    gen_numname                              0x0800612b   Thumb Code   228  ff.o(.text)
    f_mount                                  0x08006bf5   Thumb Code    32  ff.o(.text)
    f_open                                   0x08006c15   Thumb Code   316  ff.o(.text)
    f_read                                   0x08006d51   Thumb Code   436  ff.o(.text)
    f_write                                  0x08006f05   Thumb Code   452  ff.o(.text)
    f_sync                                   0x080070c9   Thumb Code   202  ff.o(.text)
    f_close                                  0x08007193   Thumb Code    18  ff.o(.text)
    f_lseek                                  0x080071a5   Thumb Code   398  ff.o(.text)
    f_opendir                                0x08007333   Thumb Code    92  ff.o(.text)
    f_readdir                                0x0800738f   Thumb Code   122  ff.o(.text)
    f_stat                                   0x08007409   Thumb Code    64  ff.o(.text)
    f_getfree                                0x08007449   Thumb Code   212  ff.o(.text)
    f_truncate                               0x0800751d   Thumb Code   178  ff.o(.text)
    f_unlink                                 0x080075cf   Thumb Code   290  ff.o(.text)
    f_mkdir                                  0x080076f1   Thumb Code   442  ff.o(.text)
    f_chmod                                  0x080078ab   Thumb Code    98  ff.o(.text)
    f_utime                                  0x0800790d   Thumb Code    96  ff.o(.text)
    f_rename                                 0x0800796d   Thumb Code   366  ff.o(.text)
    disk_initialize                          0x08007de1   Thumb Code    18  diskio.o(.text)
    disk_status                              0x08007df3   Thumb Code     4  diskio.o(.text)
    disk_read                                0x08007df7   Thumb Code    54  diskio.o(.text)
    disk_write                               0x08007e2d   Thumb Code    56  diskio.o(.text)
    disk_ioctl                               0x08007e65   Thumb Code     4  diskio.o(.text)
    get_fattime                              0x08007e69   Thumb Code     4  diskio.o(.text)
    ff_convert                               0x08007e6d   Thumb Code    78  cc936.o(.text)
    ff_wtoupper                              0x08007ebb   Thumb Code    32  cc936.o(.text)
    __aeabi_memset                           0x08007eed   Thumb Code    14  memseta.o(.text)
    __aeabi_memset4                          0x08007eed   Thumb Code     0  memseta.o(.text)
    __aeabi_memset8                          0x08007eed   Thumb Code     0  memseta.o(.text)
    __aeabi_memclr                           0x08007efb   Thumb Code     4  memseta.o(.text)
    __aeabi_memclr4                          0x08007efb   Thumb Code     0  memseta.o(.text)
    __aeabi_memclr8                          0x08007efb   Thumb Code     0  memseta.o(.text)
    _memset$wrapper                          0x08007eff   Thumb Code    20  memseta.o(.text)
    __aeabi_uidiv                            0x08007f13   Thumb Code     0  uidiv.o(.text)
    __aeabi_uidivmod                         0x08007f13   Thumb Code    44  uidiv.o(.text)
    __scatterload                            0x08007f41   Thumb Code    28  init.o(.text)
    __scatterload_rt2                        0x08007f41   Thumb Code     0  init.o(.text)
    __decompress                             0x08007f65   Thumb Code     0  __dczerorl2.o(.text)
    __decompress1                            0x08007f65   Thumb Code    88  __dczerorl2.o(.text)
    __0printf$6                              0x08007fbd   Thumb Code    22  printf6.o(i.__0printf$6)
    __1printf$6                              0x08007fbd   Thumb Code     0  printf6.o(i.__0printf$6)
    __2printf                                0x08007fbd   Thumb Code     0  printf6.o(i.__0printf$6)
    __0sprintf$6                             0x08007fdd   Thumb Code    34  printf6.o(i.__0sprintf$6)
    __1sprintf$6                             0x08007fdd   Thumb Code     0  printf6.o(i.__0sprintf$6)
    __2sprintf                               0x08007fdd   Thumb Code     0  printf6.o(i.__0sprintf$6)
    __scatterload_copy                       0x08008005   Thumb Code    14  handlers.o(i.__scatterload_copy)
    __scatterload_null                       0x08008013   Thumb Code     2  handlers.o(i.__scatterload_null)
    __scatterload_zeroinit                   0x08008015   Thumb Code    14  handlers.o(i.__scatterload_zeroinit)
    zm0                                      0x0800837a   Data          96  pic.o(.constdata)
    zm1                                      0x080083da   Data          96  pic.o(.constdata)
    zm2                                      0x0800843a   Data          96  pic.o(.constdata)
    zm3                                      0x0800849a   Data          96  pic.o(.constdata)
    zm4                                      0x080084fa   Data          96  pic.o(.constdata)
    zm5                                      0x0800855a   Data          96  pic.o(.constdata)
    zm6                                      0x080085ba   Data          96  pic.o(.constdata)
    zm7                                      0x0800861a   Data          96  pic.o(.constdata)
    zm8                                      0x0800867a   Data          96  pic.o(.constdata)
    zm9                                      0x080086da   Data          96  pic.o(.constdata)
    zf3                                      0x0800873a   Data        1120  pic.o(.constdata)
    OV7670_Reg                               0x080091ac   Data         228  ov7670.o(.constdata)
    Region$$Table$$Base                      0x08033f68   Number         0  anon$$obj.o(Region$$Table)
    Region$$Table$$Limit                     0x08033f88   Number         0  anon$$obj.o(Region$$Table)
    TimingDelay                              0x20000000   Data           4  main.o(.data)
    str2                                     0x20000004   Data         512  main.o(.data)
    str3                                     0x20000204   Data         512  main.o(.data)
    myres                                    0x20000404   Data           1  sd_fs_app.o(.data)
    mya                                      0x20000408   Data           4  sd_fs_app.o(.data)
    mybr                                     0x2000040c   Data           4  sd_fs_app.o(.data)
    mystring                                 0x20000410   Data         512  sd_fs_app.o(.data)
    TransferError                            0x20000610   Data           1  sdio_sdcard.o(.data)
    StopCondition                            0x2000061c   Data           4  sdio_sdcard.o(.data)
    TransferEnd                              0x20000620   Data           4  sdio_sdcard.o(.data)
    color1                                   0x20000628   Data           4  lcd_app.o(.data)
    bmpres                                   0x2000062c   Data           1  sd_bmp.o(.data)
    Vsync                                    0x2000062d   Data           1  ov7670.o(.data)
    SystemCoreClock                          0x20000644   Data           4  system_stm32f10x.o(.data)
    AHBPrescTable                            0x20000648   Data          16  system_stm32f10x.o(.data)
    __stdout                                 0x20000660   Data           4  stdout.o(.data)
    myfs                                     0x20000664   Data        1120  sd_fs_app.o(.bss)
    myfsrc                                   0x20000ac4   Data         548  sd_fs_app.o(.bss)
    mybuffer                                 0x20000ce8   Data         512  sd_fs_app.o(.bss)
    SDCardInfo                               0x20000f18   Data          80  sdio_sdcard.o(.bss)
    SDIO_InitStructure                       0x20000f68   Data          24  sdio_sdcard.o(.bss)
    SDIO_CmdInitStructure                    0x20000f80   Data          20  sdio_sdcard.o(.bss)
    SDIO_DataInitStructure                   0x20000f94   Data          24  sdio_sdcard.o(.bss)
    pColorData                               0x20000fac   Data        1200  sd_bmp.o(.bss)
    bmpfs                                    0x2000145c   Data        1120  sd_bmp.o(.bss)
    bmpfsrc                                  0x200018bc   Data         548  sd_bmp.o(.bss)
    __initial_sp                             0x2000eae0   Data           0  startup_stm32f10x_hd.o(STACK)



==============================================================================

Memory Map of the image

  Image Entry point : 0x08000131

  Load Region LR_IROM1 (Base: 0x08000000, Size: 0x000345ec, Max: 0x00080000, ABSOLUTE, COMPRESSED[0x00033ffc])

    Execution Region ER_IROM1 (Base: 0x08000000, Size: 0x00033f88, Max: 0x00080000, ABSOLUTE)

    Base Addr    Size         Type   Attr      Idx    E Section Name        Object

    0x08000000   0x00000130   Data   RO            3    RESET               startup_stm32f10x_hd.o
    0x08000130   0x00000000   Code   RO          634  * .ARM.Collect$$$$00000000  mc_w.l(entry.o)
    0x08000130   0x00000004   Code   RO          900    .ARM.Collect$$$$00000001  mc_w.l(entry2.o)
    0x08000134   0x00000004   Code   RO          903    .ARM.Collect$$$$00000004  mc_w.l(entry5.o)
    0x08000138   0x00000008   Code   RO          904    .ARM.Collect$$$$00000007  mc_w.l(entry7.o)
    0x08000140   0x00000004   Code   RO          901    .ARM.Collect$$$$00002712  mc_w.l(entry2.o)
    0x08000144   0x00000024   Code   RO            4    .text               startup_stm32f10x_hd.o
    0x08000168   0x000001d4   Code   RO           10    .text               lcd_botton.o
    0x0800033c   0x0000032c   Code   RO           77    .text               main.o
    0x08000668   0x000005f4   Code   RO          163    .text               sd_fs_app.o
    0x08000c5c   0x00001710   Code   RO          198    .text               sdio_sdcard.o
    0x0800236c   0x00000060   Code   RO          215    .text               stm32f10x_it.o
    0x080023cc   0x00000040   Code   RO          234    .text               systick.o
    0x0800240c   0x000001dc   Code   RO          252    .text               usart1.o
    0x080025e8   0x00000aac   Code   RO          271    .text               lcd_app.o
    0x08003094   0x00000554   Code   RO          290    .text               lcd_gui.o
    0x080035e8   0x00000b74   Code   RO          303    .text               sd_bmp.o
    0x0800415c   0x0000016c   Code   RO          406    .text               ov7670.o
    0x080042c8   0x00000420   Code   RO          428    .text               sccb.o
    0x080046e8   0x000000bc   Code   RO          441    .text               misc.o
    0x080047a4   0x000001f4   Code   RO          453    .text               stm32f10x_dma.o
    0x08004998   0x000002b8   Code   RO          465    .text               stm32f10x_gpio.o
    0x08004c50   0x000002d8   Code   RO          477    .text               stm32f10x_rcc.o
    0x08004f28   0x000001cc   Code   RO          492    .text               stm32f10x_sdio.o
    0x080050f4   0x00000368   Code   RO          504    .text               stm32f10x_usart.o
    0x0800545c   0x000004de   Code   RO          516    .text               stm32f10x_fsmc.o
    0x0800593a   0x00000002   PAD
    0x0800593c   0x00000104   Code   RO          528    .text               stm32f10x_exti.o
    0x08005a40   0x00000140   Code   RO          562    .text               system_stm32f10x.o
    0x08005b80   0x00002260   Code   RO          580    .text               ff.o
    0x08007de0   0x0000008c   Code   RO          596    .text               diskio.o
    0x08007e6c   0x00000080   Code   RO          611    .text               cc936.o
    0x08007eec   0x00000026   Code   RO          637    .text               mc_w.l(memseta.o)
    0x08007f12   0x0000002c   Code   RO          906    .text               mc_w.l(uidiv.o)
    0x08007f3e   0x00000002   PAD
    0x08007f40   0x00000024   Code   RO          921    .text               mc_w.l(init.o)
    0x08007f64   0x00000058   Code   RO          937    .text               mc_w.l(__dczerorl2.o)
    0x08007fbc   0x00000020   Code   RO          794    i.__0printf$6       mc_w.l(printf6.o)
    0x08007fdc   0x00000028   Code   RO          796    i.__0sprintf$6      mc_w.l(printf6.o)
    0x08008004   0x0000000e   Code   RO          931    i.__scatterload_copy  mc_w.l(handlers.o)
    0x08008012   0x00000002   Code   RO          932    i.__scatterload_null  mc_w.l(handlers.o)
    0x08008014   0x0000000e   Code   RO          933    i.__scatterload_zeroinit  mc_w.l(handlers.o)
    0x08008022   0x00000002   PAD
    0x08008024   0x000002fc   Code   RO          801    i._printf_core      mc_w.l(printf6.o)
    0x08008320   0x00000024   Code   RO          802    i._printf_post_padding  mc_w.l(printf6.o)
    0x08008344   0x0000002c   Code   RO          803    i._printf_pre_padding  mc_w.l(printf6.o)
    0x08008370   0x0000000a   Code   RO          805    i._sputc            mc_w.l(printf6.o)
    0x0800837a   0x00000060   Data   RO          145    .constdata          pic.o
    0x080083da   0x00000060   Data   RO          146    .constdata          pic.o
    0x0800843a   0x00000060   Data   RO          147    .constdata          pic.o
    0x0800849a   0x00000060   Data   RO          148    .constdata          pic.o
    0x080084fa   0x00000060   Data   RO          149    .constdata          pic.o
    0x0800855a   0x00000060   Data   RO          150    .constdata          pic.o
    0x080085ba   0x00000060   Data   RO          151    .constdata          pic.o
    0x0800861a   0x00000060   Data   RO          152    .constdata          pic.o
    0x0800867a   0x00000060   Data   RO          153    .constdata          pic.o
    0x080086da   0x00000060   Data   RO          154    .constdata          pic.o
    0x0800873a   0x00000460   Data   RO          155    .constdata          pic.o
    0x08008b9a   0x00000002   PAD
    0x08008b9c   0x00000010   Data   RO          167    .constdata          sd_fs_app.o
    0x08008bac   0x00000600   Data   RO          272    .constdata          lcd_app.o
    0x080091ac   0x000000e4   Data   RO          407    .constdata          ov7670.o
    0x08009290   0x0000000d   Data   RO          581    .constdata          ff.o
    0x0800929d   0x00000001   PAD
    0x0800929e   0x0002acc8   Data   RO          612    .constdata          cc936.o
    0x08033f66   0x00000002   PAD
    0x08033f68   0x00000020   Data   RO          929    Region$$Table       anon$$obj.o


    Execution Region RW_IRAM1 (Base: 0x20000000, Size: 0x0000eae0, Max: 0x00010000, ABSOLUTE, COMPRESSED[0x00000074])

    Base Addr    Size         Type   Attr      Idx    E Section Name        Object

    0x20000000   0x00000404   Data   RW           79    .data               main.o
    0x20000404   0x0000020c   Data   RW          168    .data               sd_fs_app.o
    0x20000610   0x00000014   Data   RW          200    .data               sdio_sdcard.o
    0x20000624   0x00000004   Data   RW          235    .data               systick.o
    0x20000628   0x00000004   Data   RW          274    .data               lcd_app.o
    0x2000062c   0x00000001   Data   RW          307    .data               sd_bmp.o
    0x2000062d   0x00000001   Data   RW          408    .data               ov7670.o
    0x2000062e   0x00000014   Data   RW          478    .data               stm32f10x_rcc.o
    0x20000642   0x00000002   PAD
    0x20000644   0x00000014   Data   RW          563    .data               system_stm32f10x.o
    0x20000658   0x00000008   Data   RW          582    .data               ff.o
    0x20000660   0x00000004   Data   RW          905    .data               mc_w.l(stdout.o)
    0x20000664   0x00000884   Zero   RW          164    .bss                sd_fs_app.o
    0x20000ee8   0x000000c4   Zero   RW          199    .bss                sdio_sdcard.o
    0x20000fac   0x00000b34   Zero   RW          304    .bss                sd_bmp.o
    0x20001ae0   0x0000d000   Zero   RW            1    STACK               startup_stm32f10x_hd.o


==============================================================================

Image component sizes


      Code (inc. data)   RO Data    RW Data    ZI Data      Debug   Object Name

       128         18     175304          0          0       2213   cc936.o
       140          0          0          0          0       7914   diskio.o
      8800         52         13          8          0      31202   ff.o
      2732        106       1536          4          0       9821   lcd_app.o
       468         18          0          0          0     263858   lcd_botton.o
      1364          4          0          0          0       5047   lcd_gui.o
       812        182          0       1028          0       9156   main.o
       188         16          0          0          0       1853   misc.o
       364         18        228          1          0       1947   ov7670.o
         0          0       2080          0          0        780   pic.o
      1056         18          0          0          0       5724   sccb.o
      2932        670          0          1       2868      10627   sd_bmp.o
      1524        512         16        524       2180       7314   sd_fs_app.o
      5904        196          0         20        196      20265   sdio_sdcard.o
        36          8        304          0      53248        804   startup_stm32f10x_hd.o
       500         60          0          0          0       4554   stm32f10x_dma.o
       260         22          0          0          0       2255   stm32f10x_exti.o
      1246         16          0          0          0       5723   stm32f10x_fsmc.o
       696         12          0          0          0       5889   stm32f10x_gpio.o
        96         14          0          0          0       1527   stm32f10x_it.o
       728         44          0         20          0       8978   stm32f10x_rcc.o
       460         56          0          0          0       7036   stm32f10x_sdio.o
       872          6          0          0          0       8548   stm32f10x_usart.o
       320         32          0         20          0       1703   system_stm32f10x.o
        64          8          0          4          0      16301   systick.o
       476         14          0          0          0       3644   usart1.o

    ----------------------------------------------------------------------
     32168       2102     179518       1632      58492     444683   Object Totals
         0          0         32          0          0          0   (incl. Generated)
         2          0          5          2          0          0   (incl. Padding)

    ----------------------------------------------------------------------

      Code (inc. data)   RO Data    RW Data    ZI Data      Debug   Library Member Name

        88          0          0          0          0          0   __dczerorl2.o
         0          0          0          0          0          0   entry.o
         8          4          0          0          0          0   entry2.o
         4          0          0          0          0          0   entry5.o
         8          4          0          0          0          0   entry7.o
        30          0          0          0          0          0   handlers.o
        36          8          0          0          0         68   init.o
        38          0          0          0          0        108   memseta.o
       926         20          0          0          0        496   printf6.o
         0          0          0          4          0          0   stdout.o
        44          0          0          0          0         76   uidiv.o

    ----------------------------------------------------------------------
      1186         36          0          4          0        748   Library Totals
         4          0          0          0          0          0   (incl. Padding)

    ----------------------------------------------------------------------

      Code (inc. data)   RO Data    RW Data    ZI Data      Debug   Library Name

      1182         36          0          4          0        748   mc_w.l

    ----------------------------------------------------------------------
      1186         36          0          4          0        748   Library Totals

    ----------------------------------------------------------------------

==============================================================================


      Code (inc. data)   RO Data    RW Data    ZI Data      Debug   

     33354       2138     179518       1636      58492     441907   Grand Totals
     33354       2138     179518        116      58492     441907   ELF Image Totals (compressed)
     33354       2138     179518        116          0          0   ROM Totals

==============================================================================

    Total RO  Size (Code + RO Data)               212872 ( 207.88kB)
    Total RW  Size (RW Data + ZI Data)             60128 (  58.72kB)
    Total ROM Size (Code + RO Data + RW Data)     212988 ( 208.00kB)

==============================================================================

