ARM Linker, 4.1 [Build 894] [Standard]

==============================================================================

Section Cross References

    startup_stm32f10x_hd.o(RESET) refers to startup_stm32f10x_hd.o(STACK) for __initial_sp
    startup_stm32f10x_hd.o(RESET) refers to startup_stm32f10x_hd.o(.text) for Reset_Handler
    startup_stm32f10x_hd.o(RESET) refers to stm32f10x_it.o(.text) for NMI_Handler
    startup_stm32f10x_hd.o(.text) refers to system_stm32f10x.o(.text) for SystemInit
    startup_stm32f10x_hd.o(.text) refers to entry.o(.ARM.Collect$$$$00000000) for __main
    lcd_botton.o(.text) refers to stm32f10x_rcc.o(.text) for RCC_AHBPeriphClockCmd
    lcd_botton.o(.text) refers to stm32f10x_gpio.o(.text) for GPIO_Init
    lcd_botton.o(.text) refers to stm32f10x_fsmc.o(.text) for FSMC_NORSRAMInit
    lcd_botton.o(.text) refers to lcd_gui.o(.text) for Delay
    main.o(.text) refers to system_stm32f10x.o(.text) for SystemInit
    main.o(.text) refers to stm32f10x_rcc.o(.text) for RCC_APB2PeriphClockCmd
    main.o(.text) refers to lcd_botton.o(.text) for LCD_WR_CMD
    main.o(.text) refers to ov7670.o(.text) for FIFO_GPIO_Configuration
    main.o(.text) refers to lcd_app.o(.text) for LCD_clear
    main.o(.text) refers to usart1.o(.text) for USART1_Config
    main.o(.text) refers to systick.o(.text) for SysTick_Init
    main.o(.text) refers to sd_fs_app.o(.text) for sd_fs_init
    main.o(.text) refers to key_led_control.o(.text) for key_led_init
    main.o(.text) refers to lcd_gui.o(.text) for GUI_Text
    main.o(.text) refers to sd_bmp.o(.text) for Screen_shot
    main.o(.text) refers to ov7670.o(.data) for Vsync
    main.o(.text) refers to main.o(.data) for .data
    sd_fs_app.o(.text) refers to misc.o(.text) for NVIC_PriorityGroupConfig
    sd_fs_app.o(.text) refers to ff.o(.text) for f_mount
    sd_fs_app.o(.text) refers to printf6.o(i.__0printf$6) for __2printf
    sd_fs_app.o(.text) refers to diskio.o(.text) for disk_initialize
    sd_fs_app.o(.text) refers to memseta.o(.text) for __aeabi_memclr4
    sd_fs_app.o(.text) refers to printf6.o(i.__0sprintf$6) for __2sprintf
    sd_fs_app.o(.text) refers to sd_fs_app.o(.bss) for .bss
    sd_fs_app.o(.text) refers to sd_fs_app.o(.data) for .data
    sd_fs_app.o(.text) refers to sd_fs_app.o(.constdata) for .constdata
    sdio_sdcard.o(.text) refers to stm32f10x_sdio.o(.text) for SDIO_ClockCmd
    sdio_sdcard.o(.text) refers to stm32f10x_rcc.o(.text) for RCC_AHBPeriphClockCmd
    sdio_sdcard.o(.text) refers to stm32f10x_gpio.o(.text) for GPIO_Init
    sdio_sdcard.o(.text) refers to misc.o(.text) for NVIC_PriorityGroupConfig
    sdio_sdcard.o(.text) refers to sdio_sdcard.o(.bss) for .bss
    sdio_sdcard.o(.text) refers to sdio_sdcard.o(.data) for .data
    sdio_sdcard.o(.text) refers to stm32f10x_dma.o(.text) for DMA_ClearFlag
    stm32f10x_it.o(.text) refers to systick.o(.text) for TimingDelay_Decrement
    stm32f10x_it.o(.text) refers to stm32f10x_exti.o(.text) for EXTI_GetITStatus
    stm32f10x_it.o(.text) refers to stm32f10x_gpio.o(.text) for GPIO_ReadOutputDataBit
    stm32f10x_it.o(.text) refers to key_led_control.o(.text) for key_action
    stm32f10x_it.o(.text) refers to sdio_sdcard.o(.text) for SD_ProcessIRQSrc
    stm32f10x_it.o(.text) refers to ov7670.o(.data) for Vsync
    systick.o(.text) refers to systick.o(.data) for .data
    usart1.o(.text) refers to stm32f10x_rcc.o(.text) for RCC_APB2PeriphClockCmd
    usart1.o(.text) refers to stm32f10x_gpio.o(.text) for GPIO_Init
    usart1.o(.text) refers to stm32f10x_usart.o(.text) for USART_Init
    lcd_app.o(.text) refers to lcd_botton.o(.text) for FSMC_LCD_Init
    lcd_app.o(.text) refers to stm32f10x_gpio.o(.text) for GPIO_ResetBits
    lcd_app.o(.text) refers to lcd_gui.o(.text) for Delay
    lcd_app.o(.text) refers to lcd_app.o(.data) for .data
    lcd_app.o(.text) refers to sd_fs_app.o(.text) for GetGBKCode_from_sd
    lcd_app.o(.text) refers to pic.o(.constdata) for zm1
    lcd_app.o(.text) refers to pic.o(.constdata) for zm2
    lcd_app.o(.text) refers to pic.o(.constdata) for zm3
    lcd_app.o(.text) refers to pic.o(.constdata) for zm4
    lcd_app.o(.text) refers to pic.o(.constdata) for zm5
    lcd_app.o(.text) refers to pic.o(.constdata) for zm6
    lcd_app.o(.text) refers to pic.o(.constdata) for zm7
    lcd_app.o(.text) refers to pic.o(.constdata) for zm8
    lcd_app.o(.text) refers to pic.o(.constdata) for zm9
    lcd_app.o(.text) refers to pic.o(.constdata) for zm0
    lcd_app.o(.text) refers to pic.o(.constdata) for zf3
    lcd_app.o(.text) refers to lcd_app.o(.constdata) for .constdata
    lcd_gui.o(.text) refers to lcd_app.o(.text) for lcd_PutChar
    sd_bmp.o(.text) refers to usart1.o(.text) for USART1_printf
    sd_bmp.o(.text) refers to printf6.o(i.__0sprintf$6) for __2sprintf
    sd_bmp.o(.text) refers to ff.o(.text) for f_mount
    sd_bmp.o(.text) refers to lcd_botton.o(.text) for Set_direction
    sd_bmp.o(.text) refers to lcd_app.o(.text) for LCD_WriteRAM
[...]
    printf0.o(i.__0vsnprintf$0) refers to printf0.o(i._snputc) for _snputc
    printf0.o(i.__0vsprintf$0) refers to printf0.o(i._printf_core) for _printf_core
    printf0.o(i.__0vsprintf$0) refers to printf0.o(i._sputc) for _sputc
    printf1.o(i.__0fprintf$1) refers to printf1.o(i._printf_core) for _printf_core
    printf1.o(i.__0fprintf$1) refers to usart1.o(.text) for fputc
    printf1.o(i.__0printf$1) refers to printf1.o(i._printf_core) for _printf_core
    printf1.o(i.__0printf$1) refers to usart1.o(.text) for fputc
    printf1.o(i.__0printf$1) refers to stdout.o(.data) for __stdout
    printf1.o(i.__0snprintf$1) refers to printf1.o(i._printf_core) for _printf_core
    printf1.o(i.__0snprintf$1) refers to printf1.o(i._snputc) for _snputc
    printf1.o(i.__0sprintf$1) refers to printf1.o(i._printf_core) for _printf_core
    printf1.o(i.__0sprintf$1) refers to printf1.o(i._sputc) for _sputc
    printf1.o(i.__0vfprintf$1) refers to printf1.o(i._printf_core) for _printf_core
    printf1.o(i.__0vfprintf$1) refers to usart1.o(.text) for fputc
    printf1.o(i.__0vprintf$1) refers to printf1.o(i._printf_core) for _printf_core
    printf1.o(i.__0vprintf$1) refers to usart1.o(.text) for fputc
    printf1.o(i.__0vprintf$1) refers to stdout.o(.data) for __stdout
    printf1.o(i.__0vsnprintf$1) refers to printf1.o(i._printf_core) for _printf_core
    printf1.o(i.__0vsnprintf$1) refers to printf1.o(i._snputc) for _snputc
    printf1.o(i.__0vsprintf$1) refers to printf1.o(i._printf_core) for _printf_core
    printf1.o(i.__0vsprintf$1) refers to printf1.o(i._sputc) for _sputc
    printf1.o(i._printf_core) refers to uidiv.o(.text) for __aeabi_uidivmod
    printf2.o(i.__0fprintf$2) refers to printf2.o(i._printf_core) for _printf_core
    printf2.o(i.__0fprintf$2) refers to usart1.o(.text) for fputc
    printf2.o(i.__0printf$2) refers to printf2.o(i._printf_core) for _printf_core
    printf2.o(i.__0printf$2) refers to usart1.o(.text) for fputc
    printf2.o(i.__0printf$2) refers to stdout.o(.data) for __stdout
    printf2.o(i.__0snprintf$2) refers to printf2.o(i._printf_core) for _printf_core
    printf2.o(i.__0snprintf$2) refers to printf2.o(i._snputc) for _snputc
    printf2.o(i.__0sprintf$2) refers to printf2.o(i._printf_core) for _printf_core
    printf2.o(i.__0sprintf$2) refers to printf2.o(i._sputc) for _sputc
    printf2.o(i.__0vfprintf$2) refers to printf2.o(i._printf_core) for _printf_core
    printf2.o(i.__0vfprintf$2) refers to usart1.o(.text) for fputc
    printf2.o(i.__0vprintf$2) refers to printf2.o(i._printf_core) for _printf_core
    printf2.o(i.__0vprintf$2) refers to usart1.o(.text) for fputc
    printf2.o(i.__0vprintf$2) refers to stdout.o(.data) for __stdout
    printf2.o(i.__0vsnprintf$2) refers to printf2.o(i._printf_core) for _printf_core
    printf2.o(i.__0vsnprintf$2) refers to printf2.o(i._snputc) for _snputc
    printf2.o(i.__0vsprintf$2) refers to printf2.o(i._printf_core) for _printf_core
    printf2.o(i.__0vsprintf$2) refers to printf2.o(i._sputc) for _sputc
    printf3.o(i.__0fprintf$3) refers to printf3.o(i._printf_core) for _printf_core
    printf3.o(i.__0fprintf$3) refers to usart1.o(.text) for fputc
    printf3.o(i.__0printf$3) refers to printf3.o(i._printf_core) for _printf_core
    printf3.o(i.__0printf$3) refers to usart1.o(.text) for fputc
    printf3.o(i.__0printf$3) refers to stdout.o(.data) for __stdout
    printf3.o(i.__0snprintf$3) refers to printf3.o(i._printf_core) for _printf_core
    printf3.o(i.__0snprintf$3) refers to printf3.o(i._snputc) for _snputc
    printf3.o(i.__0sprintf$3) refers to printf3.o(i._printf_core) for _printf_core
    printf3.o(i.__0sprintf$3) refers to printf3.o(i._sputc) for _sputc
    printf3.o(i.__0vfprintf$3) refers to printf3.o(i._printf_core) for _printf_core
    printf3.o(i.__0vfprintf$3) refers to usart1.o(.text) for fputc
    printf3.o(i.__0vprintf$3) refers to printf3.o(i._printf_core) for _printf_core
    printf3.o(i.__0vprintf$3) refers to usart1.o(.text) for fputc
    printf3.o(i.__0vprintf$3) refers to stdout.o(.data) for __stdout
    printf3.o(i.__0vsnprintf$3) refers to printf3.o(i._printf_core) for _printf_core
    printf3.o(i.__0vsnprintf$3) refers to printf3.o(i._snputc) for _snputc
    printf3.o(i.__0vsprintf$3) refers to printf3.o(i._printf_core) for _printf_core
    printf3.o(i.__0vsprintf$3) refers to printf3.o(i._sputc) for _sputc
    printf3.o(i._printf_core) refers to uidiv.o(.text) for __aeabi_uidivmod
    printf4.o(i.__0fprintf$4) refers to printf4.o(i._printf_core) for _printf_core
    printf4.o(i.__0fprintf$4) refers to usart1.o(.text) for fputc
    printf4.o(i.__0printf$4) refers to printf4.o(i._printf_core) for _printf_core
    printf4.o(i.__0printf$4) refers to usart1.o(.text) for fputc
    printf4.o(i.__0printf$4) refers to stdout.o(.data) for __stdout
    printf4.o(i.__0snprintf$4) refers to printf4.o(i._printf_core) for _printf_core
    printf4.o(i.__0snprintf$4) refers to printf4.o(i._snputc) for _snputc
    printf4.o(i.__0sprintf$4) refers to printf4.o(i._printf_core) for _printf_core
    printf4.o(i.__0sprintf$4) refers to printf4.o(i._sputc) for _sputc
    printf4.o(i.__0vfprintf$4) refers to printf4.o(i._printf_core) for _printf_core
    printf4.o(i.__0vfprintf$4) refers to usart1.o(.text) for fputc
    printf4.o(i.__0vprintf$4) refers to printf4.o(i._printf_core) for _printf_core
    printf4.o(i.__0vprintf$4) refers to usart1.o(.text) for fputc
    printf4.o(i.__0vprintf$4) refers to stdout.o(.data) for __stdout
    printf4.o(i.__0vsnprintf$4) refers to printf4.o(i._printf_core) for _printf_core
    printf4.o(i.__0vsnprintf$4) refers to printf4.o(i._snputc) for _snputc
    printf4.o(i.__0vsprintf$4) refers to printf4.o(i._printf_core) for _printf_core
    printf4.o(i.__0vsprintf$4) refers to printf4.o(i._sputc) for _sputc
    printf4.o(i._printf_core) refers to uldiv.o(.text) for __aeabi_uldivmod
    printf5.o(i.__0fprintf$5) refers to printf5.o(i._printf_core) for _printf_core
    printf5.o(i.__0fprintf$5) refers to usart1.o(.text) for fputc
    printf5.o(i.__0printf$5) refers to printf5.o(i._printf_core) for _printf_core
    printf5.o(i.__0printf$5) refers to usart1.o(.text) for fputc
    printf5.o(i.__0printf$5) refers to stdout.o(.data) for __stdout
    printf5.o(i.__0snprintf$5) refers to printf5.o(i._printf_core) for _printf_core
    printf5.o(i.__0snprintf$5) refers to printf5.o(i._snputc) for _snputc
    printf5.o(i.__0sprintf$5) refers to printf5.o(i._printf_core) for _printf_core
    printf5.o(i.__0sprintf$5) refers to printf5.o(i._sputc) for _sputc
    printf5.o(i.__0vfprintf$5) refers to printf5.o(i._printf_core) for _printf_core
    printf5.o(i.__0vfprintf$5) refers to usart1.o(.text) for fputc
    printf5.o(i.__0vprintf$5) refers to printf5.o(i._printf_core) for _printf_core
    printf5.o(i.__0vprintf$5) refers to usart1.o(.text) for fputc
    printf5.o(i.__0vprintf$5) refers to stdout.o(.data) for __stdout
    printf5.o(i.__0vsnprintf$5) refers to printf5.o(i._printf_core) for _printf_core
    printf5.o(i.__0vsnprintf$5) refers to printf5.o(i._snputc) for _snputc
    printf5.o(i.__0vsprintf$5) refers to printf5.o(i._printf_core) for _printf_core
    printf5.o(i.__0vsprintf$5) refers to printf5.o(i._sputc) for _sputc
    printf5.o(i._printf_core) refers to uldiv.o(.text) for __aeabi_uldivmod
    printf6.o(i.__0fprintf$6) refers to printf6.o(i._printf_core) for _printf_core
    printf6.o(i.__0fprintf$6) refers to usart1.o(.text) for fputc
    printf6.o(i.__0printf$6) refers to printf6.o(i._printf_core) for _printf_core
    printf6.o(i.__0printf$6) refers to usart1.o(.text) for fputc
    printf6.o(i.__0printf$6) refers to stdout.o(.data) for __stdout
    printf6.o(i.__0snprintf$6) refers to printf6.o(i._printf_core) for _printf_core
    printf6.o(i.__0snprintf$6) refers to printf6.o(i._snputc) for _snputc
    printf6.o(i.__0sprintf$6) refers to printf6.o(i._printf_core) for _printf_core
    printf6.o(i.__0sprintf$6) refers to printf6.o(i._sputc) for _sputc
    printf6.o(i.__0vfprintf$6) refers to printf6.o(i._printf_core) for _printf_core
    printf6.o(i.__0vfprintf$6) refers to usart1.o(.text) for fputc
    printf6.o(i.__0vprintf$6) refers to printf6.o(i._printf_core) for _printf_core
    printf6.o(i.__0vprintf$6) refers to usart1.o(.text) for fputc
    printf6.o(i.__0vprintf$6) refers to stdout.o(.data) for __stdout
    printf6.o(i.__0vsnprintf$6) refers to printf6.o(i._printf_core) for _printf_core
    printf6.o(i.__0vsnprintf$6) refers to printf6.o(i._snputc) for _snputc
    printf6.o(i.__0vsprintf$6) refers to printf6.o(i._printf_core) for _printf_core
    printf6.o(i.__0vsprintf$6) refers to printf6.o(i._sputc) for _sputc
    printf6.o(i._printf_core) refers to printf6.o(i._printf_pre_padding) for _printf_pre_padding
    printf6.o(i._printf_core) refers to uidiv.o(.text) for __aeabi_uidivmod
    printf6.o(i._printf_core) refers to printf6.o(i._printf_post_padding) for _printf_post_padding
    printf7.o(i.__0fprintf$7) refers to printf7.o(i._printf_core) for _printf_core
    printf7.o(i.__0fprintf$7) refers to usart1.o(.text) for fputc
    printf7.o(i.__0printf$7) refers to printf7.o(i._printf_core) for _printf_core
    printf7.o(i.__0printf$7) refers to usart1.o(.text) for fputc
    printf7.o(i.__0printf$7) refers to stdout.o(.data) for __stdout
    printf7.o(i.__0snprintf$7) refers to printf7.o(i._printf_core) for _printf_core
    printf7.o(i.__0snprintf$7) refers to printf7.o(i._snputc) for _snputc
    printf7.o(i.__0sprintf$7) refers to printf7.o(i._printf_core) for _printf_core
    printf7.o(i.__0sprintf$7) refers to printf7.o(i._sputc) for _sputc
    printf7.o(i.__0vfprintf$7) refers to printf7.o(i._printf_core) for _printf_core
    printf7.o(i.__0vfprintf$7) refers to usart1.o(.text) for fputc
    printf7.o(i.__0vprintf$7) refers to printf7.o(i._printf_core) for _printf_core
    printf7.o(i.__0vprintf$7) refers to usart1.o(.text) for fputc
    printf7.o(i.__0vprintf$7) refers to stdout.o(.data) for __stdout
    printf7.o(i.__0vsnprintf$7) refers to printf7.o(i._printf_core) for _printf_core
    printf7.o(i.__0vsnprintf$7) refers to printf7.o(i._snputc) for _snputc
    printf7.o(i.__0vsprintf$7) refers to printf7.o(i._printf_core) for _printf_core
    printf7.o(i.__0vsprintf$7) refers to printf7.o(i._sputc) for _sputc
    printf7.o(i._printf_core) refers to printf7.o(i._printf_pre_padding) for _printf_pre_padding
    printf7.o(i._printf_core) refers to uldiv.o(.text) for __aeabi_uldivmod
    printf7.o(i._printf_core) refers to printf7.o(i._printf_post_padding) for _printf_post_padding
    printf8.o(i.__0fprintf$8) refers to printf8.o(i._printf_core) for _printf_core
    printf8.o(i.__0fprintf$8) refers to usart1.o(.text) for fputc
    printf8.o(i.__0printf$8) refers to printf8.o(i._printf_core) for _printf_core
    printf8.o(i.__0printf$8) refers to usart1.o(.text) for fputc
    printf8.o(i.__0printf$8) refers to stdout.o(.data) for __stdout
    printf8.o(i.__0snprintf$8) refers to printf8.o(i._printf_core) for _printf_core
    printf8.o(i.__0snprintf$8) refers to printf8.o(i._snputc) for _snputc
    printf8.o(i.__0sprintf$8) refers to printf8.o(i._printf_core) for _printf_core
    printf8.o(i.__0sprintf$8) refers to printf8.o(i._sputc) for _sputc
    printf8.o(i.__0vfprintf$8) refers to printf8.o(i._printf_core) for _printf_core
    printf8.o(i.__0vfprintf$8) refers to usart1.o(.text) for fputc
    printf8.o(i.__0vprintf$8) refers to printf8.o(i._printf_core) for _printf_core
    printf8.o(i.__0vprintf$8) refers to usart1.o(.text) for fputc
    printf8.o(i.__0vprintf$8) refers to stdout.o(.data) for __stdout
    printf8.o(i.__0vsnprintf$8) refers to printf8.o(i._printf_core) for _printf_core
    printf8.o(i.__0vsnprintf$8) refers to printf8.o(i._snputc) for _snputc
    printf8.o(i.__0vsprintf$8) refers to printf8.o(i._printf_core) for _printf_core
    printf8.o(i.__0vsprintf$8) refers to printf8.o(i._sputc) for _sputc
    printf8.o(i._printf_core) refers to printf8.o(i._printf_pre_padding) for _printf_pre_padding
    printf8.o(i._printf_core) refers to uldiv.o(.text) for __aeabi_uldivmod
    printf8.o(i._printf_core) refers to printf8.o(i._printf_post_padding) for _printf_post_padding
    printfa.o(i.__0fprintf) refers (Special) to iusefp.o(.text) for __I$use$fp
    printfa.o(i.__0fprintf) refers to printfa.o(i._printf_core) for _printf_core
    printfa.o(i.__0fprintf) refers to usart1.o(.text) for fputc
    printfa.o(i.__0printf) refers (Special) to iusefp.o(.text) for __I$use$fp
    printfa.o(i.__0printf) refers to printfa.o(i._printf_core) for _printf_core
    printfa.o(i.__0printf) refers to usart1.o(.text) for fputc
    printfa.o(i.__0printf) refers to stdout.o(.data) for __stdout
    printfa.o(i.__0snprintf) refers (Special) to iusefp.o(.text) for __I$use$fp
    printfa.o(i.__0snprintf) refers to printfa.o(i._printf_core) for _printf_core
    printfa.o(i.__0snprintf) refers to printfa.o(i._snputc) for _snputc
    printfa.o(i.__0sprintf) refers (Special) to iusefp.o(.text) for __I$use$fp
    printfa.o(i.__0sprintf) refers to printfa.o(i._printf_core) for _printf_core
    printfa.o(i.__0sprintf) refers to printfa.o(i._sputc) for _sputc
    printfa.o(i.__0vfprintf) refers (Special) to iusefp.o(.text) for __I$use$fp
    printfa.o(i.__0vfprintf) refers to printfa.o(i._printf_core) for _printf_core
    printfa.o(i.__0vfprintf) refers to usart1.o(.text) for fputc
    printfa.o(i.__0vprintf) refers (Special) to iusefp.o(.text) for __I$use$fp
    printfa.o(i.__0vprintf) refers to printfa.o(i._printf_core) for _printf_core
    printfa.o(i.__0vprintf) refers to usart1.o(.text) for fputc
    printfa.o(i.__0vprintf) refers to stdout.o(.data) for __stdout
    printfa.o(i.__0vsnprintf) refers (Special) to iusefp.o(.text) for __I$use$fp
    printfa.o(i.__0vsnprintf) refers to printfa.o(i._printf_core) for _printf_core
    printfa.o(i.__0vsnprintf) refers to printfa.o(i._snputc) for _snputc
    printfa.o(i.__0vsprintf) refers (Special) to iusefp.o(.text) for __I$use$fp
    printfa.o(i.__0vsprintf) refers to printfa.o(i._printf_core) for _printf_core
    printfa.o(i.__0vsprintf) refers to printfa.o(i._sputc) for _sputc
    printfa.o(i._fp_digits) refers (Special) to iusefp.o(.text) for __I$use$fp
    printfa.o(i._fp_digits) refers to dmul.o(.text) for __aeabi_dmul
    printfa.o(i._fp_digits) refers to ddiv.o(.text) for __aeabi_ddiv
    printfa.o(i._fp_digits) refers to cdrcmple.o(.text) for __aeabi_cdrcmple
    printfa.o(i._fp_digits) refers to dadd.o(.text) for __aeabi_dadd
    printfa.o(i._fp_digits) refers to dfixul.o(.text) for __aeabi_d2ulz
    printfa.o(i._fp_digits) refers to uldiv.o(.text) for __aeabi_uldivmod
    printfa.o(i._printf_core) refers (Special) to iusefp.o(.text) for __I$use$fp
    printfa.o(i._printf_core) refers to printfa.o(i._printf_pre_padding) for _printf_pre_padding
    printfa.o(i._printf_core) refers to uldiv.o(.text) for __aeabi_uldivmod
    printfa.o(i._printf_core) refers to printfa.o(i._printf_post_padding) for _printf_post_padding
    printfa.o(i._printf_core) refers to printfa.o(i._fp_digits) for _fp_digits
    printfa.o(i._printf_core) refers to uidiv.o(.text) for __aeabi_uidivmod
    printfa.o(i._printf_post_padding) refers (Special) to iusefp.o(.text) for __I$use$fp
    printfa.o(i._printf_pre_padding) refers (Special) to iusefp.o(.text) for __I$use$fp
    printfa.o(i._snputc) refers (Special) to iusefp.o(.text) for __I$use$fp
    printfa.o(i._sputc) refers (Special) to iusefp.o(.text) for __I$use$fp
    entry2.o(.ARM.Collect$$$$00000001) refers to entry2.o(.ARM.Collect$$$$00002712) for __lit__00000000
    entry2.o(.ARM.Collect$$$$00002712) refers to startup_stm32f10x_hd.o(STACK) for __initial_sp
    entry2.o(__vectab_stack_and_reset_area) refers to startup_stm32f10x_hd.o(STACK) for __initial_sp
    entry2.o(__vectab_stack_and_reset_area) refers to entry.o(.ARM.Collect$$$$00000000) for __main
    entry5.o(.ARM.Collect$$$$00000004) refers to init.o(.text) for __scatterload
    entry7.o(.ARM.Collect$$$$00000007) refers to main.o(.text) for main
    uldiv.o(.text) refers to llushr.o(.text) for __aeabi_llsr
    uldiv.o(.text) refers to llshl.o(.text) for __aeabi_llsl
    dadd.o(.text) refers to llushr.o(.text) for __aeabi_llsr
    dadd.o(.text) refers to llshl.o(.text) for __aeabi_llsl
    dadd.o(.text) refers to depilogue.o(.text) for _double_epilogue
    dmul.o(.text) refers to depilogue.o(.text) for _double_epilogue
    ddiv.o(.text) refers to depilogue.o(.text) for _double_epilogue
    dfixul.o(.text) refers to llushr.o(.text) for __aeabi_llsr
    dfixul.o(.text) refers to llshl.o(.text) for __aeabi_llsl
    init.o(.text) refers to entry5.o(.ARM.Collect$$$$00000004) for __main_after_scatterload


==============================================================================

Removing Unused input sections from the image.

    Removing startup_stm32f10x_hd.o(HEAP), (512 bytes).
    Removing lcd_botton.o(.data), (1 bytes).
    Removing main.o(.data), (512 bytes).
    Removing pic.o(.constdata), (192008 bytes).
    Removing pic.o(.constdata), (191208 bytes).
    Removing sd_fs_app.o(.bss), (548 bytes).
    Removing sd_fs_app.o(.bss), (512 bytes).
    Removing sd_fs_app.o(.data), (512 bytes).
    Removing sd_fs_app.o(.data), (4 bytes).
    Removing lcd_app.o(.data), (2 bytes).
    Removing sd_bmp.o(.bss), (1292 bytes).
    Removing sd_bmp.o(.bss), (548 bytes).
    Removing key_led_control.o(.data), (1 bytes).
    Removing key_led_control.o(.data), (1 bytes).
    Removing key_led_control.o(.data), (1 bytes).
    Removing key_led_control.o(.data), (1 bytes).
    Removing key_led_control.o(.data), (1 bytes).
    Removing stm32f10x_spi.o(.text), (684 bytes).
    Removing core_cm3.o(.emb_text), (32 bytes).
    Removing dadd.o(.text), (414 bytes).
    Removing dmul.o(.text), (232 bytes).
    Removing ddiv.o(.text), (248 bytes).
    Removing dfixul.o(.text), (50 bytes).
    Removing cdrcmple.o(.text), (76 bytes).
    Removing depilogue.o(.text), (200 bytes).

25 unused section(s) (total 389600 bytes) removed from the image.

==============================================================================

Image Symbol Table

    Local Symbols

    Symbol Name                              Value     Ov Type        Size  Object(Section)

    ../../../cmprslib/zerorunl2.c            0x00000000   Number         0  __dczerorl2.o ABSOLUTE
    ../../microlib/division.c                0x00000000   Number         0  uldiv.o ABSOLUTE
    ../../microlib/division.c                0x00000000   Number         0  uidiv.o ABSOLUTE
    ../../microlib/fpadd.c                   0x00000000   Number         0  dadd.o ABSOLUTE
    ../../microlib/fpdiv.c                   0x00000000   Number         0  ddiv.o ABSOLUTE
    ../../microlib/fpepilogue.c              0x00000000   Number         0  depilogue.o ABSOLUTE
    ../../microlib/fpfix.c                   0x00000000   Number         0  dfixul.o ABSOLUTE
    ../../microlib/fpmul.c                   0x00000000   Number         0  dmul.o ABSOLUTE
    ../../microlib/init/entry.s              0x00000000   Number         0  entry.o ABSOLUTE
    ../../microlib/init/entry.s              0x00000000   Number         0  entry5.o ABSOLUTE
    ../../microlib/init/entry.s              0x00000000   Number         0  entry7.o ABSOLUTE
    ../../microlib/init/entry.s              0x00000000   Number         0  entry2.o ABSOLUTE
    ../../microlib/longlong.c                0x00000000   Number         0  llshl.o ABSOLUTE
    ../../microlib/longlong.c                0x00000000   Number         0  llushr.o ABSOLUTE
    ../../microlib/printf/printf.c           0x00000000   Number         0  printf6.o ABSOLUTE
    ../../microlib/printf/printf.c           0x00000000   Number         0  printf7.o ABSOLUTE
    ../../microlib/printf/printf.c           0x00000000   Number         0  printf5.o ABSOLUTE
    ../../microlib/printf/printf.c           0x00000000   Number         0  printf8.o ABSOLUTE
    ../../microlib/printf/printf.c           0x00000000   Number         0  printfa.o ABSOLUTE
    ../../microlib/printf/printf.c           0x00000000   Number         0  printfb.o ABSOLUTE
    ../../microlib/printf/printf.c           0x00000000   Number         0  printf0.o ABSOLUTE
    ../../microlib/printf/printf.c           0x00000000   Number         0  printf3.o ABSOLUTE
    ../../microlib/printf/printf.c           0x00000000   Number         0  printf4.o ABSOLUTE
    ../../microlib/printf/printf.c           0x00000000   Number         0  printf2.o ABSOLUTE
    ../../microlib/printf/printf.c           0x00000000   Number         0  printf1.o ABSOLUTE
    ../../microlib/printf/stubs.s            0x00000000   Number         0  stubs.o ABSOLUTE
    ../../microlib/stdio/streams.c           0x00000000   Number         0  stdout.o ABSOLUTE
    ../../microlib/string/memset.c           0x00000000   Number         0  memseta.o ABSOLUTE
    ../../microlib/stubs.s                   0x00000000   Number         0  iusefp.o ABSOLUTE
    ..\CMSIS\core_cm3.c                      0x00000000   Number         0  core_cm3.o ABSOLUTE
    ..\CMSIS\startup_stm32f10x_hd.s          0x00000000   Number         0  startup_stm32f10x_hd.o ABSOLUTE
    ..\CMSIS\system_stm32f10x.c              0x00000000   Number         0  system_stm32f10x.o ABSOLUTE
    ..\Camera\OV7670.c                       0x00000000   Number         0  ov7670.o ABSOLUTE
    ..\Camera\SCCB.c                         0x00000000   Number         0  sccb.o ABSOLUTE
    ..\FWlib\src\misc.c                      0x00000000   Number         0  misc.o ABSOLUTE
    ..\FWlib\src\stm32f10x_dma.c             0x00000000   Number         0  stm32f10x_dma.o ABSOLUTE
    ..\FWlib\src\stm32f10x_exti.c            0x00000000   Number         0  stm32f10x_exti.o ABSOLUTE
    ..\FWlib\src\stm32f10x_fsmc.c            0x00000000   Number         0  stm32f10x_fsmc.o ABSOLUTE
    ..\FWlib\src\stm32f10x_gpio.c            0x00000000   Number         0  stm32f10x_gpio.o ABSOLUTE
    ..\FWlib\src\stm32f10x_rcc.c             0x00000000   Number         0  stm32f10x_rcc.o ABSOLUTE
    ..\FWlib\src\stm32f10x_sdio.c            0x00000000   Number         0  stm32f10x_sdio.o ABSOLUTE
    ..\FWlib\src\stm32f10x_spi.c             0x00000000   Number         0  stm32f10x_spi.o ABSOLUTE
    ..\FWlib\src\stm32f10x_usart.c           0x00000000   Number         0  stm32f10x_usart.o ABSOLUTE
    ..\\CMSIS\\core_cm3.c                    0x00000000   Number         0  core_cm3.o ABSOLUTE
    ..\ff9\diskio.c                          0x00000000   Number         0  diskio.o ABSOLUTE
    ..\ff9\ff.c                              0x00000000   Number         0  ff.o ABSOLUTE
    ..\ff9\option\cc936.c                    0x00000000   Number         0  cc936.o ABSOLUTE
    LCD_APP.c                                0x00000000   Number         0  lcd_app.o ABSOLUTE
    Sd_bmp.c                                 0x00000000   Number         0  sd_bmp.o ABSOLUTE
    SysTick.c                                0x00000000   Number         0  systick.o ABSOLUTE
    cdrcmple.s                               0x00000000   Number         0  cdrcmple.o ABSOLUTE
    dc.s                                     0x00000000   Number         0  dc.o ABSOLUTE
    handlers.s                               0x00000000   Number         0  handlers.o ABSOLUTE
    init.s                                   0x00000000   Number         0  init.o ABSOLUTE
    key_led_control.c                        0x00000000   Number         0  key_led_control.o ABSOLUTE
    lcd_GUI.c                                0x00000000   Number         0  lcd_gui.o ABSOLUTE
    lcd_botton.c                             0x00000000   Number         0  lcd_botton.o ABSOLUTE
    main.c                                   0x00000000   Number         0  main.o ABSOLUTE
    pic.c                                    0x00000000   Number         0  pic.o ABSOLUTE
    sd_fs_app.c                              0x00000000   Number         0  sd_fs_app.o ABSOLUTE
    sdio_sdcard.c                            0x00000000   Number         0  sdio_sdcard.o ABSOLUTE
    stm32f10x_it.c                           0x00000000   Number         0  stm32f10x_it.o ABSOLUTE
    usart1.c                                 0x00000000   Number         0  usart1.o ABSOLUTE
    RESET                                    0x08000000   Section      304  startup_stm32f10x_hd.o(RESET)
    .ARM.Collect$$$$00000000                 0x08000130   Section        0  entry.o(.ARM.Collect$$$$00000000)
    .ARM.Collect$$$$00000001                 0x08000130   Section        4  entry2.o(.ARM.Collect$$$$00000001)
    .ARM.Collect$$$$00000004                 0x08000134   Section        4  entry5.o(.ARM.Collect$$$$00000004)
    .ARM.Collect$$$$00000007                 0x08000138   Section        8  entry7.o(.ARM.Collect$$$$00000007)
    .ARM.Collect$$$$00002712                 0x08000140   Section        4  entry2.o(.ARM.Collect$$$$00002712)
    __lit__00000000                          0x08000140   Data           4  entry2.o(.ARM.Collect$$$$00002712)
    .text                                    0x08000144   Section       36  startup_stm32f10x_hd.o(.text)
    .text                                    0x08000168   Section        0  lcd_botton.o(.text)
    .text                                    0x0800033c   Section        0  main.o(.text)
    .text                                    0x08000794   Section        0  sd_fs_app.o(.text)
    .text                                    0x08000d7c   Section        0  sdio_sdcard.o(.text)
    SDEnWideBus                              0x08000de5   Thumb Code   616  sdio_sdcard.o(.text)
    IsCardProgramming                        0x0800231d   Thumb Code   362  sdio_sdcard.o(.text)
    .text                                    0x0800248c   Section        0  stm32f10x_it.o(.text)
    .text                                    0x08002524   Section        0  systick.o(.text)
    .text                                    0x08002564   Section        0  usart1.o(.text)
    .text                                    0x08002740   Section        0  lcd_app.o(.text)
    .text                                    0x080031ec   Section        0  lcd_gui.o(.text)
    .text                                    0x08003740   Section        0  sd_bmp.o(.text)
    .text                                    0x080044f8   Section        0  key_led_control.o(.text)
    .text                                    0x08004774   Section        0  ov7670.o(.text)
    .text                                    0x080048e0   Section        0  sccb.o(.text)
    I2C_WaitAck                              0x08004963   Thumb Code   128  sccb.o(.text)
    I2C_Stop                                 0x08004c6f   Thumb Code    46  sccb.o(.text)
    I2C_SendByte                             0x08004c9d   Thumb Code   100  sccb.o(.text)
    .text                                    0x08004d00   Section        0  misc.o(.text)
    .text                                    0x08004dbc   Section        0  stm32f10x_dma.o(.text)
    .text                                    0x08004fb0   Section        0  stm32f10x_gpio.o(.text)
    .text                                    0x08005268   Section        0  stm32f10x_rcc.o(.text)
    .text                                    0x08005540   Section        0  stm32f10x_sdio.o(.text)
    .text                                    0x0800570c   Section        0  stm32f10x_usart.o(.text)
    .text                                    0x08005a74   Section        0  stm32f10x_fsmc.o(.text)
    .text                                    0x08005f54   Section        0  stm32f10x_exti.o(.text)
    .text                                    0x08006058   Section        0  system_stm32f10x.o(.text)
    .text                                    0x08006198   Section        0  ff.o(.text)
    mem_cpy                                  0x08006199   Thumb Code    84  ff.o(.text)
    move_window                              0x080061ed   Thumb Code   116  ff.o(.text)
    sync                                     0x08006261   Thumb Code   180  ff.o(.text)
    create_chain                             0x080064e7   Thumb Code   160  ff.o(.text)
    dir_sdi                                  0x08006587   Thumb Code   154  ff.o(.text)
    dir_next                                 0x08006621   Thumb Code   290  ff.o(.text)
    dir_find                                 0x08006827   Thumb Code   380  ff.o(.text)
    dir_register                             0x080069a3   Thumb Code   774  ff.o(.text)
    follow_path                              0x08006ca9   Thumb Code   690  ff.o(.text)
    chk_mounted                              0x08006f5b   Thumb Code   690  ff.o(.text)
    mem_set                                  0x080080f3   Thumb Code    70  ff.o(.text)
    remove_chain                             0x08008139   Thumb Code    98  ff.o(.text)
    dir_read                                 0x0800819b   Thumb Code   318  ff.o(.text)
    get_fileinfo                             0x080082d9   Thumb Code   284  ff.o(.text)
    .text                                    0x080083f8   Section        0  diskio.o(.text)
    .text                                    0x08008484   Section        0  cc936.o(.text)
    .text                                    0x08008504   Section        0  memseta.o(.text)
    .text                                    0x0800852a   Section        0  uidiv.o(.text)
    .text                                    0x08008558   Section       36  init.o(.text)
    .text                                    0x0800857c   Section        0  __dczerorl2.o(.text)
    i.__0printf$6                            0x080085d4   Section        0  printf6.o(i.__0printf$6)
    i.__0sprintf$6                           0x080085f4   Section        0  printf6.o(i.__0sprintf$6)
    i.__scatterload_copy                     0x0800861c   Section       14  handlers.o(i.__scatterload_copy)
    i.__scatterload_null                     0x0800862a   Section        2  handlers.o(i.__scatterload_null)
    i.__scatterload_zeroinit                 0x0800862c   Section       14  handlers.o(i.__scatterload_zeroinit)
    i._printf_core                           0x0800863c   Section        0  printf6.o(i._printf_core)
    _printf_core                             0x0800863d   Thumb Code   760  printf6.o(i._printf_core)
    i._printf_post_padding                   0x08008938   Section        0  printf6.o(i._printf_post_padding)
    _printf_post_padding                     0x08008939   Thumb Code    36  printf6.o(i._printf_post_padding)
    i._printf_pre_padding                    0x0800895c   Section        0  printf6.o(i._printf_pre_padding)
    _printf_pre_padding                      0x0800895d   Thumb Code    44  printf6.o(i._printf_pre_padding)
    i._sputc                                 0x08008988   Section        0  printf6.o(i._sputc)
    _sputc                                   0x08008989   Thumb Code    10  printf6.o(i._sputc)
    .constdata                               0x08008992   Section       96  pic.o(.constdata)
    .constdata                               0x080089f2   Section       96  pic.o(.constdata)
    .constdata                               0x08008a52   Section       96  pic.o(.constdata)
    .constdata                               0x08008ab2   Section       96  pic.o(.constdata)
    .constdata                               0x08008b12   Section       96  pic.o(.constdata)
    .constdata                               0x08008b72   Section       96  pic.o(.constdata)
    .constdata                               0x08008bd2   Section       96  pic.o(.constdata)
    .constdata                               0x08008c32   Section       96  pic.o(.constdata)
    .constdata                               0x08008c92   Section       96  pic.o(.constdata)
    .constdata                               0x08008cf2   Section       96  pic.o(.constdata)
    .constdata                               0x08008d52   Section     1120  pic.o(.constdata)
    .constdata                               0x080091b4   Section       16  sd_fs_app.o(.constdata)
    .constdata                               0x080091c4   Section     1536  lcd_app.o(.constdata)
    ascii_8x16                               0x080091c4   Data        1536  lcd_app.o(.constdata)
    .constdata                               0x080097c4   Section      228  ov7670.o(.constdata)
    .constdata                               0x080098a8   Section       13  ff.o(.constdata)
    LfnOfs                                   0x080098a8   Data          13  ff.o(.constdata)
    .constdata                               0x080098b6   Section    175304  cc936.o(.constdata)
    uni2oem                                  0x080098b6   Data       87172  cc936.o(.constdata)
    oem2uni                                  0x0801ed3a   Data       87172  cc936.o(.constdata)
    tbl_lower                                0x080341be   Data         480  cc936.o(.constdata)
    tbl_upper                                0x0803439e   Data         480  cc936.o(.constdata)
    .data                                    0x20000000   Section     1028  main.o(.data)
    .data                                    0x20000404   Section      524  sd_fs_app.o(.data)
    .data                                    0x20000610   Section       20  sdio_sdcard.o(.data)
    CardType                                 0x20000614   Data           4  sdio_sdcard.o(.data)
    RCA                                      0x20000618   Data           4  sdio_sdcard.o(.data)
    .data                                    0x20000624   Section        4  systick.o(.data)
    TimingDelay                              0x20000624   Data           4  systick.o(.data)
    .data                                    0x20000628   Section        4  lcd_app.o(.data)
    .data                                    0x2000062c   Section        1  sd_bmp.o(.data)
    .data                                    0x20000630   Section     1036  key_led_control.o(.data)
    i                                        0x20000630   Data           1  key_led_control.o(.data)
    .data                                    0x20000a3c   Section        1  ov7670.o(.data)
    .data                                    0x20000a3d   Section       20  stm32f10x_rcc.o(.data)
    ADCPrescTable                            0x20000a3d   Data           4  stm32f10x_rcc.o(.data)
    APBAHBPrescTable                         0x20000a41   Data          16  stm32f10x_rcc.o(.data)
    .data                                    0x20000a54   Section       20  system_stm32f10x.o(.data)
    .data                                    0x20000a68   Section        8  ff.o(.data)
    Fsid                                     0x20000a68   Data           2  ff.o(.data)
    FatFs                                    0x20000a6c   Data           4  ff.o(.data)
    .data                                    0x20000a70   Section        4  stdout.o(.data)
    .bss                                     0x20000a74   Section     2180  sd_fs_app.o(.bss)
    .bss                                     0x200012f8   Section      196  sdio_sdcard.o(.bss)
    CSD_Tab                                  0x200012f8   Data          16  sdio_sdcard.o(.bss)
    CID_Tab                                  0x20001308   Data          16  sdio_sdcard.o(.bss)
    SDSTATUS_Tab                             0x20001318   Data          16  sdio_sdcard.o(.bss)
    .bss                                     0x200013bc   Section     2868  sd_bmp.o(.bss)
    STACK                                    0x20001ef0   Section    53248  startup_stm32f10x_hd.o(STACK)

    Global Symbols

    Symbol Name                              Value     Ov Type        Size  Object(Section)

    BuildAttributes$$THM_ISAv4$P$D$K$B$S$PE$A:L22UL41UL21$X:L11$S22US41US21$IEEE1$IW$USESV6$~STKCKD$USESV7$~SHL$OTIME$ROPI$EBA8$MICROLIB$REQ8$PRES8$EABIv2 0x00000000   Number         0  anon$$obj.o ABSOLUTE
    __ARM_use_no_argv                        0x00000000   Number         0  main.o ABSOLUTE
    _printf_a                                0x00000000   Number         0  stubs.o ABSOLUTE
    _printf_c                                0x00000000   Number         0  stubs.o ABSOLUTE
    _printf_charcount                        0x00000000   Number         0  stubs.o ABSOLUTE
    _printf_d                                0x00000000   Number         0  stubs.o ABSOLUTE
    _printf_e                                0x00000000   Number         0  stubs.o ABSOLUTE
    _printf_f                                0x00000000   Number         0  stubs.o ABSOLUTE
    _printf_flags                            0x00000000   Number         0  stubs.o ABSOLUTE
    _printf_fp_dec                           0x00000000   Number         0  stubs.o ABSOLUTE
    _printf_fp_hex                           0x00000000   Number         0  stubs.o ABSOLUTE
    _printf_g                                0x00000000   Number         0  stubs.o ABSOLUTE
    _printf_i                                0x00000000   Number         0  stubs.o ABSOLUTE
    _printf_int_dec                          0x00000000   Number         0  stubs.o ABSOLUTE
    _printf_l                                0x00000000   Number         0  stubs.o ABSOLUTE
    _printf_lc                               0x00000000   Number         0  stubs.o ABSOLUTE
    _printf_ll                               0x00000000   Number         0  stubs.o ABSOLUTE
    _printf_lld                              0x00000000   Number         0  stubs.o ABSOLUTE
    _printf_lli                              0x00000000   Number         0  stubs.o ABSOLUTE
    _printf_llo                              0x00000000   Number         0  stubs.o ABSOLUTE
    _printf_llu                              0x00000000   Number         0  stubs.o ABSOLUTE
    _printf_llx                              0x00000000   Number         0  stubs.o ABSOLUTE
    _printf_longlong_dec                     0x00000000   Number         0  stubs.o ABSOLUTE
    _printf_longlong_hex                     0x00000000   Number         0  stubs.o ABSOLUTE
    _printf_longlong_oct                     0x00000000   Number         0  stubs.o ABSOLUTE
    _printf_ls                               0x00000000   Number         0  stubs.o ABSOLUTE
    _printf_mbtowc                           0x00000000   Number         0  stubs.o ABSOLUTE
    _printf_n                                0x00000000   Number         0  stubs.o ABSOLUTE
    _printf_o                                0x00000000   Number         0  stubs.o ABSOLUTE
    _printf_p                                0x00000000   Number         0  stubs.o ABSOLUTE
    _printf_percent                          0x00000000   Number         0  stubs.o ABSOLUTE
    _printf_pre_padding                      0x00000000   Number         0  stubs.o ABSOLUTE
    _printf_return_value                     0x00000000   Number         0  stubs.o ABSOLUTE
    _printf_s                                0x00000000   Number         0  stubs.o ABSOLUTE
    _printf_sizespec                         0x00000000   Number         0  stubs.o ABSOLUTE
    _printf_str                              0x00000000   Number         0  stubs.o ABSOLUTE
    _printf_truncate_signed                  0x00000000   Number         0  stubs.o ABSOLUTE
    _printf_truncate_unsigned                0x00000000   Number         0  stubs.o ABSOLUTE
    _printf_u                                0x00000000   Number         0  stubs.o ABSOLUTE
    _printf_wc                               0x00000000   Number         0  stubs.o ABSOLUTE
    _printf_wctomb                           0x00000000   Number         0  stubs.o ABSOLUTE
    _printf_widthprec                        0x00000000   Number         0  stubs.o ABSOLUTE
    _printf_x                                0x00000000   Number         0  stubs.o ABSOLUTE
    __Vectors_Size                           0x00000130   Number         0  startup_stm32f10x_hd.o ABSOLUTE
    __Vectors                                0x08000000   Data           4  startup_stm32f10x_hd.o(RESET)
    __Vectors_End                            0x08000130   Data           0  startup_stm32f10x_hd.o(RESET)
    __main                                   0x08000131   Thumb Code     0  entry.o(.ARM.Collect$$$$00000000)
    _main_stk                                0x08000131   Thumb Code     0  entry2.o(.ARM.Collect$$$$00000001)
    _main_scatterload                        0x08000135   Thumb Code     0  entry5.o(.ARM.Collect$$$$00000004)
    __main_after_scatterload                 0x08000139   Thumb Code     0  entry5.o(.ARM.Collect$$$$00000004)
    _main_init                               0x08000139   Thumb Code     0  entry7.o(.ARM.Collect$$$$00000007)
    Reset_Handler                            0x08000145   Thumb Code     8  startup_stm32f10x_hd.o(.text)
    ADC1_2_IRQHandler                        0x0800015f   Thumb Code     0  startup_stm32f10x_hd.o(.text)
    ADC3_IRQHandler                          0x0800015f   Thumb Code     0  startup_stm32f10x_hd.o(.text)
    CAN1_RX1_IRQHandler                      0x0800015f   Thumb Code     0  startup_stm32f10x_hd.o(.text)
    CAN1_SCE_IRQHandler                      0x0800015f   Thumb Code     0  startup_stm32f10x_hd.o(.text)
    DMA1_Channel1_IRQHandler                 0x0800015f   Thumb Code     0  startup_stm32f10x_hd.o(.text)
    DMA1_Channel2_IRQHandler                 0x0800015f   Thumb Code     0  startup_stm32f10x_hd.o(.text)
    DMA1_Channel3_IRQHandler                 0x0800015f   Thumb Code     0  startup_stm32f10x_hd.o(.text)
    DMA1_Channel4_IRQHandler                 0x0800015f   Thumb Code     0  startup_stm32f10x_hd.o(.text)
    DMA1_Channel5_IRQHandler                 0x0800015f   Thumb Code     0  startup_stm32f10x_hd.o(.text)
    DMA1_Channel6_IRQHandler                 0x0800015f   Thumb Code     0  startup_stm32f10x_hd.o(.text)
    DMA1_Channel7_IRQHandler                 0x0800015f   Thumb Code     0  startup_stm32f10x_hd.o(.text)
    DMA2_Channel1_IRQHandler                 0x0800015f   Thumb Code     0  startup_stm32f10x_hd.o(.text)
    DMA2_Channel2_IRQHandler                 0x0800015f   Thumb Code     0  startup_stm32f10x_hd.o(.text)
    DMA2_Channel3_IRQHandler                 0x0800015f   Thumb Code     0  startup_stm32f10x_hd.o(.text)
    DMA2_Channel4_5_IRQHandler               0x0800015f   Thumb Code     0  startup_stm32f10x_hd.o(.text)
    EXTI0_IRQHandler                         0x0800015f   Thumb Code     0  startup_stm32f10x_hd.o(.text)
    EXTI15_10_IRQHandler                     0x0800015f   Thumb Code     0  startup_stm32f10x_hd.o(.text)
    EXTI1_IRQHandler                         0x0800015f   Thumb Code     0  startup_stm32f10x_hd.o(.text)
    EXTI2_IRQHandler                         0x0800015f   Thumb Code     0  startup_stm32f10x_hd.o(.text)
    EXTI3_IRQHandler                         0x0800015f   Thumb Code     0  startup_stm32f10x_hd.o(.text)
    FLASH_IRQHandler                         0x0800015f   Thumb Code     0  startup_stm32f10x_hd.o(.text)
    FSMC_IRQHandler                          0x0800015f   Thumb Code     0  startup_stm32f10x_hd.o(.text)
    I2C1_ER_IRQHandler                       0x0800015f   Thumb Code     0  startup_stm32f10x_hd.o(.text)
    I2C1_EV_IRQHandler                       0x0800015f   Thumb Code     0  startup_stm32f10x_hd.o(.text)
    I2C2_ER_IRQHandler                       0x0800015f   Thumb Code     0  startup_stm32f10x_hd.o(.text)
    I2C2_EV_IRQHandler                       0x0800015f   Thumb Code     0  startup_stm32f10x_hd.o(.text)
    PVD_IRQHandler                           0x0800015f   Thumb Code     0  startup_stm32f10x_hd.o(.text)
    RCC_IRQHandler                           0x0800015f   Thumb Code     0  startup_stm32f10x_hd.o(.text)
    RTCAlarm_IRQHandler                      0x0800015f   Thumb Code     0  startup_stm32f10x_hd.o(.text)
    RTC_IRQHandler                           0x0800015f   Thumb Code     0  startup_stm32f10x_hd.o(.text)
    SPI1_IRQHandler                          0x0800015f   Thumb Code     0  startup_stm32f10x_hd.o(.text)
    SPI2_IRQHandler                          0x0800015f   Thumb Code     0  startup_stm32f10x_hd.o(.text)
    SPI3_IRQHandler                          0x0800015f   Thumb Code     0  startup_stm32f10x_hd.o(.text)
    TAMPER_IRQHandler                        0x0800015f   Thumb Code     0  startup_stm32f10x_hd.o(.text)
    TIM1_BRK_IRQHandler                      0x0800015f   Thumb Code     0  startup_stm32f10x_hd.o(.text)
    TIM1_CC_IRQHandler                       0x0800015f   Thumb Code     0  startup_stm32f10x_hd.o(.text)
    TIM1_TRG_COM_IRQHandler                  0x0800015f   Thumb Code     0  startup_stm32f10x_hd.o(.text)
    TIM1_UP_IRQHandler                       0x0800015f   Thumb Code     0  startup_stm32f10x_hd.o(.text)
    TIM2_IRQHandler                          0x0800015f   Thumb Code     0  startup_stm32f10x_hd.o(.text)
    TIM3_IRQHandler                          0x0800015f   Thumb Code     0  startup_stm32f10x_hd.o(.text)
    TIM4_IRQHandler                          0x0800015f   Thumb Code     0  startup_stm32f10x_hd.o(.text)
    TIM5_IRQHandler                          0x0800015f   Thumb Code     0  startup_stm32f10x_hd.o(.text)
    TIM6_IRQHandler                          0x0800015f   Thumb Code     0  startup_stm32f10x_hd.o(.text)
    TIM7_IRQHandler                          0x0800015f   Thumb Code     0  startup_stm32f10x_hd.o(.text)
    TIM8_BRK_IRQHandler                      0x0800015f   Thumb Code     0  startup_stm32f10x_hd.o(.text)
    TIM8_CC_IRQHandler                       0x0800015f   Thumb Code     0  startup_stm32f10x_hd.o(.text)
    TIM8_TRG_COM_IRQHandler                  0x0800015f   Thumb Code     0  startup_stm32f10x_hd.o(.text)
    TIM8_UP_IRQHandler                       0x0800015f   Thumb Code     0  startup_stm32f10x_hd.o(.text)
    UART4_IRQHandler                         0x0800015f   Thumb Code     0  startup_stm32f10x_hd.o(.text)
    UART5_IRQHandler                         0x0800015f   Thumb Code     0  startup_stm32f10x_hd.o(.text)
    USART1_IRQHandler                        0x0800015f   Thumb Code     0  startup_stm32f10x_hd.o(.text)
    USART2_IRQHandler                        0x0800015f   Thumb Code     0  startup_stm32f10x_hd.o(.text)
    USART3_IRQHandler                        0x0800015f   Thumb Code     0  startup_stm32f10x_hd.o(.text)
    USBWakeUp_IRQHandler                     0x0800015f   Thumb Code     0  startup_stm32f10x_hd.o(.text)
    USB_HP_CAN1_TX_IRQHandler                0x0800015f   Thumb Code     0  startup_stm32f10x_hd.o(.text)
    USB_LP_CAN1_RX0_IRQHandler               0x0800015f   Thumb Code     0  startup_stm32f10x_hd.o(.text)
    WWDG_IRQHandler                          0x0800015f   Thumb Code     0  startup_stm32f10x_hd.o(.text)
    LCD_WR_REG                               0x08000169   Thumb Code     8  lcd_botton.o(.text)
    LCD_WR_CMD                               0x08000171   Thumb Code    12  lcd_botton.o(.text)
    LCD_RD_data                              0x0800017d   Thumb Code     8  lcd_botton.o(.text)
    LCD_WR_Data                              0x08000185   Thumb Code     6  lcd_botton.o(.text)
    Set_direction                            0x0800018b   Thumb Code   156  lcd_botton.o(.text)
    FSMC_LCD_Init                            0x08000227   Thumb Code   222  lcd_botton.o(.text)
    LCD_Rst                                  0x08000305   Thumb Code    38  lcd_botton.o(.text)
    Camera_RCC_Configuration                 0x0800033d   Thumb Code    26  main.o(.text)
    Camera2LCD_reset                         0x08000357   Thumb Code    88  main.o(.text)
    Camera2LCD_prepare                       0x080003af   Thumb Code   160  main.o(.text)
    main                                     0x0800044f   Thumb Code   500  main.o(.text)
    pic_display                              0x08000643   Thumb Code   152  main.o(.text)
    Delay_ms                                 0x080006db   Thumb Code    10  main.o(.text)
    SDIO_NVIC_Configuration                  0x08000795   Thumb Code    40  sd_fs_app.o(.text)
    sd_fs_init                               0x080007bd   Thumb Code    50  sd_fs_app.o(.text)
    Sd_fs_test                               0x080007ef   Thumb Code   206  sd_fs_app.o(.text)
    Sdfs_new                                 0x080008bd   Thumb Code    80  sd_fs_app.o(.text)
    Sdfs_write                               0x0800090d   Thumb Code    80  sd_fs_app.o(.text)
    Sdfs_read                                0x0800095d   Thumb Code   160  sd_fs_app.o(.text)
    GetGBKCode_from_sd                       0x080009fd   Thumb Code    92  sd_fs_app.o(.text)
    ltk_delete_file_or_folder                0x08000a59   Thumb Code   102  sd_fs_app.o(.text)
    ltk_list_file                            0x08000abf   Thumb Code   190  sd_fs_app.o(.text)
    SD_DeInit                                0x08000d7d   Thumb Code    64  sdio_sdcard.o(.text)
    NVIC_Configuration                       0x08000dbd   Thumb Code    40  sdio_sdcard.o(.text)
    SD_EnableWideBusOperation                0x0800104d   Thumb Code   120  sdio_sdcard.o(.text)
    SD_SelectDeselect                        0x080010c5   Thumb Code    54  sdio_sdcard.o(.text)
    SD_GetCardInfo                           0x080010fb   Thumb Code   644  sdio_sdcard.o(.text)
    SD_InitializeCards                       0x0800137f   Thumb Code   452  sdio_sdcard.o(.text)
    SD_PowerON                               0x08001543   Thumb Code   508  sdio_sdcard.o(.text)
    SD_Init                                  0x0800173f   Thumb Code   192  sdio_sdcard.o(.text)
    SD_SendStatus                            0x080017ff   Thumb Code    46  sdio_sdcard.o(.text)
    SD_GetState                              0x0800182d   Thumb Code    48  sdio_sdcard.o(.text)
    SD_GetStatus                             0x0800185d   Thumb Code    64  sdio_sdcard.o(.text)
    SD_PowerOFF                              0x0800189d   Thumb Code    14  sdio_sdcard.o(.text)
    SD_SendSDStatus                          0x080018ab   Thumb Code   392  sdio_sdcard.o(.text)
    SD_GetCardStatus                         0x08001a33   Thumb Code   126  sdio_sdcard.o(.text)
    SD_ReadBlock                             0x08001ab1   Thumb Code   320  sdio_sdcard.o(.text)
    SD_ReadMultiBlocks                       0x08001bf1   Thumb Code   284  sdio_sdcard.o(.text)
    SD_WaitReadOperation                     0x08001d0d   Thumb Code    40  sdio_sdcard.o(.text)
    SD_WriteBlock                            0x08001d35   Thumb Code   262  sdio_sdcard.o(.text)
    SD_WriteMultiBlocks                      0x08001e3b   Thumb Code   436  sdio_sdcard.o(.text)
    SD_WaitWriteOperation                    0x08001fef   Thumb Code    50  sdio_sdcard.o(.text)
    SD_GetTransferState                      0x08002021   Thumb Code    14  sdio_sdcard.o(.text)
    SD_StopTransfer                          0x0800202f   Thumb Code    34  sdio_sdcard.o(.text)
    SD_Erase                                 0x08002051   Thumb Code   618  sdio_sdcard.o(.text)
    SD_ProcessIRQSrc                         0x080022bb   Thumb Code    78  sdio_sdcard.o(.text)
    convert_from_bytes_to_power_of_two       0x08002309   Thumb Code    20  sdio_sdcard.o(.text)
    NMI_Handler                              0x0800248d   Thumb Code     2  stm32f10x_it.o(.text)
    HardFault_Handler                        0x0800248f   Thumb Code     2  stm32f10x_it.o(.text)
    MemManage_Handler                        0x08002491   Thumb Code     2  stm32f10x_it.o(.text)
    BusFault_Handler                         0x08002493   Thumb Code     2  stm32f10x_it.o(.text)
    UsageFault_Handler                       0x08002495   Thumb Code     2  stm32f10x_it.o(.text)
    SVC_Handler                              0x08002497   Thumb Code     2  stm32f10x_it.o(.text)
    DebugMon_Handler                         0x08002499   Thumb Code     2  stm32f10x_it.o(.text)
    PendSV_Handler                           0x0800249b   Thumb Code     2  stm32f10x_it.o(.text)
    SysTick_Handler                          0x0800249d   Thumb Code     4  stm32f10x_it.o(.text)
    EXTI9_5_IRQHandler                       0x080024a1   Thumb Code    52  stm32f10x_it.o(.text)
    EXTI4_IRQHandler                         0x080024d5   Thumb Code    58  stm32f10x_it.o(.text)
    SDIO_IRQHandler                          0x0800250f   Thumb Code     4  stm32f10x_it.o(.text)
    SysTick_Init                             0x08002525   Thumb Code    26  systick.o(.text)
    Delay_us                                 0x0800253f   Thumb Code    12  systick.o(.text)
    TimingDelay_Decrement                    0x0800254b   Thumb Code    18  systick.o(.text)
    USART1_Config                            0x08002565   Thumb Code   116  usart1.o(.text)
    fputc                                    0x080025d9   Thumb Code    26  usart1.o(.text)
    USART1_printf                            0x080025f3   Thumb Code   320  usart1.o(.text)
    LCD_Init                                 0x08002741   Thumb Code   530  lcd_app.o(.text)
    LCD_clear                                0x08002953   Thumb Code   108  lcd_app.o(.text)
    LCD_WriteRAM_Prepare                     0x080029bf   Thumb Code    86  lcd_app.o(.text)
    LCD_WriteRAM                             0x08002a15   Thumb Code     6  lcd_app.o(.text)
    lcd_wr_zf                                0x08002a1b   Thumb Code   512  lcd_app.o(.text)
    num_pub                                  0x08002c1b   Thumb Code    58  lcd_app.o(.text)
    LCD_test                                 0x08002c55   Thumb Code   310  lcd_app.o(.text)
    lcd_SetCursor                            0x08002d8b   Thumb Code    30  lcd_app.o(.text)
    lcd_SetWindows                           0x08002da9   Thumb Code    48  lcd_app.o(.text)
    Lcd_SetBox                               0x08002dd9   Thumb Code    52  lcd_app.o(.text)
    lcd_ReadData                             0x08002e0d   Thumb Code    10  lcd_app.o(.text)
    lcd_GetPoint                             0x08002e17   Thumb Code    44  lcd_app.o(.text)
    lcd_SetPoint                             0x08002e43   Thumb Code    48  lcd_app.o(.text)
    lcd_PutChar                              0x08002e73   Thumb Code   122  lcd_app.o(.text)
    LCD_Str_O                                0x08002eed   Thumb Code   204  lcd_app.o(.text)
    LCD_Char_CH                              0x08002fb9   Thumb Code   208  lcd_app.o(.text)
    LCD_Str_CH                               0x08003089   Thumb Code   206  lcd_app.o(.text)
    LCD_Char_CH_O                            0x08003157   Thumb Code   126  lcd_app.o(.text)
    lcd_BGR2RGB                              0x080031d5   Thumb Code    18  lcd_app.o(.text)
    GUI_Color565                             0x080031ed   Thumb Code    24  lcd_gui.o(.text)
    GUI_Text                                 0x08003205   Thumb Code    62  lcd_gui.o(.text)
    GUI_Line                                 0x08003243   Thumb Code   686  lcd_gui.o(.text)
    GUI_Circle                               0x080034f1   Thumb Code   328  lcd_gui.o(.text)
    GUI_Rectangle                            0x08003639   Thumb Code   124  lcd_gui.o(.text)
    GUI_Square                               0x080036b5   Thumb Code   130  lcd_gui.o(.text)
    Delay                                    0x08003737   Thumb Code    10  lcd_gui.o(.text)
    showRgbQuan                              0x08003741   Thumb Code    20  sd_bmp.o(.text)
    Lcd_show_bmp                             0x08003755   Thumb Code   514  sd_bmp.o(.text)
    write_bmp                                0x08003957   Thumb Code  1022  sd_bmp.o(.text)
    write_bmp2                               0x08003d55   Thumb Code   392  sd_bmp.o(.text)
    write_bmp3                               0x08003edd   Thumb Code   476  sd_bmp.o(.text)
    Screen_shot                              0x080040b9   Thumb Code   502  sd_bmp.o(.text)
    Camera_shot                              0x080042af   Thumb Code   556  sd_bmp.o(.text)
    LED_GPIO_Config                          0x080044f9   Thumb Code    88  key_led_control.o(.text)
    EXTI_PA5_Config                          0x08004551   Thumb Code   104  key_led_control.o(.text)
    key_action                               0x080045b9   Thumb Code   148  key_led_control.o(.text)
    key_led_init                             0x0800464d   Thumb Code   192  key_led_control.o(.text)
    Delay_1                                  0x0800470d   Thumb Code    10  key_led_control.o(.text)
    FIFO_GPIO_Configuration                  0x08004775   Thumb Code   168  ov7670.o(.text)
    Camera_NVIC_Configuration                0x0800481d   Thumb Code    76  ov7670.o(.text)
    Sensor_Init                              0x08004869   Thumb Code   102  ov7670.o(.text)
    I2C_Configuration                        0x080048e1   Thumb Code    62  sccb.o(.text)
    I2C_IN                                   0x0800491f   Thumb Code    38  sccb.o(.text)
    I2C_OUT                                  0x08004945   Thumb Code    30  sccb.o(.text)
    I2C_WriteByte                            0x080049e3   Thumb Code   176  sccb.o(.text)
    I2C_ReadByte                             0x08004a93   Thumb Code   476  sccb.o(.text)
    NVIC_PriorityGroupConfig                 0x08004d01   Thumb Code    14  misc.o(.text)
    NVIC_Init                                0x08004d0f   Thumb Code   102  misc.o(.text)
    NVIC_SetVectorTable                      0x08004d75   Thumb Code    16  misc.o(.text)
    NVIC_SystemLPConfig                      0x08004d85   Thumb Code    18  misc.o(.text)
    SysTick_CLKSourceConfig                  0x08004d97   Thumb Code    22  misc.o(.text)
    DMA_DeInit                               0x08004dbd   Thumb Code   206  stm32f10x_dma.o(.text)
    DMA_Init                                 0x08004e8b   Thumb Code    82  stm32f10x_dma.o(.text)
    DMA_StructInit                           0x08004edd   Thumb Code    26  stm32f10x_dma.o(.text)
    DMA_Cmd                                  0x08004ef7   Thumb Code    20  stm32f10x_dma.o(.text)
    DMA_ITConfig                             0x08004f0b   Thumb Code    16  stm32f10x_dma.o(.text)
    DMA_SetCurrDataCounter                   0x08004f1b   Thumb Code     4  stm32f10x_dma.o(.text)
    DMA_GetCurrDataCounter                   0x08004f1f   Thumb Code     6  stm32f10x_dma.o(.text)
    DMA_GetFlagStatus                        0x08004f25   Thumb Code    24  stm32f10x_dma.o(.text)
    DMA_ClearFlag                            0x08004f3d   Thumb Code    16  stm32f10x_dma.o(.text)
    DMA_GetITStatus                          0x08004f4d   Thumb Code    24  stm32f10x_dma.o(.text)
    DMA_ClearITPendingBit                    0x08004f65   Thumb Code    16  stm32f10x_dma.o(.text)
    GPIO_DeInit                              0x08004fb1   Thumb Code   216  stm32f10x_gpio.o(.text)
    GPIO_AFIODeInit                          0x08005089   Thumb Code    22  stm32f10x_gpio.o(.text)
    GPIO_Init                                0x0800509f   Thumb Code   176  stm32f10x_gpio.o(.text)
    GPIO_StructInit                          0x0800514f   Thumb Code    16  stm32f10x_gpio.o(.text)
    GPIO_ReadInputDataBit                    0x0800515f   Thumb Code    14  stm32f10x_gpio.o(.text)
    GPIO_ReadInputData                       0x0800516d   Thumb Code     6  stm32f10x_gpio.o(.text)
    GPIO_ReadOutputDataBit                   0x08005173   Thumb Code    14  stm32f10x_gpio.o(.text)
    GPIO_ReadOutputData                      0x08005181   Thumb Code     6  stm32f10x_gpio.o(.text)
    GPIO_SetBits                             0x08005187   Thumb Code     4  stm32f10x_gpio.o(.text)
    GPIO_ResetBits                           0x0800518b   Thumb Code     4  stm32f10x_gpio.o(.text)
    GPIO_WriteBit                            0x0800518f   Thumb Code    10  stm32f10x_gpio.o(.text)
    GPIO_Write                               0x08005199   Thumb Code     4  stm32f10x_gpio.o(.text)
    GPIO_PinLockConfig                       0x0800519d   Thumb Code    16  stm32f10x_gpio.o(.text)
    GPIO_EventOutputConfig                   0x080051ad   Thumb Code    22  stm32f10x_gpio.o(.text)
    GPIO_EventOutputCmd                      0x080051c3   Thumb Code     6  stm32f10x_gpio.o(.text)
    GPIO_PinRemapConfig                      0x080051c9   Thumb Code   102  stm32f10x_gpio.o(.text)
    GPIO_EXTILineConfig                      0x0800522f   Thumb Code    40  stm32f10x_gpio.o(.text)
    GPIO_ETH_MediaInterfaceConfig            0x08005257   Thumb Code     6  stm32f10x_gpio.o(.text)
    RCC_DeInit                               0x08005269   Thumb Code    54  stm32f10x_rcc.o(.text)
    RCC_HSEConfig                            0x0800529f   Thumb Code    50  stm32f10x_rcc.o(.text)
    RCC_GetFlagStatus                        0x080052d1   Thumb Code    42  stm32f10x_rcc.o(.text)
    RCC_WaitForHSEStartUp                    0x080052fb   Thumb Code    40  stm32f10x_rcc.o(.text)
    RCC_AdjustHSICalibrationValue            0x08005323   Thumb Code    16  stm32f10x_rcc.o(.text)
    RCC_HSICmd                               0x08005333   Thumb Code     6  stm32f10x_rcc.o(.text)
    RCC_PLLConfig                            0x08005339   Thumb Code    16  stm32f10x_rcc.o(.text)
    RCC_PLLCmd                               0x08005349   Thumb Code     6  stm32f10x_rcc.o(.text)
    RCC_SYSCLKConfig                         0x0800534f   Thumb Code    14  stm32f10x_rcc.o(.text)
    RCC_GetSYSCLKSource                      0x0800535d   Thumb Code    10  stm32f10x_rcc.o(.text)
    RCC_HCLKConfig                           0x08005367   Thumb Code    14  stm32f10x_rcc.o(.text)
    RCC_PCLK1Config                          0x08005375   Thumb Code    14  stm32f10x_rcc.o(.text)
    RCC_PCLK2Config                          0x08005383   Thumb Code    16  stm32f10x_rcc.o(.text)
    RCC_ITConfig                             0x08005393   Thumb Code    18  stm32f10x_rcc.o(.text)
    RCC_USBCLKConfig                         0x080053a5   Thumb Code     6  stm32f10x_rcc.o(.text)
    RCC_ADCCLKConfig                         0x080053ab   Thumb Code    14  stm32f10x_rcc.o(.text)
    RCC_LSEConfig                            0x080053b9   Thumb Code    30  stm32f10x_rcc.o(.text)
    RCC_LSICmd                               0x080053d7   Thumb Code     6  stm32f10x_rcc.o(.text)
    RCC_RTCCLKConfig                         0x080053dd   Thumb Code    10  stm32f10x_rcc.o(.text)
    RCC_RTCCLKCmd                            0x080053e7   Thumb Code     6  stm32f10x_rcc.o(.text)
    RCC_GetClocksFreq                        0x080053ed   Thumb Code   154  stm32f10x_rcc.o(.text)
    RCC_AHBPeriphClockCmd                    0x08005487   Thumb Code    18  stm32f10x_rcc.o(.text)
    RCC_APB2PeriphClockCmd                   0x08005499   Thumb Code    18  stm32f10x_rcc.o(.text)
    RCC_APB1PeriphClockCmd                   0x080054ab   Thumb Code    18  stm32f10x_rcc.o(.text)
    RCC_APB2PeriphResetCmd                   0x080054bd   Thumb Code    18  stm32f10x_rcc.o(.text)
    RCC_APB1PeriphResetCmd                   0x080054cf   Thumb Code    18  stm32f10x_rcc.o(.text)
    RCC_BackupResetCmd                       0x080054e1   Thumb Code     6  stm32f10x_rcc.o(.text)
    RCC_ClockSecuritySystemCmd               0x080054e7   Thumb Code     6  stm32f10x_rcc.o(.text)
    RCC_MCOConfig                            0x080054ed   Thumb Code     6  stm32f10x_rcc.o(.text)
    RCC_ClearFlag                            0x080054f3   Thumb Code    12  stm32f10x_rcc.o(.text)
    RCC_GetITStatus                          0x080054ff   Thumb Code    16  stm32f10x_rcc.o(.text)
    RCC_ClearITPendingBit                    0x0800550f   Thumb Code     6  stm32f10x_rcc.o(.text)
    SDIO_DeInit                              0x08005541   Thumb Code    26  stm32f10x_sdio.o(.text)
    SDIO_Init                                0x0800555b   Thumb Code    58  stm32f10x_sdio.o(.text)
    SDIO_StructInit                          0x08005595   Thumb Code    16  stm32f10x_sdio.o(.text)
    SDIO_ClockCmd                            0x080055a5   Thumb Code     6  stm32f10x_sdio.o(.text)
    SDIO_SetPowerState                       0x080055ab   Thumb Code    18  stm32f10x_sdio.o(.text)
    SDIO_GetPowerState                       0x080055bd   Thumb Code    10  stm32f10x_sdio.o(.text)
    SDIO_ITConfig                            0x080055c7   Thumb Code    18  stm32f10x_sdio.o(.text)
    SDIO_DMACmd                              0x080055d9   Thumb Code     6  stm32f10x_sdio.o(.text)
    SDIO_SendCommand                         0x080055df   Thumb Code    36  stm32f10x_sdio.o(.text)
    SDIO_CmdStructInit                       0x08005603   Thumb Code    14  stm32f10x_sdio.o(.text)
    SDIO_GetCommandResponse                  0x08005611   Thumb Code     8  stm32f10x_sdio.o(.text)
    SDIO_GetResponse                         0x08005619   Thumb Code     6  stm32f10x_sdio.o(.text)
    SDIO_DataConfig                          0x0800561f   Thumb Code    40  stm32f10x_sdio.o(.text)
    SDIO_DataStructInit                      0x08005647   Thumb Code    20  stm32f10x_sdio.o(.text)
    SDIO_GetDataCounter                      0x0800565b   Thumb Code     6  stm32f10x_sdio.o(.text)
    SDIO_ReadData                            0x08005661   Thumb Code     6  stm32f10x_sdio.o(.text)
    SDIO_WriteData                           0x08005667   Thumb Code     6  stm32f10x_sdio.o(.text)
    SDIO_GetFIFOCount                        0x0800566d   Thumb Code     6  stm32f10x_sdio.o(.text)
    SDIO_StartSDIOReadWait                   0x08005673   Thumb Code     6  stm32f10x_sdio.o(.text)
    SDIO_StopSDIOReadWait                    0x08005679   Thumb Code     6  stm32f10x_sdio.o(.text)
    SDIO_SetSDIOReadWaitMode                 0x0800567f   Thumb Code     6  stm32f10x_sdio.o(.text)
    SDIO_SetSDIOOperation                    0x08005685   Thumb Code     6  stm32f10x_sdio.o(.text)
    SDIO_SendSDIOSuspendCmd                  0x0800568b   Thumb Code     6  stm32f10x_sdio.o(.text)
    SDIO_CommandCompletionCmd                0x08005691   Thumb Code     6  stm32f10x_sdio.o(.text)
    SDIO_CEATAITCmd                          0x08005697   Thumb Code    12  stm32f10x_sdio.o(.text)
    SDIO_SendCEATACmd                        0x080056a3   Thumb Code     6  stm32f10x_sdio.o(.text)
    SDIO_GetFlagStatus                       0x080056a9   Thumb Code    16  stm32f10x_sdio.o(.text)
    SDIO_ClearFlag                           0x080056b9   Thumb Code     6  stm32f10x_sdio.o(.text)
    SDIO_GetITStatus                         0x080056bf   Thumb Code    16  stm32f10x_sdio.o(.text)
    SDIO_ClearITPendingBit                   0x080056cf   Thumb Code     6  stm32f10x_sdio.o(.text)
    USART_DeInit                             0x0800570d   Thumb Code   164  stm32f10x_usart.o(.text)
    USART_Init                               0x080057b1   Thumb Code   174  stm32f10x_usart.o(.text)
    USART_StructInit                         0x0800585f   Thumb Code    22  stm32f10x_usart.o(.text)
    USART_ClockInit                          0x08005875   Thumb Code    36  stm32f10x_usart.o(.text)
    USART_ClockStructInit                    0x08005899   Thumb Code    12  stm32f10x_usart.o(.text)
    USART_Cmd                                0x080058a5   Thumb Code    18  stm32f10x_usart.o(.text)
    USART_ITConfig                           0x080058b7   Thumb Code    48  stm32f10x_usart.o(.text)
    USART_DMACmd                             0x080058e7   Thumb Code    16  stm32f10x_usart.o(.text)
    USART_SetAddress                         0x080058f7   Thumb Code    16  stm32f10x_usart.o(.text)
    USART_WakeUpConfig                       0x08005907   Thumb Code    16  stm32f10x_usart.o(.text)
    USART_ReceiverWakeUpCmd                  0x08005917   Thumb Code    18  stm32f10x_usart.o(.text)
    USART_LINBreakDetectLengthConfig         0x08005929   Thumb Code    16  stm32f10x_usart.o(.text)
    USART_LINCmd                             0x08005939   Thumb Code    18  stm32f10x_usart.o(.text)
    USART_SendData                           0x0800594b   Thumb Code     8  stm32f10x_usart.o(.text)
    USART_ReceiveData                        0x08005953   Thumb Code     8  stm32f10x_usart.o(.text)
    USART_SendBreak                          0x0800595b   Thumb Code    10  stm32f10x_usart.o(.text)
    USART_SetGuardTime                       0x08005965   Thumb Code    16  stm32f10x_usart.o(.text)
    USART_SetPrescaler                       0x08005975   Thumb Code    16  stm32f10x_usart.o(.text)
    USART_SmartCardCmd                       0x08005985   Thumb Code    18  stm32f10x_usart.o(.text)
    USART_SmartCardNACKCmd                   0x08005997   Thumb Code    18  stm32f10x_usart.o(.text)
    USART_HalfDuplexCmd                      0x080059a9   Thumb Code    18  stm32f10x_usart.o(.text)
    USART_OverSampling8Cmd                   0x080059bb   Thumb Code    18  stm32f10x_usart.o(.text)
    USART_OneBitMethodCmd                    0x080059cd   Thumb Code    18  stm32f10x_usart.o(.text)
    USART_IrDAConfig                         0x080059df   Thumb Code    16  stm32f10x_usart.o(.text)
    USART_IrDACmd                            0x080059ef   Thumb Code    18  stm32f10x_usart.o(.text)
    USART_GetFlagStatus                      0x08005a01   Thumb Code    14  stm32f10x_usart.o(.text)
    USART_ClearFlag                          0x08005a0f   Thumb Code     6  stm32f10x_usart.o(.text)
    USART_GetITStatus                        0x08005a15   Thumb Code    76  stm32f10x_usart.o(.text)
    USART_ClearITPendingBit                  0x08005a61   Thumb Code    14  stm32f10x_usart.o(.text)
    FSMC_NORSRAMDeInit                       0x08005a75   Thumb Code    36  stm32f10x_fsmc.o(.text)
    FSMC_NANDDeInit                          0x08005a99   Thumb Code    48  stm32f10x_fsmc.o(.text)
    FSMC_PCCARDDeInit                        0x08005ac9   Thumb Code    24  stm32f10x_fsmc.o(.text)
    FSMC_NORSRAMInit                         0x08005ae1   Thumb Code   214  stm32f10x_fsmc.o(.text)
    FSMC_NANDInit                            0x08005bb7   Thumb Code   122  stm32f10x_fsmc.o(.text)
    FSMC_PCCARDInit                          0x08005c31   Thumb Code   112  stm32f10x_fsmc.o(.text)
    FSMC_NORSRAMStructInit                   0x08005ca1   Thumb Code   128  stm32f10x_fsmc.o(.text)
    FSMC_NANDStructInit                      0x08005d21   Thumb Code    54  stm32f10x_fsmc.o(.text)
    FSMC_PCCARDStructInit                    0x08005d57   Thumb Code    60  stm32f10x_fsmc.o(.text)
    FSMC_NORSRAMCmd                          0x08005d93   Thumb Code    26  stm32f10x_fsmc.o(.text)
    FSMC_NANDCmd                             0x08005dad   Thumb Code    52  stm32f10x_fsmc.o(.text)
    FSMC_PCCARDCmd                           0x08005de1   Thumb Code    26  stm32f10x_fsmc.o(.text)
    FSMC_NANDECCCmd                          0x08005dfb   Thumb Code    50  stm32f10x_fsmc.o(.text)
    FSMC_GetECC                              0x08005e2d   Thumb Code    16  stm32f10x_fsmc.o(.text)
    FSMC_ITConfig                            0x08005e3d   Thumb Code    82  stm32f10x_fsmc.o(.text)
    FSMC_GetFlagStatus                       0x08005e8f   Thumb Code    54  stm32f10x_fsmc.o(.text)
    FSMC_ClearFlag                           0x08005ec5   Thumb Code    46  stm32f10x_fsmc.o(.text)
    FSMC_GetITStatus                         0x08005ef3   Thumb Code    44  stm32f10x_fsmc.o(.text)
    FSMC_ClearITPendingBit                   0x08005f1f   Thumb Code    52  stm32f10x_fsmc.o(.text)
    EXTI_DeInit                              0x08005f55   Thumb Code    26  stm32f10x_exti.o(.text)
    EXTI_Init                                0x08005f6f   Thumb Code   136  stm32f10x_exti.o(.text)
    EXTI_StructInit                          0x08005ff7   Thumb Code    14  stm32f10x_exti.o(.text)
    EXTI_GenerateSWInterrupt                 0x08006005   Thumb Code    10  stm32f10x_exti.o(.text)
    EXTI_GetFlagStatus                       0x0800600f   Thumb Code    16  stm32f10x_exti.o(.text)
    EXTI_ClearFlag                           0x0800601f   Thumb Code     6  stm32f10x_exti.o(.text)
    EXTI_GetITStatus                         0x08006025   Thumb Code    24  stm32f10x_exti.o(.text)
    EXTI_ClearITPendingBit                   0x0800603d   Thumb Code     6  stm32f10x_exti.o(.text)
    SystemInit                               0x08006059   Thumb Code   198  system_stm32f10x.o(.text)
    SystemCoreClockUpdate                    0x0800611f   Thumb Code    90  system_stm32f10x.o(.text)
    clust2sect                               0x08006315   Thumb Code    24  ff.o(.text)
    get_fat                                  0x0800632d   Thumb Code   192  ff.o(.text)
    put_fat                                  0x080063ed   Thumb Code   250  ff.o(.text)
    gen_numname                              0x08006743   Thumb Code   228  ff.o(.text)
    f_mount                                  0x0800720d   Thumb Code    32  ff.o(.text)
    f_open                                   0x0800722d   Thumb Code   316  ff.o(.text)
    f_read                                   0x08007369   Thumb Code   436  ff.o(.text)
    f_write                                  0x0800751d   Thumb Code   452  ff.o(.text)
    f_sync                                   0x080076e1   Thumb Code   202  ff.o(.text)
    f_close                                  0x080077ab   Thumb Code    18  ff.o(.text)
    f_lseek                                  0x080077bd   Thumb Code   398  ff.o(.text)
    f_opendir                                0x0800794b   Thumb Code    92  ff.o(.text)
    f_readdir                                0x080079a7   Thumb Code   122  ff.o(.text)
    f_stat                                   0x08007a21   Thumb Code    64  ff.o(.text)
    f_getfree                                0x08007a61   Thumb Code   212  ff.o(.text)
    f_truncate                               0x08007b35   Thumb Code   178  ff.o(.text)
    f_unlink                                 0x08007be7   Thumb Code   290  ff.o(.text)
    f_mkdir                                  0x08007d09   Thumb Code   442  ff.o(.text)
    f_chmod                                  0x08007ec3   Thumb Code    98  ff.o(.text)
    f_utime                                  0x08007f25   Thumb Code    96  ff.o(.text)
    f_rename                                 0x08007f85   Thumb Code   366  ff.o(.text)
    disk_initialize                          0x080083f9   Thumb Code    18  diskio.o(.text)
    disk_status                              0x0800840b   Thumb Code     4  diskio.o(.text)
    disk_read                                0x0800840f   Thumb Code    54  diskio.o(.text)
    disk_write                               0x08008445   Thumb Code    56  diskio.o(.text)
    disk_ioctl                               0x0800847d   Thumb Code     4  diskio.o(.text)
    get_fattime                              0x08008481   Thumb Code     4  diskio.o(.text)
    ff_convert                               0x08008485   Thumb Code    78  cc936.o(.text)
    ff_wtoupper                              0x080084d3   Thumb Code    32  cc936.o(.text)
    __aeabi_memset                           0x08008505   Thumb Code    14  memseta.o(.text)
    __aeabi_memset4                          0x08008505   Thumb Code     0  memseta.o(.text)
    __aeabi_memset8                          0x08008505   Thumb Code     0  memseta.o(.text)
    __aeabi_memclr                           0x08008513   Thumb Code     4  memseta.o(.text)
    __aeabi_memclr4                          0x08008513   Thumb Code     0  memseta.o(.text)
    __aeabi_memclr8                          0x08008513   Thumb Code     0  memseta.o(.text)
    _memset$wrapper                          0x08008517   Thumb Code    20  memseta.o(.text)
    __aeabi_uidiv                            0x0800852b   Thumb Code     0  uidiv.o(.text)
    __aeabi_uidivmod                         0x0800852b   Thumb Code    44  uidiv.o(.text)
    __scatterload                            0x08008559   Thumb Code    28  init.o(.text)
    __scatterload_rt2                        0x08008559   Thumb Code     0  init.o(.text)
    __decompress                             0x0800857d   Thumb Code     0  __dczerorl2.o(.text)
    __decompress1                            0x0800857d   Thumb Code    88  __dczerorl2.o(.text)
    __0printf$6                              0x080085d5   Thumb Code    22  printf6.o(i.__0printf$6)
    __1printf$6                              0x080085d5   Thumb Code     0  printf6.o(i.__0printf$6)
    __2printf                                0x080085d5   Thumb Code     0  printf6.o(i.__0printf$6)
    __0sprintf$6                             0x080085f5   Thumb Code    34  printf6.o(i.__0sprintf$6)
    __1sprintf$6                             0x080085f5   Thumb Code     0  printf6.o(i.__0sprintf$6)
    __2sprintf                               0x080085f5   Thumb Code     0  printf6.o(i.__0sprintf$6)
    __scatterload_copy                       0x0800861d   Thumb Code    14  handlers.o(i.__scatterload_copy)
    __scatterload_null                       0x0800862b   Thumb Code     2  handlers.o(i.__scatterload_null)
    __scatterload_zeroinit                   0x0800862d   Thumb Code    14  handlers.o(i.__scatterload_zeroinit)
    zm0                                      0x08008992   Data          96  pic.o(.constdata)
    zm1                                      0x080089f2   Data          96  pic.o(.constdata)
    zm2                                      0x08008a52   Data          96  pic.o(.constdata)
    zm3                                      0x08008ab2   Data          96  pic.o(.constdata)
    zm4                                      0x08008b12   Data          96  pic.o(.constdata)
    zm5                                      0x08008b72   Data          96  pic.o(.constdata)
    zm6                                      0x08008bd2   Data          96  pic.o(.constdata)
    zm7                                      0x08008c32   Data          96  pic.o(.constdata)
    zm8                                      0x08008c92   Data          96  pic.o(.constdata)
    zm9                                      0x08008cf2   Data          96  pic.o(.constdata)
    zf3                                      0x08008d52   Data        1120  pic.o(.constdata)
    OV7670_Reg                               0x080097c4   Data         228  ov7670.o(.constdata)
    Region$$Table$$Base                      0x08034580   Number         0  anon$$obj.o(Region$$Table)
    Region$$Table$$Limit                     0x080345a0   Number         0  anon$$obj.o(Region$$Table)
    TimingDelay                              0x20000000   Data           4  main.o(.data)
    str2                                     0x20000004   Data         512  main.o(.data)
    str3                                     0x20000204   Data         512  main.o(.data)
    myres                                    0x20000404   Data           1  sd_fs_app.o(.data)
    mya                                      0x20000408   Data           4  sd_fs_app.o(.data)
    mybr                                     0x2000040c   Data           4  sd_fs_app.o(.data)
    mystring                                 0x20000410   Data         512  sd_fs_app.o(.data)
    TransferError                            0x20000610   Data           1  sdio_sdcard.o(.data)
    StopCondition                            0x2000061c   Data           4  sdio_sdcard.o(.data)
    TransferEnd                              0x20000620   Data           4  sdio_sdcard.o(.data)
    color1                                   0x20000628   Data           4  lcd_app.o(.data)
    bmpres                                   0x2000062c   Data           1  sd_bmp.o(.data)
    point                                    0x20000634   Data           4  key_led_control.o(.data)
    point_2                                  0x20000638   Data           4  key_led_control.o(.data)
    pic_shoot_name                           0x2000063c   Data         512  key_led_control.o(.data)
    pic_shoot_name_2                         0x2000083c   Data         512  key_led_control.o(.data)
    Vsync                                    0x20000a3c   Data           1  ov7670.o(.data)
    SystemCoreClock                          0x20000a54   Data           4  system_stm32f10x.o(.data)
    AHBPrescTable                            0x20000a58   Data          16  system_stm32f10x.o(.data)
    __stdout                                 0x20000a70   Data           4  stdout.o(.data)
    myfs                                     0x20000a74   Data        1120  sd_fs_app.o(.bss)
    myfsrc                                   0x20000ed4   Data         548  sd_fs_app.o(.bss)
    mybuffer                                 0x200010f8   Data         512  sd_fs_app.o(.bss)
    SDCardInfo                               0x20001328   Data          80  sdio_sdcard.o(.bss)
    SDIO_InitStructure                       0x20001378   Data          24  sdio_sdcard.o(.bss)
    SDIO_CmdInitStructure                    0x20001390   Data          20  sdio_sdcard.o(.bss)
    SDIO_DataInitStructure                   0x200013a4   Data          24  sdio_sdcard.o(.bss)
    pColorData                               0x200013bc   Data        1200  sd_bmp.o(.bss)
    bmpfs                                    0x2000186c   Data        1120  sd_bmp.o(.bss)
    bmpfsrc                                  0x20001ccc   Data         548  sd_bmp.o(.bss)
    __initial_sp                             0x2000eef0   Data           0  startup_stm32f10x_hd.o(STACK)



==============================================================================

Memory Map of the image

  Image Entry point : 0x08000131

  Load Region LR_IROM1 (Base: 0x08000000, Size: 0x00035014, Max: 0x00080000, ABSOLUTE, COMPRESSED[0x00034650])

    Execution Region ER_IROM1 (Base: 0x08000000, Size: 0x000345a0, Max: 0x00080000, ABSOLUTE)

    Base Addr    Size         Type   Attr      Idx    E Section Name        Object

    0x08000000   0x00000130   Data   RO            3    RESET               startup_stm32f10x_hd.o
    0x08000130   0x00000000   Code   RO          849  * .ARM.Collect$$$$00000000  mc_w.l(entry.o)
    0x08000130   0x00000004   Code   RO         1115    .ARM.Collect$$$$00000001  mc_w.l(entry2.o)
    0x08000134   0x00000004   Code   RO         1118    .ARM.Collect$$$$00000004  mc_w.l(entry5.o)
    0x08000138   0x00000008   Code   RO         1119    .ARM.Collect$$$$00000007  mc_w.l(entry7.o)
    0x08000140   0x00000004   Code   RO         1116    .ARM.Collect$$$$00002712  mc_w.l(entry2.o)
    0x08000144   0x00000024   Code   RO            4    .text               startup_stm32f10x_hd.o
    0x08000168   0x000001d4   Code   RO           10    .text               lcd_botton.o
    0x0800033c   0x00000458   Code   RO           77    .text               main.o
    0x08000794   0x000005e8   Code   RO          210    .text               sd_fs_app.o
    0x08000d7c   0x00001710   Code   RO          245    .text               sdio_sdcard.o
    0x0800248c   0x00000098   Code   RO          268    .text               stm32f10x_it.o
    0x08002524   0x00000040   Code   RO          332    .text               systick.o
    0x08002564   0x000001dc   Code   RO          353    .text               usart1.o
    0x08002740   0x00000aac   Code   RO          413    .text               lcd_app.o
    0x080031ec   0x00000554   Code   RO          451    .text               lcd_gui.o
    0x08003740   0x00000db8   Code   RO          465    .text               sd_bmp.o
    0x080044f8   0x0000027c   Code   RO          553    .text               key_led_control.o
    0x08004774   0x0000016c   Code   RO          618    .text               ov7670.o
    0x080048e0   0x00000420   Code   RO          640    .text               sccb.o
    0x08004d00   0x000000bc   Code   RO          656    .text               misc.o
    0x08004dbc   0x000001f4   Code   RO          668    .text               stm32f10x_dma.o
    0x08004fb0   0x000002b8   Code   RO          680    .text               stm32f10x_gpio.o
    0x08005268   0x000002d8   Code   RO          692    .text               stm32f10x_rcc.o
    0x08005540   0x000001cc   Code   RO          707    .text               stm32f10x_sdio.o
    0x0800570c   0x00000368   Code   RO          719    .text               stm32f10x_usart.o
    0x08005a74   0x000004de   Code   RO          731    .text               stm32f10x_fsmc.o
    0x08005f52   0x00000002   PAD
    0x08005f54   0x00000104   Code   RO          743    .text               stm32f10x_exti.o
    0x08006058   0x00000140   Code   RO          777    .text               system_stm32f10x.o
    0x08006198   0x00002260   Code   RO          795    .text               ff.o
    0x080083f8   0x0000008c   Code   RO          811    .text               diskio.o
    0x08008484   0x00000080   Code   RO          826    .text               cc936.o
    0x08008504   0x00000026   Code   RO          852    .text               mc_w.l(memseta.o)
    0x0800852a   0x0000002c   Code   RO         1121    .text               mc_w.l(uidiv.o)
    0x08008556   0x00000002   PAD
    0x08008558   0x00000024   Code   RO         1136    .text               mc_w.l(init.o)
    0x0800857c   0x00000058   Code   RO         1152    .text               mc_w.l(__dczerorl2.o)
    0x080085d4   0x00000020   Code   RO         1009    i.__0printf$6       mc_w.l(printf6.o)
    0x080085f4   0x00000028   Code   RO         1011    i.__0sprintf$6      mc_w.l(printf6.o)
    0x0800861c   0x0000000e   Code   RO         1146    i.__scatterload_copy  mc_w.l(handlers.o)
    0x0800862a   0x00000002   Code   RO         1147    i.__scatterload_null  mc_w.l(handlers.o)
    0x0800862c   0x0000000e   Code   RO         1148    i.__scatterload_zeroinit  mc_w.l(handlers.o)
    0x0800863a   0x00000002   PAD
    0x0800863c   0x000002fc   Code   RO         1016    i._printf_core      mc_w.l(printf6.o)
    0x08008938   0x00000024   Code   RO         1017    i._printf_post_padding  mc_w.l(printf6.o)
    0x0800895c   0x0000002c   Code   RO         1018    i._printf_pre_padding  mc_w.l(printf6.o)
    0x08008988   0x0000000a   Code   RO         1020    i._sputc            mc_w.l(printf6.o)
    0x08008992   0x00000060   Data   RO          192    .constdata          pic.o
    0x080089f2   0x00000060   Data   RO          193    .constdata          pic.o
    0x08008a52   0x00000060   Data   RO          194    .constdata          pic.o
    0x08008ab2   0x00000060   Data   RO          195    .constdata          pic.o
    0x08008b12   0x00000060   Data   RO          196    .constdata          pic.o
    0x08008b72   0x00000060   Data   RO          197    .constdata          pic.o
    0x08008bd2   0x00000060   Data   RO          198    .constdata          pic.o
    0x08008c32   0x00000060   Data   RO          199    .constdata          pic.o
    0x08008c92   0x00000060   Data   RO          200    .constdata          pic.o
    0x08008cf2   0x00000060   Data   RO          201    .constdata          pic.o
    0x08008d52   0x00000460   Data   RO          202    .constdata          pic.o
    0x080091b2   0x00000002   PAD
    0x080091b4   0x00000010   Data   RO          214    .constdata          sd_fs_app.o
    0x080091c4   0x00000600   Data   RO          414    .constdata          lcd_app.o
    0x080097c4   0x000000e4   Data   RO          619    .constdata          ov7670.o
    0x080098a8   0x0000000d   Data   RO          796    .constdata          ff.o
    0x080098b5   0x00000001   PAD
    0x080098b6   0x0002acc8   Data   RO          827    .constdata          cc936.o
    0x0803457e   0x00000002   PAD
    0x08034580   0x00000020   Data   RO         1144    Region$$Table       anon$$obj.o


    Execution Region RW_IRAM1 (Base: 0x20000000, Size: 0x0000eef0, Max: 0x00010000, ABSOLUTE, COMPRESSED[0x000000b0])

    Base Addr    Size         Type   Attr      Idx    E Section Name        Object

    0x20000000   0x00000404   Data   RW           79    .data               main.o
    0x20000404   0x0000020c   Data   RW          215    .data               sd_fs_app.o
    0x20000610   0x00000014   Data   RW          247    .data               sdio_sdcard.o
    0x20000624   0x00000004   Data   RW          333    .data               systick.o
    0x20000628   0x00000004   Data   RW          416    .data               lcd_app.o
    0x2000062c   0x00000001   Data   RW          469    .data               sd_bmp.o
    0x2000062d   0x00000003   PAD
    0x20000630   0x0000040c   Data   RW          559    .data               key_led_control.o
    0x20000a3c   0x00000001   Data   RW          620    .data               ov7670.o
    0x20000a3d   0x00000014   Data   RW          693    .data               stm32f10x_rcc.o
    0x20000a51   0x00000003   PAD
    0x20000a54   0x00000014   Data   RW          778    .data               system_stm32f10x.o
    0x20000a68   0x00000008   Data   RW          797    .data               ff.o
    0x20000a70   0x00000004   Data   RW         1120    .data               mc_w.l(stdout.o)
    0x20000a74   0x00000884   Zero   RW          211    .bss                sd_fs_app.o
    0x200012f8   0x000000c4   Zero   RW          246    .bss                sdio_sdcard.o
    0x200013bc   0x00000b34   Zero   RW          466    .bss                sd_bmp.o
    0x20001ef0   0x0000d000   Zero   RW            1    STACK               startup_stm32f10x_hd.o


==============================================================================

Image component sizes


      Code (inc. data)   RO Data    RW Data    ZI Data      Debug   Object Name

       128         18     175304          0          0       2213   cc936.o
       140          0          0          0          0       7914   diskio.o
      8800         52         13          8          0      31202   ff.o
       636         94          0       1036          0     217903   key_led_control.o
      2732        106       1536          4          0      13613   lcd_app.o
       468         18          0          0          0     263858   lcd_botton.o
      1364          4          0          0          0       5047   lcd_gui.o
      1112        176          0       1028          0     218496   main.o
       188         16          0          0          0       1853   misc.o
       364         18        228          1          0       2015   ov7670.o
         0          0       2080          0          0        780   pic.o
      1056         18          0          0          0       5724   sccb.o
      3512        694          0          1       2868      14539   sd_bmp.o
      1512        512         16        524       2180       7410   sd_fs_app.o
      5904        196          0         20        196      26117   sdio_sdcard.o
        36          8        304          0      53248        804   startup_stm32f10x_hd.o
       500         60          0          0          0       4554   stm32f10x_dma.o
       260         22          0          0          0       2255   stm32f10x_exti.o
      1246         16          0          0          0       5723   stm32f10x_fsmc.o
       696         12          0          0          0       5889   stm32f10x_gpio.o
       152         18          0          0          0       1694   stm32f10x_it.o
       728         44          0         20          0       8978   stm32f10x_rcc.o
       460         56          0          0          0       7036   stm32f10x_sdio.o
       872          6          0          0          0       8548   stm32f10x_usart.o
       320         32          0         20          0       1703   system_stm32f10x.o
        64          8          0          4          0      16301   systick.o
       476         14          0          0          0     221172   usart1.o

    ----------------------------------------------------------------------
     33728       2218     179518       2672      58492    1103341   Object Totals
         0          0         32          0          0          0   (incl. Generated)
         2          0          5          6          0          0   (incl. Padding)

    ----------------------------------------------------------------------

      Code (inc. data)   RO Data    RW Data    ZI Data      Debug   Library Member Name

        88          0          0          0          0          0   __dczerorl2.o
         0          0          0          0          0          0   entry.o
         8          4          0          0          0          0   entry2.o
         4          0          0          0          0          0   entry5.o
         8          4          0          0          0          0   entry7.o
        30          0          0          0          0          0   handlers.o
        36          8          0          0          0         68   init.o
        38          0          0          0          0        108   memseta.o
       926         20          0          0          0        496   printf6.o
         0          0          0          4          0          0   stdout.o
        44          0          0          0          0         76   uidiv.o

    ----------------------------------------------------------------------
      1186         36          0          4          0        748   Library Totals
         4          0          0          0          0          0   (incl. Padding)

    ----------------------------------------------------------------------

      Code (inc. data)   RO Data    RW Data    ZI Data      Debug   Library Name

      1182         36          0          4          0        748   mc_w.l

    ----------------------------------------------------------------------
      1186         36          0          4          0        748   Library Totals

    ----------------------------------------------------------------------

==============================================================================


      Code (inc. data)   RO Data    RW Data    ZI Data      Debug   

     34914       2254     179518       2676      58492    1100461   Grand Totals
     34914       2254     179518        176      58492    1100461   ELF Image Totals (compressed)
     34914       2254     179518        176          0          0   ROM Totals

==============================================================================

    Total RO  Size (Code + RO Data)               214432 ( 209.41kB)
    Total RW  Size (RW Data + ZI Data)             61168 (  59.73kB)
    Total ROM Size (Code + RO Data + RW Data)     214608 ( 209.58kB)

==============================================================================

